2023-09-30 22:14:19 INFO  LogerClass:26 - login with valid crendetial
2023-09-30 22:14:19 INFO  LogerClass:28 - validate homepage current url 
2023-09-30 22:14:19 INFO  LogerClass:26 - login with valid crendetial
2023-09-30 22:14:19 INFO  LogerClass:28 - validate homepage current url 
2023-09-30 22:14:19 INFO  LogerClass:26 - login with valid crendetial
2023-09-30 22:14:19 INFO  LogerClass:28 - validate homepage current url 
2023-09-30 22:14:19 INFO  LogerClass:26 - login with valid crendetial
2023-09-30 22:14:19 INFO  LogerClass:28 - validate homepage current url 
2023-09-30 22:14:19 INFO  LogerClass:26 - login with valid crendetial
2023-09-30 22:14:19 INFO  LogerClass:28 - validate homepage current url 
2023-09-30 22:14:19 INFO  LogerClass:26 - login with valid crendetial
2023-09-30 22:14:19 INFO  LogerClass:28 - validate homepage current url 
2023-09-30 22:14:19 INFO  LogerClass:26 - login with valid crendetial
2023-09-30 22:14:20 INFO  LogerClass:28 - validate homepage current url 
2023-09-30 22:14:20 INFO  LogerClass:26 - login with valid crendetial
2023-09-30 22:14:20 INFO  LogerClass:28 - validate homepage current url 
2023-09-30 22:14:20 INFO  LogerClass:26 - login with valid crendetial
2023-09-30 22:14:20 INFO  LogerClass:28 - validate homepage current url 
2023-09-30 22:14:20 INFO  LogerClass:26 - login with valid crendetial
2023-09-30 22:14:20 INFO  LogerClass:28 - validate homepage current url 
2023-09-30 22:14:20 INFO  LogerClass:26 - login with valid crendetial
2023-09-30 22:14:20 INFO  LogerClass:28 - validate homepage current url 
2023-09-30 22:14:20 INFO  LogerClass:26 - login with valid crendetial
2023-09-30 22:14:20 INFO  LogerClass:28 - validate homepage current url 
2023-09-30 22:14:20 INFO  LogerClass:26 - login with valid crendetial
2023-09-30 22:14:20 INFO  LogerClass:28 - validate homepage current url 
2023-09-30 22:14:20 INFO  LogerClass:26 - login with valid crendetial
2023-09-30 22:14:20 INFO  LogerClass:28 - validate homepage current url 
2023-09-30 22:14:20 INFO  LogerClass:26 - login with valid crendetial
2023-09-30 22:14:20 INFO  LogerClass:28 - validate homepage current url 
2023-09-30 22:14:20 INFO  LogerClass:26 - login with valid crendetial
2023-09-30 22:14:20 INFO  LogerClass:28 - validate homepage current url 
2023-09-30 22:14:20 INFO  LogerClass:26 - login with valid crendetial
2023-09-30 22:14:20 INFO  LogerClass:28 - validate homepage current url 
2023-09-30 22:14:20 INFO  LogerClass:26 - login with valid crendetial
2023-09-30 22:14:20 INFO  LogerClass:28 - validate homepage current url 
2023-09-30 22:14:20 INFO  LogerClass:26 - login with valid crendetial
2023-09-30 22:14:20 INFO  LogerClass:28 - validate homepage current url 
2023-09-30 22:14:20 INFO  LogerClass:26 - login with valid crendetial
2023-09-30 22:14:20 INFO  LogerClass:28 - validate homepage current url 
2023-09-30 22:14:20 INFO  LogerClass:26 - login with valid crendetial
2023-09-30 22:14:20 INFO  LogerClass:28 - validate homepage current url 
2023-09-30 22:14:20 INFO  LogerClass:26 - login with valid crendetial
2023-09-30 22:14:20 INFO  LogerClass:28 - validate homepage current url 
2023-09-30 22:14:20 INFO  LogerClass:26 - login with valid crendetial
2023-09-30 22:14:20 INFO  LogerClass:28 - validate homepage current url 
2023-09-30 22:14:20 INFO  LogerClass:26 - login with valid crendetial
2023-09-30 22:14:20 INFO  LogerClass:28 - validate homepage current url 
2023-09-30 22:14:20 INFO  LogerClass:26 - login with valid crendetial
2023-09-30 22:14:20 INFO  LogerClass:28 - validate homepage current url 
2023-09-30 22:14:20 INFO  LogerClass:26 - login with valid crendetial
2023-09-30 22:14:20 INFO  LogerClass:28 - validate homepage current url 
2023-09-30 22:14:20 INFO  LogerClass:26 - login with valid crendetial
2023-09-30 22:14:20 INFO  LogerClass:28 - validate homepage current url 
2023-09-30 22:14:20 INFO  LogerClass:26 - login with valid crendetial
2023-09-30 22:14:20 INFO  LogerClass:28 - validate homepage current url 
2023-09-30 22:14:20 INFO  LogerClass:26 - login with valid crendetial
2023-09-30 22:14:20 INFO  LogerClass:28 - validate homepage current url 
2023-09-30 22:14:20 INFO  LogerClass:26 - login with valid crendetial
2023-09-30 22:14:20 INFO  LogerClass:28 - validate homepage current url 
2023-09-30 22:14:20 INFO  LogerClass:26 - login with valid crendetial
2023-09-30 22:14:20 INFO  LogerClass:28 - validate homepage current url 
2023-09-30 22:14:20 INFO  LogerClass:26 - login with valid crendetial
2023-09-30 22:14:20 INFO  LogerClass:28 - validate homepage current url 
2023-09-30 22:14:20 INFO  LogerClass:26 - login with valid crendetial
2023-09-30 22:14:20 INFO  LogerClass:28 - validate homepage current url 
2023-09-30 22:14:20 INFO  LogerClass:26 - login with valid crendetial
2023-09-30 22:14:20 INFO  LogerClass:28 - validate homepage current url 
2023-09-30 22:14:20 INFO  LogerClass:26 - login with valid crendetial
2023-09-30 22:14:20 INFO  LogerClass:28 - validate homepage current url 
2023-09-30 22:14:20 INFO  LogerClass:26 - login with valid crendetial
2023-09-30 22:14:20 INFO  LogerClass:28 - validate homepage current url 
2023-09-30 22:14:20 INFO  LogerClass:26 - login with valid crendetial
2023-09-30 22:14:20 INFO  LogerClass:28 - validate homepage current url 
2023-09-30 22:14:20 INFO  LogerClass:26 - login with valid crendetial
2023-09-30 22:14:20 INFO  LogerClass:28 - validate homepage current url 
2023-09-30 22:14:20 INFO  LogerClass:26 - login with valid crendetial
2023-09-30 22:14:20 INFO  LogerClass:28 - validate homepage current url 
2023-09-30 22:14:20 INFO  LogerClass:26 - login with valid crendetial
2023-09-30 22:14:20 INFO  LogerClass:28 - validate homepage current url 
2023-09-30 22:14:20 INFO  LogerClass:26 - login with valid crendetial
2023-09-30 22:14:20 INFO  LogerClass:28 - validate homepage current url 
2023-09-30 22:14:20 INFO  LogerClass:26 - login with valid crendetial
2023-09-30 22:14:20 INFO  LogerClass:28 - validate homepage current url 
2023-09-30 22:14:20 INFO  LogerClass:26 - login with valid crendetial
2023-09-30 22:14:20 INFO  LogerClass:28 - validate homepage current url 
2023-09-30 22:14:20 INFO  LogerClass:26 - login with valid crendetial
2023-09-30 22:14:20 INFO  LogerClass:28 - validate homepage current url 
2023-09-30 22:14:20 INFO  LogerClass:26 - login with valid crendetial
2023-09-30 22:14:20 INFO  LogerClass:28 - validate homepage current url 
2023-09-30 22:14:20 INFO  LogerClass:26 - login with valid crendetial
2023-09-30 22:14:20 INFO  LogerClass:28 - validate homepage current url 
2023-09-30 22:14:20 INFO  LogerClass:26 - login with valid crendetial
2023-09-30 22:14:20 INFO  LogerClass:28 - validate homepage current url 
2023-09-30 22:14:20 INFO  LogerClass:26 - login with valid crendetial
2023-09-30 22:14:20 INFO  LogerClass:28 - validate homepage current url 
2023-09-30 22:14:20 INFO  LogerClass:26 - login with valid crendetial
2023-09-30 22:14:20 INFO  LogerClass:28 - validate homepage current url 
2023-09-30 22:14:20 INFO  LogerClass:26 - login with valid crendetial
2023-09-30 22:14:20 INFO  LogerClass:28 - validate homepage current url 
2023-09-30 22:14:20 INFO  LogerClass:26 - login with valid crendetial
2023-09-30 22:14:20 INFO  LogerClass:28 - validate homepage current url 
2023-09-30 22:14:20 INFO  LogerClass:26 - login with valid crendetial
2023-09-30 22:14:20 INFO  LogerClass:28 - validate homepage current url 
2023-09-30 22:14:20 INFO  LogerClass:26 - login with valid crendetial
2023-09-30 22:14:20 INFO  LogerClass:28 - validate homepage current url 
2023-09-30 22:14:20 INFO  LogerClass:26 - login with valid crendetial
2023-09-30 22:14:20 INFO  LogerClass:28 - validate homepage current url 
2023-09-30 22:14:20 INFO  LogerClass:26 - login with valid crendetial
2023-09-30 22:14:20 INFO  LogerClass:28 - validate homepage current url 
2023-09-30 22:14:20 INFO  LogerClass:26 - login with valid crendetial
2023-09-30 22:14:20 INFO  LogerClass:28 - validate homepage current url 
2023-09-30 22:14:20 INFO  LogerClass:26 - login with valid crendetial
2023-09-30 22:14:20 INFO  LogerClass:28 - validate homepage current url 
2023-09-30 22:14:23 INFO  LogerClass:26 - login with valid crendetial
2023-09-30 22:14:23 INFO  LogerClass:28 - validate homepage current url 
2023-09-30 22:14:23 INFO  LogerClass:26 - login with valid crendetial
2023-09-30 22:14:23 INFO  LogerClass:28 - validate homepage current url 
2023-09-30 22:14:23 INFO  LogerClass:26 - login with valid crendetial
2023-09-30 22:14:23 INFO  LogerClass:28 - validate homepage current url 
2023-09-30 22:14:23 INFO  LogerClass:26 - login with valid crendetial
2023-09-30 22:14:23 INFO  LogerClass:28 - validate homepage current url 
2023-09-30 22:14:23 INFO  LogerClass:26 - login with valid crendetial
2023-09-30 22:14:23 INFO  LogerClass:28 - validate homepage current url 
2023-09-30 22:14:23 INFO  LogerClass:26 - login with valid crendetial
2023-09-30 22:14:23 INFO  LogerClass:28 - validate homepage current url 
2023-09-30 22:14:23 INFO  LogerClass:26 - login with valid crendetial
2023-09-30 22:14:23 INFO  LogerClass:28 - validate homepage current url 
2023-09-30 22:14:23 INFO  LogerClass:26 - login with valid crendetial
2023-09-30 22:14:23 INFO  LogerClass:28 - validate homepage current url 
2023-09-30 22:14:23 INFO  LogerClass:26 - login with valid crendetial
2023-09-30 22:14:23 INFO  LogerClass:28 - validate homepage current url 
2023-09-30 22:14:23 INFO  LogerClass:26 - login with valid crendetial
2023-09-30 22:14:23 INFO  LogerClass:28 - validate homepage current url 
2023-09-30 22:14:23 INFO  LogerClass:26 - login with valid crendetial
2023-09-30 22:14:23 INFO  LogerClass:28 - validate homepage current url 
2023-09-30 22:14:23 INFO  LogerClass:26 - login with valid crendetial
2023-09-30 22:14:23 INFO  LogerClass:28 - validate homepage current url 
2023-09-30 22:14:23 INFO  LogerClass:26 - login with valid crendetial
2023-09-30 22:14:23 INFO  LogerClass:28 - validate homepage current url 
2023-09-30 22:14:23 INFO  LogerClass:26 - login with valid crendetial
2023-09-30 22:14:23 INFO  LogerClass:28 - validate homepage current url 
2023-09-30 22:14:23 INFO  LogerClass:26 - login with valid crendetial
2023-09-30 22:14:23 INFO  LogerClass:28 - validate homepage current url 
2023-09-30 22:14:23 INFO  LogerClass:26 - login with valid crendetial
2023-09-30 22:14:23 INFO  LogerClass:28 - validate homepage current url 
2023-09-30 22:14:23 INFO  LogerClass:26 - login with valid crendetial
2023-09-30 22:14:23 INFO  LogerClass:28 - validate homepage current url 
2023-09-30 22:14:23 INFO  LogerClass:26 - login with valid crendetial
2023-09-30 22:14:23 INFO  LogerClass:28 - validate homepage current url 
2023-09-30 22:14:23 INFO  LogerClass:26 - login with valid crendetial
2023-09-30 22:14:23 INFO  LogerClass:28 - validate homepage current url 
2023-09-30 22:14:23 INFO  LogerClass:26 - login with valid crendetial
2023-09-30 22:14:23 INFO  LogerClass:28 - validate homepage current url 
2023-09-30 22:14:23 INFO  LogerClass:26 - login with valid crendetial
2023-09-30 22:14:23 INFO  LogerClass:28 - validate homepage current url 
2023-09-30 22:14:23 INFO  LogerClass:26 - login with valid crendetial
2023-09-30 22:14:23 INFO  LogerClass:28 - validate homepage current url 
2023-09-30 22:14:23 INFO  LogerClass:26 - login with valid crendetial
2023-09-30 22:14:23 INFO  LogerClass:28 - validate homepage current url 
2023-09-30 22:14:23 INFO  LogerClass:26 - login with valid crendetial
2023-09-30 22:14:23 INFO  LogerClass:28 - validate homepage current url 
2023-09-30 22:14:23 INFO  LogerClass:26 - login with valid crendetial
2023-09-30 22:14:23 INFO  LogerClass:28 - validate homepage current url 
2023-09-30 22:14:23 INFO  LogerClass:26 - login with valid crendetial
2023-09-30 22:14:23 INFO  LogerClass:28 - validate homepage current url 
2023-09-30 22:14:23 INFO  LogerClass:26 - login with valid crendetial
2023-09-30 22:14:23 INFO  LogerClass:28 - validate homepage current url 
2023-09-30 22:14:23 INFO  LogerClass:26 - login with valid crendetial
2023-09-30 22:14:23 INFO  LogerClass:28 - validate homepage current url 
2023-09-30 22:14:23 INFO  LogerClass:26 - login with valid crendetial
2023-09-30 22:14:23 INFO  LogerClass:28 - validate homepage current url 
2023-09-30 22:14:23 INFO  LogerClass:26 - login with valid crendetial
2023-09-30 22:14:23 INFO  LogerClass:28 - validate homepage current url 
2023-09-30 22:14:23 INFO  LogerClass:26 - login with valid crendetial
2023-09-30 22:14:23 INFO  LogerClass:28 - validate homepage current url 
2023-09-30 22:14:23 INFO  LogerClass:26 - login with valid crendetial
2023-09-30 22:14:23 INFO  LogerClass:28 - validate homepage current url 
2023-09-30 22:14:23 INFO  LogerClass:26 - login with valid crendetial
2023-09-30 22:14:23 INFO  LogerClass:28 - validate homepage current url 
2023-09-30 22:14:23 INFO  LogerClass:26 - login with valid crendetial
2023-09-30 22:14:23 INFO  LogerClass:28 - validate homepage current url 
2023-09-30 22:14:23 INFO  LogerClass:26 - login with valid crendetial
2023-09-30 22:14:23 INFO  LogerClass:28 - validate homepage current url 
2023-09-30 22:14:23 INFO  LogerClass:26 - login with valid crendetial
2023-09-30 22:14:23 INFO  LogerClass:28 - validate homepage current url 
2023-09-30 22:14:23 INFO  LogerClass:26 - login with valid crendetial
2023-09-30 22:14:23 INFO  LogerClass:28 - validate homepage current url 
2023-09-30 22:14:23 INFO  LogerClass:26 - login with valid crendetial
2023-09-30 22:14:23 INFO  LogerClass:28 - validate homepage current url 
2023-09-30 22:14:23 INFO  LogerClass:26 - login with valid crendetial
2023-09-30 22:14:23 INFO  LogerClass:28 - validate homepage current url 
2023-09-30 22:14:23 INFO  LogerClass:26 - login with valid crendetial
2023-09-30 22:14:23 INFO  LogerClass:28 - validate homepage current url 
2023-09-30 22:14:23 INFO  LogerClass:26 - login with valid crendetial
2023-09-30 22:14:23 INFO  LogerClass:28 - validate homepage current url 
2023-09-30 22:14:23 INFO  LogerClass:26 - login with valid crendetial
2023-09-30 22:14:23 INFO  LogerClass:28 - validate homepage current url 
2023-09-30 22:14:23 INFO  LogerClass:26 - login with valid crendetial
2023-09-30 22:14:23 INFO  LogerClass:28 - validate homepage current url 
2023-09-30 22:14:23 INFO  LogerClass:26 - login with valid crendetial
2023-09-30 22:14:23 INFO  LogerClass:28 - validate homepage current url 
2023-09-30 22:14:23 INFO  LogerClass:26 - login with valid crendetial
2023-09-30 22:14:23 INFO  LogerClass:28 - validate homepage current url 
2023-09-30 22:14:23 INFO  LogerClass:26 - login with valid crendetial
2023-09-30 22:14:23 INFO  LogerClass:28 - validate homepage current url 
2023-09-30 22:14:23 INFO  LogerClass:26 - login with valid crendetial
2023-09-30 22:14:23 INFO  LogerClass:28 - validate homepage current url 
2023-09-30 22:14:23 INFO  LogerClass:26 - login with valid crendetial
2023-09-30 22:14:23 INFO  LogerClass:28 - validate homepage current url 
2023-09-30 22:14:23 INFO  LogerClass:26 - login with valid crendetial
2023-09-30 22:14:23 INFO  LogerClass:28 - validate homepage current url 
2023-09-30 22:14:23 INFO  LogerClass:26 - login with valid crendetial
2023-09-30 22:14:23 INFO  LogerClass:28 - validate homepage current url 
2023-09-30 22:14:23 INFO  LogerClass:26 - login with valid crendetial
2023-09-30 22:14:23 INFO  LogerClass:28 - validate homepage current url 
2023-09-30 22:14:23 INFO  LogerClass:26 - login with valid crendetial
2023-09-30 22:14:23 INFO  LogerClass:28 - validate homepage current url 
2023-09-30 22:14:23 INFO  LogerClass:26 - login with valid crendetial
2023-09-30 22:14:23 INFO  LogerClass:28 - validate homepage current url 
2023-09-30 22:14:23 INFO  LogerClass:26 - login with valid crendetial
2023-09-30 22:14:23 INFO  LogerClass:28 - validate homepage current url 
2023-09-30 22:14:23 INFO  LogerClass:26 - login with valid crendetial
2023-09-30 22:14:23 INFO  LogerClass:28 - validate homepage current url 
2023-09-30 22:14:23 INFO  LogerClass:26 - login with valid crendetial
2023-09-30 22:14:23 INFO  LogerClass:28 - validate homepage current url 
2023-09-30 22:14:23 INFO  LogerClass:26 - login with valid crendetial
2023-09-30 22:14:23 INFO  LogerClass:28 - validate homepage current url 
2023-09-30 22:14:23 INFO  LogerClass:26 - login with valid crendetial
2023-09-30 22:14:23 INFO  LogerClass:28 - validate homepage current url 
2023-09-30 22:14:23 INFO  LogerClass:26 - login with valid crendetial
2023-09-30 22:14:23 INFO  LogerClass:28 - validate homepage current url 
2023-09-30 22:14:23 INFO  LogerClass:26 - login with valid crendetial
2023-09-30 22:14:23 INFO  LogerClass:28 - validate homepage current url 
2023-09-30 22:14:23 INFO  LogerClass:26 - login with valid crendetial
2023-09-30 22:14:23 INFO  LogerClass:28 - validate homepage current url 
2023-09-30 22:14:23 INFO  LogerClass:26 - login with valid crendetial
2023-09-30 22:14:23 INFO  LogerClass:28 - validate homepage current url 
2023-09-30 22:14:23 INFO  LogerClass:26 - login with valid crendetial
2023-09-30 22:14:23 INFO  LogerClass:28 - validate homepage current url 
2023-09-30 22:14:23 INFO  LogerClass:26 - login with valid crendetial
2023-09-30 22:14:23 INFO  LogerClass:28 - validate homepage current url 
2023-09-30 22:14:23 INFO  LogerClass:26 - login with valid crendetial
2023-09-30 22:14:23 INFO  LogerClass:28 - validate homepage current url 
2023-09-30 22:14:23 INFO  LogerClass:26 - login with valid crendetial
2023-09-30 22:14:23 INFO  LogerClass:28 - validate homepage current url 
2023-09-30 22:14:23 INFO  LogerClass:26 - login with valid crendetial
2023-09-30 22:14:23 INFO  LogerClass:28 - validate homepage current url 
2023-09-30 22:14:23 INFO  LogerClass:26 - login with valid crendetial
2023-09-30 22:14:23 INFO  LogerClass:28 - validate homepage current url 
2023-09-30 22:14:23 INFO  LogerClass:26 - login with valid crendetial
2023-09-30 22:14:23 INFO  LogerClass:28 - validate homepage current url 
2023-09-30 22:14:23 INFO  LogerClass:26 - login with valid crendetial
2023-09-30 22:14:23 INFO  LogerClass:28 - validate homepage current url 
2023-09-30 22:14:23 INFO  LogerClass:26 - login with valid crendetial
2023-09-30 22:14:23 INFO  LogerClass:28 - validate homepage current url 
2023-09-30 22:14:23 INFO  LogerClass:26 - login with valid crendetial
2023-09-30 22:14:23 INFO  LogerClass:28 - validate homepage current url 
2023-09-30 22:14:23 INFO  LogerClass:26 - login with valid crendetial
2023-09-30 22:14:23 INFO  LogerClass:28 - validate homepage current url 
2023-09-30 22:14:23 INFO  LogerClass:26 - login with valid crendetial
2023-09-30 22:14:23 INFO  LogerClass:28 - validate homepage current url 
2023-09-30 22:14:23 INFO  LogerClass:26 - login with valid crendetial
2023-09-30 22:14:23 INFO  LogerClass:28 - validate homepage current url 
2023-09-30 22:14:23 INFO  LogerClass:26 - login with valid crendetial
2023-09-30 22:14:23 INFO  LogerClass:28 - validate homepage current url 
2023-09-30 22:14:23 INFO  LogerClass:26 - login with valid crendetial
2023-09-30 22:14:23 INFO  LogerClass:28 - validate homepage current url 
2023-09-30 22:14:23 INFO  LogerClass:26 - login with valid crendetial
2023-09-30 22:14:23 INFO  LogerClass:28 - validate homepage current url 
2023-09-30 22:14:23 INFO  LogerClass:26 - login with valid crendetial
2023-09-30 22:14:23 INFO  LogerClass:28 - validate homepage current url 
2023-09-30 22:14:23 INFO  LogerClass:26 - login with valid crendetial
2023-09-30 22:14:23 INFO  LogerClass:28 - validate homepage current url 
2023-09-30 22:14:23 INFO  LogerClass:26 - login with valid crendetial
2023-09-30 22:14:23 INFO  LogerClass:28 - validate homepage current url 
2023-09-30 22:14:23 INFO  LogerClass:26 - login with valid crendetial
2023-09-30 22:14:23 INFO  LogerClass:28 - validate homepage current url 
2023-09-30 22:14:23 INFO  LogerClass:26 - login with valid crendetial
2023-09-30 22:14:23 INFO  LogerClass:28 - validate homepage current url 
2023-09-30 22:14:23 INFO  LogerClass:26 - login with valid crendetial
2023-09-30 22:14:23 INFO  LogerClass:28 - validate homepage current url 
2023-09-30 22:14:23 INFO  LogerClass:26 - login with valid crendetial
2023-09-30 22:14:23 INFO  LogerClass:28 - validate homepage current url 
2023-09-30 22:14:23 INFO  LogerClass:26 - login with valid crendetial
2023-09-30 22:14:23 INFO  LogerClass:28 - validate homepage current url 
2023-09-30 22:14:23 INFO  LogerClass:26 - login with valid crendetial
2023-09-30 22:14:23 INFO  LogerClass:28 - validate homepage current url 
2023-09-30 22:14:23 INFO  LogerClass:26 - login with valid crendetial
2023-09-30 22:14:23 INFO  LogerClass:28 - validate homepage current url 
2023-09-30 22:14:23 INFO  LogerClass:26 - login with valid crendetial
2023-09-30 22:14:23 INFO  LogerClass:28 - validate homepage current url 
2023-09-30 22:14:23 INFO  LogerClass:26 - login with valid crendetial
2023-09-30 22:14:23 INFO  LogerClass:28 - validate homepage current url 
2023-09-30 22:14:23 INFO  LogerClass:26 - login with valid crendetial
2023-09-30 22:14:23 INFO  LogerClass:28 - validate homepage current url 
2023-09-30 22:14:23 INFO  LogerClass:26 - login with valid crendetial
2023-09-30 22:14:23 INFO  LogerClass:28 - validate homepage current url 
2023-09-30 22:14:23 INFO  LogerClass:26 - login with valid crendetial
2023-09-30 22:14:23 INFO  LogerClass:28 - validate homepage current url 
2023-09-30 22:14:23 INFO  LogerClass:26 - login with valid crendetial
2023-09-30 22:14:23 INFO  LogerClass:28 - validate homepage current url 
2023-09-30 22:14:23 INFO  LogerClass:26 - login with valid crendetial
2023-09-30 22:14:23 INFO  LogerClass:28 - validate homepage current url 
2023-09-30 22:14:23 INFO  LogerClass:26 - login with valid crendetial
2023-09-30 22:14:23 INFO  LogerClass:28 - validate homepage current url 
2023-09-30 22:14:23 INFO  LogerClass:26 - login with valid crendetial
2023-09-30 22:14:23 INFO  LogerClass:28 - validate homepage current url 
2023-09-30 22:14:23 INFO  LogerClass:26 - login with valid crendetial
2023-09-30 22:14:23 INFO  LogerClass:28 - validate homepage current url 
2023-09-30 22:14:23 INFO  LogerClass:26 - login with valid crendetial
2023-09-30 22:14:23 INFO  LogerClass:28 - validate homepage current url 
2023-09-30 22:14:23 INFO  LogerClass:26 - login with valid crendetial
2023-09-30 22:14:23 INFO  LogerClass:28 - validate homepage current url 
2023-09-30 22:14:23 INFO  LogerClass:26 - login with valid crendetial
2023-09-30 22:14:23 INFO  LogerClass:28 - validate homepage current url 
2023-09-30 22:14:23 INFO  LogerClass:26 - login with valid crendetial
2023-09-30 22:14:23 INFO  LogerClass:28 - validate homepage current url 
2023-09-30 22:14:23 INFO  LogerClass:26 - login with valid crendetial
2023-09-30 22:14:23 INFO  LogerClass:28 - validate homepage current url 
2023-09-30 22:14:23 INFO  LogerClass:26 - login with valid crendetial
2023-09-30 22:14:23 INFO  LogerClass:28 - validate homepage current url 
2023-09-30 22:14:23 INFO  LogerClass:26 - login with valid crendetial
2023-09-30 22:14:23 INFO  LogerClass:28 - validate homepage current url 
2023-09-30 22:14:23 INFO  LogerClass:26 - login with valid crendetial
2023-09-30 22:14:23 INFO  LogerClass:28 - validate homepage current url 
2023-09-30 22:14:23 INFO  LogerClass:26 - login with valid crendetial
2023-09-30 22:14:23 INFO  LogerClass:28 - validate homepage current url 
2023-09-30 22:14:23 INFO  LogerClass:26 - login with valid crendetial
2023-09-30 22:14:23 INFO  LogerClass:28 - validate homepage current url 
2023-09-30 22:14:23 INFO  LogerClass:26 - login with valid crendetial
2023-09-30 22:14:23 INFO  LogerClass:28 - validate homepage current url 
2023-09-30 22:14:23 INFO  LogerClass:26 - login with valid crendetial
2023-09-30 22:14:23 INFO  LogerClass:28 - validate homepage current url 
2023-09-30 22:14:23 INFO  LogerClass:26 - login with valid crendetial
2023-09-30 22:14:23 INFO  LogerClass:28 - validate homepage current url 
2023-09-30 22:14:23 INFO  LogerClass:26 - login with valid crendetial
2023-09-30 22:14:23 INFO  LogerClass:28 - validate homepage current url 
2023-09-30 22:14:23 INFO  LogerClass:26 - login with valid crendetial
2023-09-30 22:14:23 INFO  LogerClass:28 - validate homepage current url 
2023-09-30 22:14:23 INFO  LogerClass:26 - login with valid crendetial
2023-09-30 22:14:23 INFO  LogerClass:28 - validate homepage current url 
2023-09-30 22:14:23 INFO  LogerClass:26 - login with valid crendetial
2023-09-30 22:14:23 INFO  LogerClass:28 - validate homepage current url 
2023-09-30 22:14:23 INFO  LogerClass:26 - login with valid crendetial
2023-09-30 22:14:23 INFO  LogerClass:28 - validate homepage current url 
2023-09-30 22:14:23 INFO  LogerClass:26 - login with valid crendetial
2023-09-30 22:14:23 INFO  LogerClass:28 - validate homepage current url 
2023-09-30 22:14:23 INFO  LogerClass:26 - login with valid crendetial
2023-09-30 22:14:23 INFO  LogerClass:28 - validate homepage current url 
2023-09-30 22:14:23 INFO  LogerClass:26 - login with valid crendetial
2023-09-30 22:14:23 INFO  LogerClass:28 - validate homepage current url 
2023-09-30 22:14:23 INFO  LogerClass:26 - login with valid crendetial
2023-09-30 22:14:23 INFO  LogerClass:28 - validate homepage current url 
2023-09-30 22:14:23 INFO  LogerClass:26 - login with valid crendetial
2023-09-30 22:14:23 INFO  LogerClass:28 - validate homepage current url 
2023-09-30 22:14:23 INFO  LogerClass:26 - login with valid crendetial
2023-09-30 22:14:23 INFO  LogerClass:28 - validate homepage current url 
2023-09-30 22:14:23 INFO  LogerClass:26 - login with valid crendetial
2023-09-30 22:14:23 INFO  LogerClass:28 - validate homepage current url 
2023-09-30 22:14:23 INFO  LogerClass:26 - login with valid crendetial
2023-09-30 22:14:23 INFO  LogerClass:28 - validate homepage current url 
2023-09-30 22:14:23 INFO  LogerClass:26 - login with valid crendetial
2023-09-30 22:14:23 INFO  LogerClass:28 - validate homepage current url 
2023-09-30 22:14:23 INFO  LogerClass:26 - login with valid crendetial
2023-09-30 22:14:23 INFO  LogerClass:28 - validate homepage current url 
2023-09-30 22:14:23 INFO  LogerClass:26 - login with valid crendetial
2023-09-30 22:14:23 INFO  LogerClass:28 - validate homepage current url 
2023-09-30 22:14:23 INFO  LogerClass:26 - login with valid crendetial
2023-09-30 22:14:23 INFO  LogerClass:28 - validate homepage current url 
2023-09-30 22:14:23 INFO  LogerClass:26 - login with valid crendetial
2023-09-30 22:14:23 INFO  LogerClass:28 - validate homepage current url 
2023-09-30 22:14:23 INFO  LogerClass:26 - login with valid crendetial
2023-09-30 22:14:23 INFO  LogerClass:28 - validate homepage current url 
2023-09-30 22:14:23 INFO  LogerClass:26 - login with valid crendetial
2023-09-30 22:14:23 INFO  LogerClass:28 - validate homepage current url 
2023-09-30 22:14:23 INFO  LogerClass:26 - login with valid crendetial
2023-09-30 22:14:23 INFO  LogerClass:28 - validate homepage current url 
2023-09-30 22:14:23 INFO  LogerClass:26 - login with valid crendetial
2023-09-30 22:14:23 INFO  LogerClass:28 - validate homepage current url 
2023-09-30 22:14:23 INFO  LogerClass:26 - login with valid crendetial
2023-09-30 22:14:23 INFO  LogerClass:28 - validate homepage current url 
2023-09-30 22:14:23 INFO  LogerClass:26 - login with valid crendetial
2023-09-30 22:14:23 INFO  LogerClass:28 - validate homepage current url 
2023-09-30 22:14:23 INFO  LogerClass:26 - login with valid crendetial
2023-09-30 22:14:23 INFO  LogerClass:28 - validate homepage current url 
2023-09-30 22:14:23 INFO  LogerClass:26 - login with valid crendetial
2023-09-30 22:14:23 INFO  LogerClass:28 - validate homepage current url 
2023-09-30 22:14:23 INFO  LogerClass:26 - login with valid crendetial
2023-09-30 22:14:23 INFO  LogerClass:28 - validate homepage current url 
2023-09-30 22:14:23 INFO  LogerClass:26 - login with valid crendetial
2023-09-30 22:14:23 INFO  LogerClass:28 - validate homepage current url 
2023-09-30 22:14:23 INFO  LogerClass:26 - login with valid crendetial
2023-09-30 22:14:23 INFO  LogerClass:28 - validate homepage current url 
2023-09-30 22:14:23 INFO  LogerClass:26 - login with valid crendetial
2023-09-30 22:14:23 INFO  LogerClass:28 - validate homepage current url 
2023-09-30 22:14:23 INFO  LogerClass:26 - login with valid crendetial
2023-09-30 22:14:23 INFO  LogerClass:28 - validate homepage current url 
2023-09-30 22:14:23 INFO  LogerClass:26 - login with valid crendetial
2023-09-30 22:14:23 INFO  LogerClass:28 - validate homepage current url 
2023-09-30 22:14:23 INFO  LogerClass:26 - login with valid crendetial
2023-09-30 22:14:23 INFO  LogerClass:28 - validate homepage current url 
2023-09-30 22:14:23 INFO  LogerClass:26 - login with valid crendetial
2023-09-30 22:14:23 INFO  LogerClass:28 - validate homepage current url 
2023-09-30 22:14:23 INFO  LogerClass:26 - login with valid crendetial
2023-09-30 22:14:23 INFO  LogerClass:28 - validate homepage current url 
2023-09-30 22:14:23 INFO  LogerClass:26 - login with valid crendetial
2023-09-30 22:14:23 INFO  LogerClass:28 - validate homepage current url 
2023-09-30 22:14:23 INFO  LogerClass:26 - login with valid crendetial
2023-09-30 22:14:23 INFO  LogerClass:28 - validate homepage current url 
2023-09-30 22:14:23 INFO  LogerClass:26 - login with valid crendetial
2023-09-30 22:14:23 INFO  LogerClass:28 - validate homepage current url 
2023-09-30 22:14:23 INFO  LogerClass:26 - login with valid crendetial
2023-09-30 22:14:23 INFO  LogerClass:28 - validate homepage current url 
2023-09-30 22:14:23 INFO  LogerClass:26 - login with valid crendetial
2023-09-30 22:14:23 INFO  LogerClass:28 - validate homepage current url 
2023-09-30 22:14:23 INFO  LogerClass:26 - login with valid crendetial
2023-09-30 22:14:23 INFO  LogerClass:28 - validate homepage current url 
2023-09-30 22:14:23 INFO  LogerClass:26 - login with valid crendetial
2023-09-30 22:14:23 INFO  LogerClass:28 - validate homepage current url 
2023-09-30 22:14:23 INFO  LogerClass:26 - login with valid crendetial
2023-09-30 22:14:23 INFO  LogerClass:28 - validate homepage current url 
2023-09-30 22:14:23 INFO  LogerClass:26 - login with valid crendetial
2023-09-30 22:14:23 INFO  LogerClass:28 - validate homepage current url 
2023-09-30 22:14:23 INFO  LogerClass:26 - login with valid crendetial
2023-09-30 22:14:23 INFO  LogerClass:28 - validate homepage current url 
2023-09-30 22:14:23 INFO  LogerClass:26 - login with valid crendetial
2023-09-30 22:14:23 INFO  LogerClass:28 - validate homepage current url 
2023-09-30 22:14:23 INFO  LogerClass:26 - login with valid crendetial
2023-09-30 22:14:23 INFO  LogerClass:28 - validate homepage current url 
2023-09-30 22:14:23 INFO  LogerClass:26 - login with valid crendetial
2023-09-30 22:14:23 INFO  LogerClass:28 - validate homepage current url 
2023-09-30 22:14:23 INFO  LogerClass:26 - login with valid crendetial
2023-09-30 22:14:23 INFO  LogerClass:28 - validate homepage current url 
2023-09-30 22:14:23 INFO  LogerClass:26 - login with valid crendetial
2023-09-30 22:14:23 INFO  LogerClass:28 - validate homepage current url 
2023-09-30 22:14:23 INFO  LogerClass:26 - login with valid crendetial
2023-09-30 22:14:23 INFO  LogerClass:28 - validate homepage current url 
2023-09-30 22:14:24 INFO  LogerClass:26 - login with valid crendetial
2023-09-30 22:14:24 INFO  LogerClass:28 - validate homepage current url 
2023-09-30 22:14:24 INFO  LogerClass:26 - login with valid crendetial
2023-09-30 22:14:24 INFO  LogerClass:28 - validate homepage current url 
2023-09-30 22:14:24 INFO  LogerClass:26 - login with valid crendetial
2023-09-30 22:14:24 INFO  LogerClass:28 - validate homepage current url 
2023-09-30 22:14:24 INFO  LogerClass:26 - login with valid crendetial
2023-09-30 22:14:24 INFO  LogerClass:28 - validate homepage current url 
2023-09-30 22:14:24 INFO  LogerClass:26 - login with valid crendetial
2023-09-30 22:14:24 INFO  LogerClass:28 - validate homepage current url 
2023-09-30 22:14:24 INFO  LogerClass:26 - login with valid crendetial
2023-09-30 22:14:24 INFO  LogerClass:28 - validate homepage current url 
2023-09-30 22:14:24 INFO  LogerClass:26 - login with valid crendetial
2023-09-30 22:14:24 INFO  LogerClass:28 - validate homepage current url 
2023-09-30 22:14:24 INFO  LogerClass:26 - login with valid crendetial
2023-09-30 22:14:24 INFO  LogerClass:28 - validate homepage current url 
2023-09-30 22:14:24 INFO  LogerClass:26 - login with valid crendetial
2023-09-30 22:14:24 INFO  LogerClass:28 - validate homepage current url 
2023-09-30 22:14:24 INFO  LogerClass:26 - login with valid crendetial
2023-09-30 22:14:24 INFO  LogerClass:28 - validate homepage current url 
2023-09-30 22:14:24 INFO  LogerClass:26 - login with valid crendetial
2023-09-30 22:14:24 INFO  LogerClass:28 - validate homepage current url 
2023-09-30 22:14:24 INFO  LogerClass:26 - login with valid crendetial
2023-09-30 22:14:24 INFO  LogerClass:28 - validate homepage current url 
2023-09-30 22:14:24 INFO  LogerClass:26 - login with valid crendetial
2023-09-30 22:14:24 INFO  LogerClass:28 - validate homepage current url 
2023-09-30 22:14:24 INFO  LogerClass:26 - login with valid crendetial
2023-09-30 22:14:24 INFO  LogerClass:28 - validate homepage current url 
2023-09-30 22:14:24 INFO  LogerClass:26 - login with valid crendetial
2023-09-30 22:14:24 INFO  LogerClass:28 - validate homepage current url 
2023-09-30 22:14:24 INFO  LogerClass:26 - login with valid crendetial
2023-09-30 22:14:24 INFO  LogerClass:28 - validate homepage current url 
2023-09-30 22:14:24 INFO  LogerClass:26 - login with valid crendetial
2023-09-30 22:14:24 INFO  LogerClass:28 - validate homepage current url 
2023-09-30 22:14:24 INFO  LogerClass:26 - login with valid crendetial
2023-09-30 22:14:24 INFO  LogerClass:28 - validate homepage current url 
2023-09-30 22:14:24 INFO  LogerClass:26 - login with valid crendetial
2023-09-30 22:14:24 INFO  LogerClass:28 - validate homepage current url 
2023-09-30 22:14:24 INFO  LogerClass:26 - login with valid crendetial
2023-09-30 22:14:24 INFO  LogerClass:28 - validate homepage current url 
2023-09-30 22:14:24 INFO  LogerClass:26 - login with valid crendetial
2023-09-30 22:14:24 INFO  LogerClass:28 - validate homepage current url 
2023-09-30 22:14:24 INFO  LogerClass:26 - login with valid crendetial
2023-09-30 22:14:24 INFO  LogerClass:28 - validate homepage current url 
2023-09-30 22:14:24 INFO  LogerClass:26 - login with valid crendetial
2023-09-30 22:14:24 INFO  LogerClass:28 - validate homepage current url 
2023-09-30 22:14:24 INFO  LogerClass:26 - login with valid crendetial
2023-09-30 22:14:24 INFO  LogerClass:28 - validate homepage current url 
2023-09-30 22:14:24 INFO  LogerClass:26 - login with valid crendetial
2023-09-30 22:14:24 INFO  LogerClass:28 - validate homepage current url 
2023-09-30 22:14:24 INFO  LogerClass:26 - login with valid crendetial
2023-09-30 22:14:24 INFO  LogerClass:28 - validate homepage current url 
2023-09-30 22:14:24 INFO  LogerClass:26 - login with valid crendetial
2023-09-30 22:14:24 INFO  LogerClass:28 - validate homepage current url 
2023-09-30 22:14:24 INFO  LogerClass:26 - login with valid crendetial
2023-09-30 22:14:24 INFO  LogerClass:28 - validate homepage current url 
2023-09-30 22:14:24 INFO  LogerClass:26 - login with valid crendetial
2023-09-30 22:14:24 INFO  LogerClass:28 - validate homepage current url 
2023-09-30 22:14:24 INFO  LogerClass:26 - login with valid crendetial
2023-09-30 22:14:24 INFO  LogerClass:28 - validate homepage current url 
2023-09-30 22:14:24 INFO  LogerClass:26 - login with valid crendetial
2023-09-30 22:14:24 INFO  LogerClass:28 - validate homepage current url 
2023-09-30 22:14:24 INFO  LogerClass:26 - login with valid crendetial
2023-09-30 22:14:24 INFO  LogerClass:28 - validate homepage current url 
2023-09-30 22:14:24 INFO  LogerClass:26 - login with valid crendetial
2023-09-30 22:14:24 INFO  LogerClass:28 - validate homepage current url 
2023-09-30 22:14:24 INFO  LogerClass:26 - login with valid crendetial
2023-09-30 22:14:24 INFO  LogerClass:28 - validate homepage current url 
2023-09-30 22:14:24 INFO  LogerClass:26 - login with valid crendetial
2023-09-30 22:14:24 INFO  LogerClass:28 - validate homepage current url 
2023-09-30 22:14:24 INFO  LogerClass:26 - login with valid crendetial
2023-09-30 22:14:24 INFO  LogerClass:28 - validate homepage current url 
2023-09-30 22:14:24 INFO  LogerClass:26 - login with valid crendetial
2023-09-30 22:14:24 INFO  LogerClass:28 - validate homepage current url 
2023-09-30 22:14:24 INFO  LogerClass:26 - login with valid crendetial
2023-09-30 22:14:24 INFO  LogerClass:28 - validate homepage current url 
2023-09-30 22:14:24 INFO  LogerClass:26 - login with valid crendetial
2023-09-30 22:14:24 INFO  LogerClass:28 - validate homepage current url 
2023-09-30 22:14:24 INFO  LogerClass:26 - login with valid crendetial
2023-09-30 22:14:24 INFO  LogerClass:28 - validate homepage current url 
2023-09-30 22:14:24 INFO  LogerClass:26 - login with valid crendetial
2023-09-30 22:14:24 INFO  LogerClass:28 - validate homepage current url 
2023-09-30 22:14:24 INFO  LogerClass:26 - login with valid crendetial
2023-09-30 22:14:24 INFO  LogerClass:28 - validate homepage current url 
2023-09-30 22:14:24 INFO  LogerClass:26 - login with valid crendetial
2023-09-30 22:14:24 INFO  LogerClass:28 - validate homepage current url 
2023-09-30 22:14:24 INFO  LogerClass:26 - login with valid crendetial
2023-09-30 22:14:24 INFO  LogerClass:28 - validate homepage current url 
2023-09-30 22:14:24 INFO  LogerClass:26 - login with valid crendetial
2023-09-30 22:14:24 INFO  LogerClass:28 - validate homepage current url 
2023-09-30 22:14:24 INFO  LogerClass:26 - login with valid crendetial
2023-09-30 22:14:24 INFO  LogerClass:28 - validate homepage current url 
2023-09-30 22:14:24 INFO  LogerClass:26 - login with valid crendetial
2023-09-30 22:14:24 INFO  LogerClass:28 - validate homepage current url 
2023-09-30 22:14:24 INFO  LogerClass:26 - login with valid crendetial
2023-09-30 22:14:24 INFO  LogerClass:28 - validate homepage current url 
2023-09-30 22:14:24 INFO  LogerClass:26 - login with valid crendetial
2023-09-30 22:14:24 INFO  LogerClass:28 - validate homepage current url 
2023-09-30 22:14:24 INFO  LogerClass:26 - login with valid crendetial
2023-09-30 22:14:24 INFO  LogerClass:28 - validate homepage current url 
2023-09-30 22:14:24 INFO  LogerClass:26 - login with valid crendetial
2023-09-30 22:14:24 INFO  LogerClass:28 - validate homepage current url 
2023-09-30 22:14:24 INFO  LogerClass:26 - login with valid crendetial
2023-09-30 22:14:24 INFO  LogerClass:28 - validate homepage current url 
2023-09-30 22:14:24 INFO  LogerClass:26 - login with valid crendetial
2023-09-30 22:14:24 INFO  LogerClass:28 - validate homepage current url 
2023-09-30 22:14:24 INFO  LogerClass:26 - login with valid crendetial
2023-09-30 22:14:24 INFO  LogerClass:28 - validate homepage current url 
2023-09-30 22:14:24 INFO  LogerClass:26 - login with valid crendetial
2023-09-30 22:14:24 INFO  LogerClass:28 - validate homepage current url 
2023-09-30 22:14:24 INFO  LogerClass:26 - login with valid crendetial
2023-09-30 22:14:24 INFO  LogerClass:28 - validate homepage current url 
2023-09-30 22:14:24 INFO  LogerClass:26 - login with valid crendetial
2023-09-30 22:14:24 INFO  LogerClass:28 - validate homepage current url 
2023-09-30 22:14:24 INFO  LogerClass:26 - login with valid crendetial
2023-09-30 22:14:24 INFO  LogerClass:28 - validate homepage current url 
2023-09-30 22:14:24 INFO  LogerClass:26 - login with valid crendetial
2023-09-30 22:14:24 INFO  LogerClass:28 - validate homepage current url 
2023-09-30 22:14:24 INFO  LogerClass:26 - login with valid crendetial
2023-09-30 22:14:24 INFO  LogerClass:28 - validate homepage current url 
2023-09-30 22:14:24 INFO  LogerClass:26 - login with valid crendetial
2023-09-30 22:14:24 INFO  LogerClass:28 - validate homepage current url 
2023-09-30 22:14:24 INFO  LogerClass:26 - login with valid crendetial
2023-09-30 22:14:24 INFO  LogerClass:28 - validate homepage current url 
2023-09-30 22:14:24 INFO  LogerClass:26 - login with valid crendetial
2023-09-30 22:14:24 INFO  LogerClass:28 - validate homepage current url 
2023-09-30 22:14:24 INFO  LogerClass:26 - login with valid crendetial
2023-09-30 22:14:24 INFO  LogerClass:28 - validate homepage current url 
2023-09-30 22:14:24 INFO  LogerClass:26 - login with valid crendetial
2023-09-30 22:14:24 INFO  LogerClass:28 - validate homepage current url 
2023-09-30 22:14:24 INFO  LogerClass:26 - login with valid crendetial
2023-09-30 22:14:24 INFO  LogerClass:28 - validate homepage current url 
2023-09-30 22:14:24 INFO  LogerClass:26 - login with valid crendetial
2023-09-30 22:14:24 INFO  LogerClass:28 - validate homepage current url 
2023-09-30 22:14:24 INFO  LogerClass:26 - login with valid crendetial
2023-09-30 22:14:24 INFO  LogerClass:28 - validate homepage current url 
2023-09-30 22:14:24 INFO  LogerClass:26 - login with valid crendetial
2023-09-30 22:14:24 INFO  LogerClass:28 - validate homepage current url 
2023-09-30 22:14:24 INFO  LogerClass:26 - login with valid crendetial
2023-09-30 22:14:24 INFO  LogerClass:28 - validate homepage current url 
2023-09-30 22:14:24 INFO  LogerClass:26 - login with valid crendetial
2023-09-30 22:14:24 INFO  LogerClass:28 - validate homepage current url 
2023-09-30 22:14:24 INFO  LogerClass:26 - login with valid crendetial
2023-09-30 22:14:24 INFO  LogerClass:28 - validate homepage current url 
2023-09-30 22:14:24 INFO  LogerClass:26 - login with valid crendetial
2023-09-30 22:14:24 INFO  LogerClass:28 - validate homepage current url 
2023-09-30 22:14:24 INFO  LogerClass:26 - login with valid crendetial
2023-09-30 22:14:24 INFO  LogerClass:28 - validate homepage current url 
2023-09-30 22:14:24 INFO  LogerClass:26 - login with valid crendetial
2023-09-30 22:14:24 INFO  LogerClass:28 - validate homepage current url 
2023-09-30 22:14:24 INFO  LogerClass:26 - login with valid crendetial
2023-09-30 22:14:24 INFO  LogerClass:28 - validate homepage current url 
2023-09-30 22:14:24 INFO  LogerClass:26 - login with valid crendetial
2023-09-30 22:14:24 INFO  LogerClass:28 - validate homepage current url 
2023-09-30 22:14:24 INFO  LogerClass:26 - login with valid crendetial
2023-09-30 22:14:24 INFO  LogerClass:28 - validate homepage current url 
2023-09-30 22:14:24 INFO  LogerClass:26 - login with valid crendetial
2023-09-30 22:14:24 INFO  LogerClass:28 - validate homepage current url 
2023-09-30 22:14:24 INFO  LogerClass:26 - login with valid crendetial
2023-09-30 22:14:24 INFO  LogerClass:28 - validate homepage current url 
2023-09-30 22:14:24 INFO  LogerClass:26 - login with valid crendetial
2023-09-30 22:14:24 INFO  LogerClass:28 - validate homepage current url 
2023-09-30 22:14:24 INFO  LogerClass:26 - login with valid crendetial
2023-09-30 22:14:24 INFO  LogerClass:28 - validate homepage current url 
2023-09-30 22:14:24 INFO  LogerClass:26 - login with valid crendetial
2023-09-30 22:14:24 INFO  LogerClass:28 - validate homepage current url 
2023-09-30 22:14:24 INFO  LogerClass:26 - login with valid crendetial
2023-09-30 22:14:24 INFO  LogerClass:28 - validate homepage current url 
2023-09-30 22:14:24 INFO  LogerClass:26 - login with valid crendetial
2023-09-30 22:14:24 INFO  LogerClass:28 - validate homepage current url 
2023-09-30 22:14:24 INFO  LogerClass:26 - login with valid crendetial
2023-09-30 22:14:24 INFO  LogerClass:28 - validate homepage current url 
2023-09-30 22:14:24 INFO  LogerClass:26 - login with valid crendetial
2023-09-30 22:14:24 INFO  LogerClass:28 - validate homepage current url 
2023-09-30 22:14:24 INFO  LogerClass:26 - login with valid crendetial
2023-09-30 22:14:24 INFO  LogerClass:28 - validate homepage current url 
2023-09-30 22:14:24 INFO  LogerClass:26 - login with valid crendetial
2023-09-30 22:14:24 INFO  LogerClass:28 - validate homepage current url 
2023-09-30 22:14:24 INFO  LogerClass:26 - login with valid crendetial
2023-09-30 22:14:24 INFO  LogerClass:28 - validate homepage current url 
2023-09-30 22:14:24 INFO  LogerClass:26 - login with valid crendetial
2023-09-30 22:14:24 INFO  LogerClass:28 - validate homepage current url 
2023-09-30 22:14:24 INFO  LogerClass:26 - login with valid crendetial
2023-09-30 22:14:24 INFO  LogerClass:28 - validate homepage current url 
2023-09-30 22:14:24 INFO  LogerClass:26 - login with valid crendetial
2023-09-30 22:14:24 INFO  LogerClass:28 - validate homepage current url 
2023-09-30 22:14:24 INFO  LogerClass:26 - login with valid crendetial
2023-09-30 22:14:24 INFO  LogerClass:28 - validate homepage current url 
2023-09-30 22:14:24 INFO  LogerClass:26 - login with valid crendetial
2023-09-30 22:14:24 INFO  LogerClass:28 - validate homepage current url 
2023-09-30 22:14:24 INFO  LogerClass:26 - login with valid crendetial
2023-09-30 22:14:24 INFO  LogerClass:28 - validate homepage current url 
2023-09-30 22:14:24 INFO  LogerClass:26 - login with valid crendetial
2023-09-30 22:14:24 INFO  LogerClass:28 - validate homepage current url 
2023-09-30 22:14:24 INFO  LogerClass:26 - login with valid crendetial
2023-09-30 22:14:24 INFO  LogerClass:28 - validate homepage current url 
2023-09-30 22:14:24 INFO  LogerClass:26 - login with valid crendetial
2023-09-30 22:14:24 INFO  LogerClass:28 - validate homepage current url 
2023-09-30 22:14:24 INFO  LogerClass:26 - login with valid crendetial
2023-09-30 22:14:24 INFO  LogerClass:28 - validate homepage current url 
2023-09-30 22:14:24 INFO  LogerClass:26 - login with valid crendetial
2023-09-30 22:14:24 INFO  LogerClass:28 - validate homepage current url 
2023-09-30 22:14:24 INFO  LogerClass:26 - login with valid crendetial
2023-09-30 22:14:24 INFO  LogerClass:28 - validate homepage current url 
2023-09-30 22:14:24 INFO  LogerClass:26 - login with valid crendetial
2023-09-30 22:14:24 INFO  LogerClass:28 - validate homepage current url 
2023-09-30 22:14:24 INFO  LogerClass:26 - login with valid crendetial
2023-09-30 22:14:24 INFO  LogerClass:28 - validate homepage current url 
2023-09-30 22:14:24 INFO  LogerClass:26 - login with valid crendetial
2023-09-30 22:14:24 INFO  LogerClass:28 - validate homepage current url 
2023-09-30 22:14:24 INFO  LogerClass:26 - login with valid crendetial
2023-09-30 22:14:24 INFO  LogerClass:28 - validate homepage current url 
2023-09-30 22:14:24 INFO  LogerClass:26 - login with valid crendetial
2023-09-30 22:14:24 INFO  LogerClass:28 - validate homepage current url 
2023-09-30 22:14:24 INFO  LogerClass:26 - login with valid crendetial
2023-09-30 22:14:24 INFO  LogerClass:28 - validate homepage current url 
2023-09-30 22:14:24 INFO  LogerClass:26 - login with valid crendetial
2023-09-30 22:14:24 INFO  LogerClass:28 - validate homepage current url 
2023-09-30 22:14:24 INFO  LogerClass:26 - login with valid crendetial
2023-09-30 22:14:24 INFO  LogerClass:28 - validate homepage current url 
2023-09-30 22:14:24 INFO  LogerClass:26 - login with valid crendetial
2023-09-30 22:14:24 INFO  LogerClass:28 - validate homepage current url 
2023-09-30 22:14:24 INFO  LogerClass:26 - login with valid crendetial
2023-09-30 22:14:24 INFO  LogerClass:28 - validate homepage current url 
2023-09-30 22:14:24 INFO  LogerClass:26 - login with valid crendetial
2023-09-30 22:14:24 INFO  LogerClass:28 - validate homepage current url 
2023-09-30 22:14:24 INFO  LogerClass:26 - login with valid crendetial
2023-09-30 22:14:24 INFO  LogerClass:28 - validate homepage current url 
2023-09-30 22:14:24 INFO  LogerClass:26 - login with valid crendetial
2023-09-30 22:14:24 INFO  LogerClass:28 - validate homepage current url 
2023-09-30 22:14:24 INFO  LogerClass:26 - login with valid crendetial
2023-09-30 22:14:24 INFO  LogerClass:28 - validate homepage current url 
2023-09-30 22:14:24 INFO  LogerClass:26 - login with valid crendetial
2023-09-30 22:14:24 INFO  LogerClass:28 - validate homepage current url 
2023-09-30 22:14:24 INFO  LogerClass:26 - login with valid crendetial
2023-09-30 22:14:24 INFO  LogerClass:28 - validate homepage current url 
2023-09-30 22:14:24 INFO  LogerClass:26 - login with valid crendetial
2023-09-30 22:14:24 INFO  LogerClass:28 - validate homepage current url 
2023-09-30 22:14:24 INFO  LogerClass:26 - login with valid crendetial
2023-09-30 22:14:24 INFO  LogerClass:28 - validate homepage current url 
2023-09-30 22:14:24 INFO  LogerClass:26 - login with valid crendetial
2023-09-30 22:14:24 INFO  LogerClass:28 - validate homepage current url 
2023-09-30 22:14:24 INFO  LogerClass:26 - login with valid crendetial
2023-09-30 22:14:24 INFO  LogerClass:28 - validate homepage current url 
2023-09-30 22:14:24 INFO  LogerClass:26 - login with valid crendetial
2023-09-30 22:14:24 INFO  LogerClass:28 - validate homepage current url 
2023-09-30 22:14:24 INFO  LogerClass:26 - login with valid crendetial
2023-09-30 22:14:24 INFO  LogerClass:28 - validate homepage current url 
2023-09-30 22:14:24 INFO  LogerClass:26 - login with valid crendetial
2023-09-30 22:14:24 INFO  LogerClass:28 - validate homepage current url 
2023-09-30 22:14:24 INFO  LogerClass:26 - login with valid crendetial
2023-09-30 22:14:24 INFO  LogerClass:28 - validate homepage current url 
2023-09-30 22:14:24 INFO  LogerClass:26 - login with valid crendetial
2023-09-30 22:14:24 INFO  LogerClass:28 - validate homepage current url 
2023-09-30 22:14:24 INFO  LogerClass:26 - login with valid crendetial
2023-09-30 22:14:24 INFO  LogerClass:28 - validate homepage current url 
2023-09-30 22:14:24 INFO  LogerClass:26 - login with valid crendetial
2023-09-30 22:14:24 INFO  LogerClass:28 - validate homepage current url 
2023-09-30 22:14:24 INFO  LogerClass:26 - login with valid crendetial
2023-09-30 22:14:24 INFO  LogerClass:28 - validate homepage current url 
2023-09-30 22:14:24 INFO  LogerClass:26 - login with valid crendetial
2023-09-30 22:14:24 INFO  LogerClass:28 - validate homepage current url 
2023-09-30 22:14:24 INFO  LogerClass:26 - login with valid crendetial
2023-09-30 22:14:24 INFO  LogerClass:28 - validate homepage current url 
2023-09-30 22:14:24 INFO  LogerClass:26 - login with valid crendetial
2023-09-30 22:14:24 INFO  LogerClass:28 - validate homepage current url 
2023-09-30 22:14:24 INFO  LogerClass:26 - login with valid crendetial
2023-09-30 22:14:24 INFO  LogerClass:28 - validate homepage current url 
2023-09-30 22:14:24 INFO  LogerClass:26 - login with valid crendetial
2023-09-30 22:14:24 INFO  LogerClass:28 - validate homepage current url 
2023-09-30 22:14:24 INFO  LogerClass:26 - login with valid crendetial
2023-09-30 22:14:24 INFO  LogerClass:28 - validate homepage current url 
2023-09-30 22:14:24 INFO  LogerClass:26 - login with valid crendetial
2023-09-30 22:14:24 INFO  LogerClass:28 - validate homepage current url 
2023-09-30 22:14:24 INFO  LogerClass:26 - login with valid crendetial
2023-09-30 22:14:24 INFO  LogerClass:28 - validate homepage current url 
2023-09-30 22:14:24 INFO  LogerClass:26 - login with valid crendetial
2023-09-30 22:14:24 INFO  LogerClass:28 - validate homepage current url 
2023-09-30 22:14:24 INFO  LogerClass:26 - login with valid crendetial
2023-09-30 22:14:24 INFO  LogerClass:28 - validate homepage current url 
2023-09-30 22:14:24 INFO  LogerClass:26 - login with valid crendetial
2023-09-30 22:14:24 INFO  LogerClass:28 - validate homepage current url 
2023-09-30 22:14:24 INFO  LogerClass:26 - login with valid crendetial
2023-09-30 22:14:24 INFO  LogerClass:28 - validate homepage current url 
2023-09-30 22:14:24 INFO  LogerClass:26 - login with valid crendetial
2023-09-30 22:14:24 INFO  LogerClass:28 - validate homepage current url 
2023-09-30 22:14:24 INFO  LogerClass:26 - login with valid crendetial
2023-09-30 22:14:24 INFO  LogerClass:28 - validate homepage current url 
2023-09-30 22:14:24 INFO  LogerClass:26 - login with valid crendetial
2023-09-30 22:14:24 INFO  LogerClass:28 - validate homepage current url 
2023-09-30 22:14:24 INFO  LogerClass:26 - login with valid crendetial
2023-09-30 22:14:24 INFO  LogerClass:28 - validate homepage current url 
2023-09-30 22:14:24 INFO  LogerClass:26 - login with valid crendetial
2023-09-30 22:14:24 INFO  LogerClass:28 - validate homepage current url 
2023-09-30 22:14:24 INFO  LogerClass:26 - login with valid crendetial
2023-09-30 22:14:24 INFO  LogerClass:28 - validate homepage current url 
2023-09-30 22:14:24 INFO  LogerClass:26 - login with valid crendetial
2023-09-30 22:14:24 INFO  LogerClass:28 - validate homepage current url 
2023-09-30 22:14:24 INFO  LogerClass:26 - login with valid crendetial
2023-09-30 22:14:24 INFO  LogerClass:28 - validate homepage current url 
2023-09-30 22:14:24 INFO  LogerClass:26 - login with valid crendetial
2023-09-30 22:14:24 INFO  LogerClass:28 - validate homepage current url 
2023-09-30 22:14:24 INFO  LogerClass:26 - login with valid crendetial
2023-09-30 22:14:24 INFO  LogerClass:28 - validate homepage current url 
2023-09-30 22:14:24 INFO  LogerClass:26 - login with valid crendetial
2023-09-30 22:14:24 INFO  LogerClass:28 - validate homepage current url 
2023-09-30 22:14:24 INFO  LogerClass:26 - login with valid crendetial
2023-09-30 22:14:24 INFO  LogerClass:28 - validate homepage current url 
2023-09-30 22:14:24 INFO  LogerClass:26 - login with valid crendetial
2023-09-30 22:14:24 INFO  LogerClass:28 - validate homepage current url 
2023-09-30 22:14:24 INFO  LogerClass:26 - login with valid crendetial
2023-09-30 22:14:24 INFO  LogerClass:28 - validate homepage current url 
2023-09-30 22:14:24 INFO  LogerClass:26 - login with valid crendetial
2023-09-30 22:14:24 INFO  LogerClass:28 - validate homepage current url 
2023-09-30 22:14:24 INFO  LogerClass:26 - login with valid crendetial
2023-09-30 22:14:24 INFO  LogerClass:28 - validate homepage current url 
2023-09-30 22:14:24 INFO  LogerClass:26 - login with valid crendetial
2023-09-30 22:14:24 INFO  LogerClass:28 - validate homepage current url 
2023-09-30 22:14:24 INFO  LogerClass:26 - login with valid crendetial
2023-09-30 22:14:24 INFO  LogerClass:28 - validate homepage current url 
2023-09-30 22:14:24 INFO  LogerClass:26 - login with valid crendetial
2023-09-30 22:14:24 INFO  LogerClass:28 - validate homepage current url 
2023-09-30 22:14:24 INFO  LogerClass:26 - login with valid crendetial
2023-09-30 22:14:24 INFO  LogerClass:28 - validate homepage current url 
2023-09-30 22:14:24 INFO  LogerClass:26 - login with valid crendetial
2023-09-30 22:14:24 INFO  LogerClass:28 - validate homepage current url 
2023-09-30 22:14:24 INFO  LogerClass:26 - login with valid crendetial
2023-09-30 22:14:24 INFO  LogerClass:28 - validate homepage current url 
2023-09-30 22:14:24 INFO  LogerClass:26 - login with valid crendetial
2023-09-30 22:14:24 INFO  LogerClass:28 - validate homepage current url 
2023-09-30 22:14:24 INFO  LogerClass:26 - login with valid crendetial
2023-09-30 22:14:24 INFO  LogerClass:28 - validate homepage current url 
2023-09-30 22:14:24 INFO  LogerClass:26 - login with valid crendetial
2023-09-30 22:14:24 INFO  LogerClass:28 - validate homepage current url 
2023-09-30 22:14:24 INFO  LogerClass:26 - login with valid crendetial
2023-09-30 22:14:24 INFO  LogerClass:28 - validate homepage current url 
2023-09-30 22:14:24 INFO  LogerClass:26 - login with valid crendetial
2023-09-30 22:14:24 INFO  LogerClass:28 - validate homepage current url 
2023-09-30 22:14:24 INFO  LogerClass:26 - login with valid crendetial
2023-09-30 22:14:24 INFO  LogerClass:28 - validate homepage current url 
2023-09-30 22:14:24 INFO  LogerClass:26 - login with valid crendetial
2023-09-30 22:14:24 INFO  LogerClass:28 - validate homepage current url 
2023-09-30 22:14:24 INFO  LogerClass:26 - login with valid crendetial
2023-09-30 22:14:24 INFO  LogerClass:28 - validate homepage current url 
2023-09-30 22:14:24 INFO  LogerClass:26 - login with valid crendetial
2023-09-30 22:14:24 INFO  LogerClass:28 - validate homepage current url 
2023-09-30 22:14:24 INFO  LogerClass:26 - login with valid crendetial
2023-09-30 22:14:24 INFO  LogerClass:28 - validate homepage current url 
2023-09-30 22:14:24 INFO  LogerClass:26 - login with valid crendetial
2023-09-30 22:14:24 INFO  LogerClass:28 - validate homepage current url 
2023-09-30 22:14:24 INFO  LogerClass:26 - login with valid crendetial
2023-09-30 22:14:24 INFO  LogerClass:28 - validate homepage current url 
2023-09-30 22:14:24 INFO  LogerClass:26 - login with valid crendetial
2023-09-30 22:14:24 INFO  LogerClass:28 - validate homepage current url 
2023-09-30 22:14:24 INFO  LogerClass:26 - login with valid crendetial
2023-09-30 22:14:24 INFO  LogerClass:28 - validate homepage current url 
2023-09-30 22:14:24 INFO  LogerClass:26 - login with valid crendetial
2023-09-30 22:14:24 INFO  LogerClass:28 - validate homepage current url 
2023-09-30 22:14:24 INFO  LogerClass:26 - login with valid crendetial
2023-09-30 22:14:24 INFO  LogerClass:28 - validate homepage current url 
2023-09-30 22:14:24 INFO  LogerClass:26 - login with valid crendetial
2023-09-30 22:14:24 INFO  LogerClass:28 - validate homepage current url 
2023-09-30 22:14:24 INFO  LogerClass:26 - login with valid crendetial
2023-09-30 22:14:24 INFO  LogerClass:28 - validate homepage current url 
2023-09-30 22:14:24 INFO  LogerClass:26 - login with valid crendetial
2023-09-30 22:14:24 INFO  LogerClass:28 - validate homepage current url 
2023-09-30 22:14:24 INFO  LogerClass:26 - login with valid crendetial
2023-09-30 22:14:24 INFO  LogerClass:28 - validate homepage current url 
2023-09-30 22:14:24 INFO  LogerClass:26 - login with valid crendetial
2023-09-30 22:14:24 INFO  LogerClass:28 - validate homepage current url 
2023-09-30 22:14:24 INFO  LogerClass:26 - login with valid crendetial
2023-09-30 22:14:24 INFO  LogerClass:28 - validate homepage current url 
2023-09-30 22:14:24 INFO  LogerClass:26 - login with valid crendetial
2023-09-30 22:14:24 INFO  LogerClass:28 - validate homepage current url 
2023-09-30 22:14:24 INFO  LogerClass:26 - login with valid crendetial
2023-09-30 22:14:24 INFO  LogerClass:28 - validate homepage current url 
2023-09-30 22:14:24 INFO  LogerClass:26 - login with valid crendetial
2023-09-30 22:14:24 INFO  LogerClass:28 - validate homepage current url 
2023-09-30 22:14:24 INFO  LogerClass:26 - login with valid crendetial
2023-09-30 22:14:24 INFO  LogerClass:28 - validate homepage current url 
2023-09-30 22:14:24 INFO  LogerClass:26 - login with valid crendetial
2023-09-30 22:14:24 INFO  LogerClass:28 - validate homepage current url 
2023-09-30 22:14:24 INFO  LogerClass:26 - login with valid crendetial
2023-09-30 22:14:24 INFO  LogerClass:28 - validate homepage current url 
2023-09-30 22:14:24 INFO  LogerClass:26 - login with valid crendetial
2023-09-30 22:14:24 INFO  LogerClass:28 - validate homepage current url 
2023-09-30 22:14:24 INFO  LogerClass:26 - login with valid crendetial
2023-09-30 22:14:24 INFO  LogerClass:28 - validate homepage current url 
2023-09-30 22:14:24 INFO  LogerClass:26 - login with valid crendetial
2023-09-30 22:14:24 INFO  LogerClass:28 - validate homepage current url 
2023-09-30 22:14:24 INFO  LogerClass:26 - login with valid crendetial
2023-09-30 22:14:24 INFO  LogerClass:28 - validate homepage current url 
2023-09-30 22:14:24 INFO  LogerClass:26 - login with valid crendetial
2023-09-30 22:14:24 INFO  LogerClass:28 - validate homepage current url 
2023-09-30 22:14:24 INFO  LogerClass:26 - login with valid crendetial
2023-09-30 22:14:24 INFO  LogerClass:28 - validate homepage current url 
2023-09-30 22:14:24 INFO  LogerClass:26 - login with valid crendetial
2023-09-30 22:14:24 INFO  LogerClass:28 - validate homepage current url 
2023-09-30 22:14:24 INFO  LogerClass:26 - login with valid crendetial
2023-09-30 22:14:24 INFO  LogerClass:28 - validate homepage current url 
2023-09-30 22:14:24 INFO  LogerClass:26 - login with valid crendetial
2023-09-30 22:14:24 INFO  LogerClass:28 - validate homepage current url 
2023-09-30 22:14:24 INFO  LogerClass:26 - login with valid crendetial
2023-09-30 22:14:24 INFO  LogerClass:28 - validate homepage current url 
2023-09-30 22:14:24 INFO  LogerClass:26 - login with valid crendetial
2023-09-30 22:14:24 INFO  LogerClass:28 - validate homepage current url 
2023-09-30 22:14:24 INFO  LogerClass:26 - login with valid crendetial
2023-09-30 22:14:24 INFO  LogerClass:28 - validate homepage current url 
2023-09-30 22:14:24 INFO  LogerClass:26 - login with valid crendetial
2023-09-30 22:14:24 INFO  LogerClass:28 - validate homepage current url 
2023-09-30 22:14:24 INFO  LogerClass:26 - login with valid crendetial
2023-09-30 22:14:24 INFO  LogerClass:28 - validate homepage current url 
2023-09-30 22:14:24 INFO  LogerClass:26 - login with valid crendetial
2023-09-30 22:14:24 INFO  LogerClass:28 - validate homepage current url 
2023-09-30 22:14:24 INFO  LogerClass:26 - login with valid crendetial
2023-09-30 22:14:24 INFO  LogerClass:28 - validate homepage current url 
2023-09-30 22:14:24 INFO  LogerClass:26 - login with valid crendetial
2023-09-30 22:14:24 INFO  LogerClass:28 - validate homepage current url 
2023-09-30 22:14:24 INFO  LogerClass:26 - login with valid crendetial
2023-09-30 22:14:24 INFO  LogerClass:28 - validate homepage current url 
2023-09-30 22:14:24 INFO  LogerClass:26 - login with valid crendetial
2023-09-30 22:14:24 INFO  LogerClass:28 - validate homepage current url 
2023-09-30 22:14:24 INFO  LogerClass:26 - login with valid crendetial
2023-09-30 22:14:24 INFO  LogerClass:28 - validate homepage current url 
2023-09-30 22:14:24 INFO  LogerClass:26 - login with valid crendetial
2023-09-30 22:14:24 INFO  LogerClass:28 - validate homepage current url 
2023-09-30 22:14:24 INFO  LogerClass:26 - login with valid crendetial
2023-09-30 22:14:24 INFO  LogerClass:28 - validate homepage current url 
2023-09-30 22:14:24 INFO  LogerClass:26 - login with valid crendetial
2023-09-30 22:14:24 INFO  LogerClass:28 - validate homepage current url 
2023-09-30 22:14:24 INFO  LogerClass:26 - login with valid crendetial
2023-09-30 22:14:24 INFO  LogerClass:28 - validate homepage current url 
2023-09-30 22:14:24 INFO  LogerClass:26 - login with valid crendetial
2023-09-30 22:14:24 INFO  LogerClass:28 - validate homepage current url 
2023-09-30 22:14:24 INFO  LogerClass:26 - login with valid crendetial
2023-09-30 22:14:24 INFO  LogerClass:28 - validate homepage current url 
2023-09-30 22:14:24 INFO  LogerClass:26 - login with valid crendetial
2023-09-30 22:14:24 INFO  LogerClass:28 - validate homepage current url 
2023-09-30 22:14:25 INFO  LogerClass:26 - login with valid crendetial
2023-09-30 22:14:25 INFO  LogerClass:28 - validate homepage current url 
2023-09-30 22:14:25 INFO  LogerClass:26 - login with valid crendetial
2023-09-30 22:14:25 INFO  LogerClass:28 - validate homepage current url 
2023-09-30 22:14:25 INFO  LogerClass:26 - login with valid crendetial
2023-09-30 22:14:25 INFO  LogerClass:28 - validate homepage current url 
2023-09-30 22:14:25 INFO  LogerClass:26 - login with valid crendetial
2023-09-30 22:14:25 INFO  LogerClass:28 - validate homepage current url 
2023-09-30 22:14:25 INFO  LogerClass:26 - login with valid crendetial
2023-09-30 22:14:25 INFO  LogerClass:28 - validate homepage current url 
2023-09-30 22:14:25 INFO  LogerClass:26 - login with valid crendetial
2023-09-30 22:14:25 INFO  LogerClass:28 - validate homepage current url 
2023-09-30 22:14:25 INFO  LogerClass:26 - login with valid crendetial
2023-09-30 22:14:25 INFO  LogerClass:28 - validate homepage current url 
2023-09-30 22:14:25 INFO  LogerClass:26 - login with valid crendetial
2023-09-30 22:14:25 INFO  LogerClass:28 - validate homepage current url 
2023-09-30 22:14:25 INFO  LogerClass:26 - login with valid crendetial
2023-09-30 22:14:25 INFO  LogerClass:28 - validate homepage current url 
2023-09-30 22:14:25 INFO  LogerClass:26 - login with valid crendetial
2023-09-30 22:14:25 INFO  LogerClass:28 - validate homepage current url 
2023-09-30 22:14:25 INFO  LogerClass:26 - login with valid crendetial
2023-09-30 22:14:25 INFO  LogerClass:28 - validate homepage current url 
2023-09-30 22:14:25 INFO  LogerClass:26 - login with valid crendetial
2023-09-30 22:14:25 INFO  LogerClass:28 - validate homepage current url 
2023-09-30 22:14:25 INFO  LogerClass:26 - login with valid crendetial
2023-09-30 22:14:25 INFO  LogerClass:28 - validate homepage current url 
2023-09-30 22:14:25 INFO  LogerClass:26 - login with valid crendetial
2023-09-30 22:14:25 INFO  LogerClass:28 - validate homepage current url 
2023-09-30 22:14:25 INFO  LogerClass:26 - login with valid crendetial
2023-09-30 22:14:25 INFO  LogerClass:28 - validate homepage current url 
2023-09-30 22:14:25 INFO  LogerClass:26 - login with valid crendetial
2023-09-30 22:14:25 INFO  LogerClass:28 - validate homepage current url 
2023-09-30 22:14:25 INFO  LogerClass:26 - login with valid crendetial
2023-09-30 22:14:25 INFO  LogerClass:28 - validate homepage current url 
2023-09-30 22:14:25 INFO  LogerClass:26 - login with valid crendetial
2023-09-30 22:14:25 INFO  LogerClass:28 - validate homepage current url 
2023-09-30 22:14:25 INFO  LogerClass:26 - login with valid crendetial
2023-09-30 22:14:25 INFO  LogerClass:28 - validate homepage current url 
2023-09-30 22:14:25 INFO  LogerClass:26 - login with valid crendetial
2023-09-30 22:14:25 INFO  LogerClass:28 - validate homepage current url 
2023-09-30 22:14:25 INFO  LogerClass:26 - login with valid crendetial
2023-09-30 22:14:25 INFO  LogerClass:28 - validate homepage current url 
2023-09-30 22:14:25 INFO  LogerClass:26 - login with valid crendetial
2023-09-30 22:14:25 INFO  LogerClass:28 - validate homepage current url 
2023-09-30 22:14:25 INFO  LogerClass:26 - login with valid crendetial
2023-09-30 22:14:25 INFO  LogerClass:28 - validate homepage current url 
2023-09-30 22:14:25 INFO  LogerClass:26 - login with valid crendetial
2023-09-30 22:14:25 INFO  LogerClass:28 - validate homepage current url 
2023-09-30 22:14:25 INFO  LogerClass:26 - login with valid crendetial
2023-09-30 22:14:25 INFO  LogerClass:28 - validate homepage current url 
2023-09-30 22:14:25 INFO  LogerClass:26 - login with valid crendetial
2023-09-30 22:14:25 INFO  LogerClass:28 - validate homepage current url 
2023-09-30 22:14:25 INFO  LogerClass:26 - login with valid crendetial
2023-09-30 22:14:25 INFO  LogerClass:28 - validate homepage current url 
2023-09-30 22:14:25 INFO  LogerClass:26 - login with valid crendetial
2023-09-30 22:14:25 INFO  LogerClass:28 - validate homepage current url 
2023-09-30 22:14:25 INFO  LogerClass:26 - login with valid crendetial
2023-09-30 22:14:25 INFO  LogerClass:28 - validate homepage current url 
2023-09-30 22:14:25 INFO  LogerClass:26 - login with valid crendetial
2023-09-30 22:14:25 INFO  LogerClass:28 - validate homepage current url 
2023-09-30 22:14:25 INFO  LogerClass:26 - login with valid crendetial
2023-09-30 22:14:25 INFO  LogerClass:28 - validate homepage current url 
2023-09-30 22:14:25 INFO  LogerClass:26 - login with valid crendetial
2023-09-30 22:14:25 INFO  LogerClass:28 - validate homepage current url 
2023-09-30 22:14:25 INFO  LogerClass:26 - login with valid crendetial
2023-09-30 22:14:25 INFO  LogerClass:28 - validate homepage current url 
2023-09-30 22:14:25 INFO  LogerClass:26 - login with valid crendetial
2023-09-30 22:14:25 INFO  LogerClass:28 - validate homepage current url 
2023-09-30 22:14:25 INFO  LogerClass:26 - login with valid crendetial
2023-09-30 22:14:25 INFO  LogerClass:28 - validate homepage current url 
2023-09-30 22:14:25 INFO  LogerClass:26 - login with valid crendetial
2023-09-30 22:14:25 INFO  LogerClass:28 - validate homepage current url 
2023-09-30 22:14:25 INFO  LogerClass:26 - login with valid crendetial
2023-09-30 22:14:25 INFO  LogerClass:28 - validate homepage current url 
2023-09-30 22:14:25 INFO  LogerClass:26 - login with valid crendetial
2023-09-30 22:14:25 INFO  LogerClass:28 - validate homepage current url 
2023-09-30 22:14:25 INFO  LogerClass:26 - login with valid crendetial
2023-09-30 22:14:25 INFO  LogerClass:28 - validate homepage current url 
2023-09-30 22:14:25 INFO  LogerClass:26 - login with valid crendetial
2023-09-30 22:14:25 INFO  LogerClass:28 - validate homepage current url 
2023-09-30 22:14:25 INFO  LogerClass:26 - login with valid crendetial
2023-09-30 22:14:25 INFO  LogerClass:28 - validate homepage current url 
2023-09-30 22:14:25 INFO  LogerClass:26 - login with valid crendetial
2023-09-30 22:14:25 INFO  LogerClass:28 - validate homepage current url 
2023-09-30 22:14:25 INFO  LogerClass:26 - login with valid crendetial
2023-09-30 22:14:25 INFO  LogerClass:28 - validate homepage current url 
2023-09-30 22:14:25 INFO  LogerClass:26 - login with valid crendetial
2023-09-30 22:14:25 INFO  LogerClass:28 - validate homepage current url 
2023-09-30 22:14:25 INFO  LogerClass:26 - login with valid crendetial
2023-09-30 22:14:25 INFO  LogerClass:28 - validate homepage current url 
2023-09-30 22:14:25 INFO  LogerClass:26 - login with valid crendetial
2023-09-30 22:14:25 INFO  LogerClass:28 - validate homepage current url 
2023-09-30 22:14:25 INFO  LogerClass:26 - login with valid crendetial
2023-09-30 22:14:25 INFO  LogerClass:28 - validate homepage current url 
2023-09-30 22:14:25 INFO  LogerClass:26 - login with valid crendetial
2023-09-30 22:14:25 INFO  LogerClass:28 - validate homepage current url 
2023-09-30 22:14:25 INFO  LogerClass:26 - login with valid crendetial
2023-09-30 22:14:25 INFO  LogerClass:28 - validate homepage current url 
2023-09-30 22:14:25 INFO  LogerClass:26 - login with valid crendetial
2023-09-30 22:14:25 INFO  LogerClass:28 - validate homepage current url 
2023-09-30 22:14:25 INFO  LogerClass:26 - login with valid crendetial
2023-09-30 22:14:25 INFO  LogerClass:28 - validate homepage current url 
2023-09-30 22:14:25 INFO  LogerClass:26 - login with valid crendetial
2023-09-30 22:14:25 INFO  LogerClass:28 - validate homepage current url 
2023-09-30 22:14:25 INFO  LogerClass:26 - login with valid crendetial
2023-09-30 22:14:25 INFO  LogerClass:28 - validate homepage current url 
2023-09-30 22:14:25 INFO  LogerClass:26 - login with valid crendetial
2023-09-30 22:14:25 INFO  LogerClass:28 - validate homepage current url 
2023-09-30 22:14:25 INFO  LogerClass:26 - login with valid crendetial
2023-09-30 22:14:25 INFO  LogerClass:28 - validate homepage current url 
2023-09-30 22:14:25 INFO  LogerClass:26 - login with valid crendetial
2023-09-30 22:14:25 INFO  LogerClass:28 - validate homepage current url 
2023-09-30 22:14:25 INFO  LogerClass:26 - login with valid crendetial
2023-09-30 22:14:25 INFO  LogerClass:28 - validate homepage current url 
2023-09-30 22:14:25 INFO  LogerClass:26 - login with valid crendetial
2023-09-30 22:14:25 INFO  LogerClass:28 - validate homepage current url 
2023-09-30 22:14:25 INFO  LogerClass:26 - login with valid crendetial
2023-09-30 22:14:25 INFO  LogerClass:28 - validate homepage current url 
2023-09-30 22:14:25 INFO  LogerClass:26 - login with valid crendetial
2023-09-30 22:14:25 INFO  LogerClass:28 - validate homepage current url 
2023-09-30 22:14:25 INFO  LogerClass:26 - login with valid crendetial
2023-09-30 22:14:25 INFO  LogerClass:28 - validate homepage current url 
2023-09-30 22:14:25 INFO  LogerClass:26 - login with valid crendetial
2023-09-30 22:14:25 INFO  LogerClass:28 - validate homepage current url 
2023-09-30 22:14:25 INFO  LogerClass:26 - login with valid crendetial
2023-09-30 22:14:25 INFO  LogerClass:28 - validate homepage current url 
2023-09-30 22:14:25 INFO  LogerClass:26 - login with valid crendetial
2023-09-30 22:14:25 INFO  LogerClass:28 - validate homepage current url 
2023-09-30 22:14:25 INFO  LogerClass:26 - login with valid crendetial
2023-09-30 22:14:25 INFO  LogerClass:28 - validate homepage current url 
2023-09-30 22:14:25 INFO  LogerClass:26 - login with valid crendetial
2023-09-30 22:14:25 INFO  LogerClass:28 - validate homepage current url 
2023-09-30 22:14:25 INFO  LogerClass:26 - login with valid crendetial
2023-09-30 22:14:25 INFO  LogerClass:28 - validate homepage current url 
2023-09-30 22:14:25 INFO  LogerClass:26 - login with valid crendetial
2023-09-30 22:14:25 INFO  LogerClass:28 - validate homepage current url 
2023-09-30 22:14:25 INFO  LogerClass:26 - login with valid crendetial
2023-09-30 22:14:25 INFO  LogerClass:28 - validate homepage current url 
2023-09-30 22:14:25 INFO  LogerClass:26 - login with valid crendetial
2023-09-30 22:14:25 INFO  LogerClass:28 - validate homepage current url 
2023-09-30 22:14:25 INFO  LogerClass:26 - login with valid crendetial
2023-09-30 22:14:25 INFO  LogerClass:28 - validate homepage current url 
2023-09-30 22:14:25 INFO  LogerClass:26 - login with valid crendetial
2023-09-30 22:14:25 INFO  LogerClass:28 - validate homepage current url 
2023-09-30 22:14:25 INFO  LogerClass:26 - login with valid crendetial
2023-09-30 22:14:25 INFO  LogerClass:28 - validate homepage current url 
2023-09-30 22:14:25 INFO  LogerClass:26 - login with valid crendetial
2023-09-30 22:14:25 INFO  LogerClass:28 - validate homepage current url 
2023-09-30 22:14:25 INFO  LogerClass:26 - login with valid crendetial
2023-09-30 22:14:25 INFO  LogerClass:28 - validate homepage current url 
2023-09-30 22:14:25 INFO  LogerClass:26 - login with valid crendetial
2023-09-30 22:14:25 INFO  LogerClass:28 - validate homepage current url 
2023-09-30 22:14:25 INFO  LogerClass:26 - login with valid crendetial
2023-09-30 22:14:25 INFO  LogerClass:28 - validate homepage current url 
2023-09-30 22:14:25 INFO  LogerClass:26 - login with valid crendetial
2023-09-30 22:14:25 INFO  LogerClass:28 - validate homepage current url 
2023-09-30 22:14:25 INFO  LogerClass:26 - login with valid crendetial
2023-09-30 22:14:25 INFO  LogerClass:28 - validate homepage current url 
2023-09-30 22:14:25 INFO  LogerClass:26 - login with valid crendetial
2023-09-30 22:14:25 INFO  LogerClass:28 - validate homepage current url 
2023-09-30 22:14:25 INFO  LogerClass:26 - login with valid crendetial
2023-09-30 22:14:25 INFO  LogerClass:28 - validate homepage current url 
2023-09-30 22:14:25 INFO  LogerClass:26 - login with valid crendetial
2023-09-30 22:14:25 INFO  LogerClass:28 - validate homepage current url 
2023-09-30 22:14:25 INFO  LogerClass:26 - login with valid crendetial
2023-09-30 22:14:25 INFO  LogerClass:28 - validate homepage current url 
2023-09-30 22:14:25 INFO  LogerClass:26 - login with valid crendetial
2023-09-30 22:14:25 INFO  LogerClass:28 - validate homepage current url 
2023-09-30 22:14:25 INFO  LogerClass:26 - login with valid crendetial
2023-09-30 22:14:25 INFO  LogerClass:28 - validate homepage current url 
2023-09-30 22:14:25 INFO  LogerClass:26 - login with valid crendetial
2023-09-30 22:14:25 INFO  LogerClass:28 - validate homepage current url 
2023-09-30 22:14:25 INFO  LogerClass:26 - login with valid crendetial
2023-09-30 22:14:25 INFO  LogerClass:28 - validate homepage current url 
2023-09-30 22:14:25 INFO  LogerClass:26 - login with valid crendetial
2023-09-30 22:14:25 INFO  LogerClass:28 - validate homepage current url 
2023-09-30 22:14:25 INFO  LogerClass:26 - login with valid crendetial
2023-09-30 22:14:25 INFO  LogerClass:28 - validate homepage current url 
2023-09-30 22:14:25 INFO  LogerClass:26 - login with valid crendetial
2023-09-30 22:14:25 INFO  LogerClass:28 - validate homepage current url 
2023-09-30 22:14:25 INFO  LogerClass:26 - login with valid crendetial
2023-09-30 22:14:25 INFO  LogerClass:28 - validate homepage current url 
2023-09-30 22:14:25 INFO  LogerClass:26 - login with valid crendetial
2023-09-30 22:14:25 INFO  LogerClass:28 - validate homepage current url 
2023-09-30 22:14:25 INFO  LogerClass:26 - login with valid crendetial
2023-09-30 22:14:25 INFO  LogerClass:28 - validate homepage current url 
2023-09-30 22:14:25 INFO  LogerClass:26 - login with valid crendetial
2023-09-30 22:14:25 INFO  LogerClass:28 - validate homepage current url 
2023-09-30 22:14:25 INFO  LogerClass:26 - login with valid crendetial
2023-09-30 22:14:25 INFO  LogerClass:28 - validate homepage current url 
2023-09-30 22:14:25 INFO  LogerClass:26 - login with valid crendetial
2023-09-30 22:14:25 INFO  LogerClass:28 - validate homepage current url 
2023-09-30 22:14:25 INFO  LogerClass:26 - login with valid crendetial
2023-09-30 22:14:25 INFO  LogerClass:28 - validate homepage current url 
2023-09-30 22:14:25 INFO  LogerClass:26 - login with valid crendetial
2023-09-30 22:14:25 INFO  LogerClass:28 - validate homepage current url 
2023-09-30 22:14:25 INFO  LogerClass:26 - login with valid crendetial
2023-09-30 22:14:25 INFO  LogerClass:28 - validate homepage current url 
2023-09-30 22:14:25 INFO  LogerClass:26 - login with valid crendetial
2023-09-30 22:14:25 INFO  LogerClass:28 - validate homepage current url 
2023-09-30 22:14:25 INFO  LogerClass:26 - login with valid crendetial
2023-09-30 22:14:25 INFO  LogerClass:28 - validate homepage current url 
2023-09-30 22:14:25 INFO  LogerClass:26 - login with valid crendetial
2023-09-30 22:14:25 INFO  LogerClass:28 - validate homepage current url 
2023-09-30 22:14:25 INFO  LogerClass:26 - login with valid crendetial
2023-09-30 22:14:25 INFO  LogerClass:28 - validate homepage current url 
2023-09-30 22:14:25 INFO  LogerClass:26 - login with valid crendetial
2023-09-30 22:14:25 INFO  LogerClass:28 - validate homepage current url 
2023-09-30 22:14:25 INFO  LogerClass:26 - login with valid crendetial
2023-09-30 22:14:25 INFO  LogerClass:28 - validate homepage current url 
2023-09-30 22:14:25 INFO  LogerClass:26 - login with valid crendetial
2023-09-30 22:14:25 INFO  LogerClass:28 - validate homepage current url 
2023-09-30 22:14:25 INFO  LogerClass:26 - login with valid crendetial
2023-09-30 22:14:25 INFO  LogerClass:28 - validate homepage current url 
2023-09-30 22:14:25 INFO  LogerClass:26 - login with valid crendetial
2023-09-30 22:14:25 INFO  LogerClass:28 - validate homepage current url 
2023-09-30 22:14:25 INFO  LogerClass:26 - login with valid crendetial
2023-09-30 22:14:25 INFO  LogerClass:28 - validate homepage current url 
2023-09-30 22:14:25 INFO  LogerClass:26 - login with valid crendetial
2023-09-30 22:14:25 INFO  LogerClass:28 - validate homepage current url 
2023-09-30 22:14:25 INFO  LogerClass:26 - login with valid crendetial
2023-09-30 22:14:25 INFO  LogerClass:28 - validate homepage current url 
2023-09-30 22:14:25 INFO  LogerClass:26 - login with valid crendetial
2023-09-30 22:14:25 INFO  LogerClass:28 - validate homepage current url 
2023-09-30 22:14:25 INFO  LogerClass:26 - login with valid crendetial
2023-09-30 22:14:25 INFO  LogerClass:28 - validate homepage current url 
2023-09-30 22:14:25 INFO  LogerClass:26 - login with valid crendetial
2023-09-30 22:14:25 INFO  LogerClass:28 - validate homepage current url 
2023-09-30 22:14:25 INFO  LogerClass:26 - login with valid crendetial
2023-09-30 22:14:25 INFO  LogerClass:28 - validate homepage current url 
2023-09-30 22:14:25 INFO  LogerClass:26 - login with valid crendetial
2023-09-30 22:14:25 INFO  LogerClass:28 - validate homepage current url 
2023-09-30 22:14:25 INFO  LogerClass:26 - login with valid crendetial
2023-09-30 22:14:25 INFO  LogerClass:28 - validate homepage current url 
2023-09-30 22:14:25 INFO  LogerClass:26 - login with valid crendetial
2023-09-30 22:14:25 INFO  LogerClass:28 - validate homepage current url 
2023-09-30 22:14:25 INFO  LogerClass:26 - login with valid crendetial
2023-09-30 22:14:25 INFO  LogerClass:28 - validate homepage current url 
2023-09-30 22:14:25 INFO  LogerClass:26 - login with valid crendetial
2023-09-30 22:14:25 INFO  LogerClass:28 - validate homepage current url 
2023-09-30 22:14:25 INFO  LogerClass:26 - login with valid crendetial
2023-09-30 22:14:25 INFO  LogerClass:28 - validate homepage current url 
2023-09-30 22:14:25 INFO  LogerClass:26 - login with valid crendetial
2023-09-30 22:14:25 INFO  LogerClass:28 - validate homepage current url 
2023-09-30 22:14:25 INFO  LogerClass:26 - login with valid crendetial
2023-09-30 22:14:25 INFO  LogerClass:28 - validate homepage current url 
2023-09-30 22:14:32 INFO  LogerClass:26 - login with valid crendetial
2023-09-30 22:14:32 INFO  LogerClass:28 - validate homepage current url 
2023-09-30 22:14:32 INFO  LogerClass:26 - login with valid crendetial
2023-09-30 22:14:32 INFO  LogerClass:28 - validate homepage current url 
2023-09-30 22:14:32 INFO  LogerClass:26 - login with valid crendetial
2023-09-30 22:14:32 INFO  LogerClass:28 - validate homepage current url 
2023-09-30 22:14:32 INFO  LogerClass:26 - login with valid crendetial
2023-09-30 22:14:32 INFO  LogerClass:28 - validate homepage current url 
2023-09-30 22:14:32 INFO  LogerClass:26 - login with valid crendetial
2023-09-30 22:14:32 INFO  LogerClass:28 - validate homepage current url 
2023-09-30 22:14:32 INFO  LogerClass:26 - login with valid crendetial
2023-09-30 22:14:32 INFO  LogerClass:28 - validate homepage current url 
2023-09-30 22:14:32 INFO  LogerClass:26 - login with valid crendetial
2023-09-30 22:14:32 INFO  LogerClass:28 - validate homepage current url 
2023-09-30 22:14:32 INFO  LogerClass:26 - login with valid crendetial
2023-09-30 22:14:32 INFO  LogerClass:28 - validate homepage current url 
2023-09-30 22:14:32 INFO  LogerClass:26 - login with valid crendetial
2023-09-30 22:14:32 INFO  LogerClass:28 - validate homepage current url 
2023-09-30 22:14:32 INFO  LogerClass:26 - login with valid crendetial
2023-09-30 22:14:32 INFO  LogerClass:28 - validate homepage current url 
2023-09-30 22:14:32 INFO  LogerClass:26 - login with valid crendetial
2023-09-30 22:14:32 INFO  LogerClass:28 - validate homepage current url 
2023-09-30 22:14:32 INFO  LogerClass:26 - login with valid crendetial
2023-09-30 22:14:32 INFO  LogerClass:28 - validate homepage current url 
2023-09-30 22:14:32 INFO  LogerClass:26 - login with valid crendetial
2023-09-30 22:14:32 INFO  LogerClass:28 - validate homepage current url 
2023-09-30 22:14:32 INFO  LogerClass:26 - login with valid crendetial
2023-09-30 22:14:32 INFO  LogerClass:28 - validate homepage current url 
2023-09-30 22:14:32 INFO  LogerClass:26 - login with valid crendetial
2023-09-30 22:14:32 INFO  LogerClass:28 - validate homepage current url 
2023-09-30 22:14:32 INFO  LogerClass:26 - login with valid crendetial
2023-09-30 22:14:32 INFO  LogerClass:28 - validate homepage current url 
2023-09-30 22:14:32 INFO  LogerClass:26 - login with valid crendetial
2023-09-30 22:14:32 INFO  LogerClass:28 - validate homepage current url 
2023-09-30 22:14:32 INFO  LogerClass:26 - login with valid crendetial
2023-09-30 22:14:32 INFO  LogerClass:28 - validate homepage current url 
2023-09-30 22:14:32 INFO  LogerClass:26 - login with valid crendetial
2023-09-30 22:14:32 INFO  LogerClass:28 - validate homepage current url 
2023-09-30 22:14:32 INFO  LogerClass:26 - login with valid crendetial
2023-09-30 22:14:32 INFO  LogerClass:28 - validate homepage current url 
2023-09-30 22:14:32 INFO  LogerClass:26 - login with valid crendetial
2023-09-30 22:14:32 INFO  LogerClass:28 - validate homepage current url 
2023-09-30 22:14:32 INFO  LogerClass:26 - login with valid crendetial
2023-09-30 22:14:32 INFO  LogerClass:28 - validate homepage current url 
2023-09-30 22:14:32 INFO  LogerClass:26 - login with valid crendetial
2023-09-30 22:14:32 INFO  LogerClass:28 - validate homepage current url 
2023-09-30 22:14:32 INFO  LogerClass:26 - login with valid crendetial
2023-09-30 22:14:32 INFO  LogerClass:28 - validate homepage current url 
2023-09-30 22:14:32 INFO  LogerClass:26 - login with valid crendetial
2023-09-30 22:14:32 INFO  LogerClass:28 - validate homepage current url 
2023-09-30 22:14:32 INFO  LogerClass:26 - login with valid crendetial
2023-09-30 22:14:32 INFO  LogerClass:28 - validate homepage current url 
2023-09-30 22:14:32 INFO  LogerClass:26 - login with valid crendetial
2023-09-30 22:14:32 INFO  LogerClass:28 - validate homepage current url 
2023-09-30 22:14:32 INFO  LogerClass:26 - login with valid crendetial
2023-09-30 22:14:32 INFO  LogerClass:28 - validate homepage current url 
2023-09-30 22:14:32 INFO  LogerClass:26 - login with valid crendetial
2023-09-30 22:14:32 INFO  LogerClass:28 - validate homepage current url 
2023-09-30 22:14:32 INFO  LogerClass:26 - login with valid crendetial
2023-09-30 22:14:32 INFO  LogerClass:28 - validate homepage current url 
2023-09-30 22:14:32 INFO  LogerClass:26 - login with valid crendetial
2023-09-30 22:14:32 INFO  LogerClass:28 - validate homepage current url 
2023-09-30 22:14:32 INFO  LogerClass:26 - login with valid crendetial
2023-09-30 22:14:32 INFO  LogerClass:28 - validate homepage current url 
2023-09-30 22:14:32 INFO  LogerClass:26 - login with valid crendetial
2023-09-30 22:14:32 INFO  LogerClass:28 - validate homepage current url 
2023-09-30 22:14:32 INFO  LogerClass:26 - login with valid crendetial
2023-09-30 22:14:32 INFO  LogerClass:28 - validate homepage current url 
2023-09-30 22:14:32 INFO  LogerClass:26 - login with valid crendetial
2023-09-30 22:14:32 INFO  LogerClass:28 - validate homepage current url 
2023-09-30 22:14:32 INFO  LogerClass:26 - login with valid crendetial
2023-09-30 22:14:32 INFO  LogerClass:28 - validate homepage current url 
2023-09-30 22:14:32 INFO  LogerClass:26 - login with valid crendetial
2023-09-30 22:14:32 INFO  LogerClass:28 - validate homepage current url 
2023-09-30 22:14:32 INFO  LogerClass:26 - login with valid crendetial
2023-09-30 22:14:32 INFO  LogerClass:28 - validate homepage current url 
2023-09-30 22:14:32 INFO  LogerClass:26 - login with valid crendetial
2023-09-30 22:14:32 INFO  LogerClass:28 - validate homepage current url 
2023-09-30 22:14:32 INFO  LogerClass:26 - login with valid crendetial
2023-09-30 22:14:32 INFO  LogerClass:28 - validate homepage current url 
2023-09-30 22:14:32 INFO  LogerClass:26 - login with valid crendetial
2023-09-30 22:14:32 INFO  LogerClass:28 - validate homepage current url 
2023-09-30 22:14:32 INFO  LogerClass:26 - login with valid crendetial
2023-09-30 22:14:32 INFO  LogerClass:28 - validate homepage current url 
2023-09-30 22:14:32 INFO  LogerClass:26 - login with valid crendetial
2023-09-30 22:14:32 INFO  LogerClass:28 - validate homepage current url 
2023-09-30 22:14:32 INFO  LogerClass:26 - login with valid crendetial
2023-09-30 22:14:32 INFO  LogerClass:28 - validate homepage current url 
2023-09-30 22:14:32 INFO  LogerClass:26 - login with valid crendetial
2023-09-30 22:14:32 INFO  LogerClass:28 - validate homepage current url 
2023-09-30 22:14:32 INFO  LogerClass:26 - login with valid crendetial
2023-09-30 22:14:32 INFO  LogerClass:28 - validate homepage current url 
2023-09-30 22:14:32 INFO  LogerClass:26 - login with valid crendetial
2023-09-30 22:14:32 INFO  LogerClass:28 - validate homepage current url 
2023-09-30 22:14:32 INFO  LogerClass:26 - login with valid crendetial
2023-09-30 22:14:32 INFO  LogerClass:28 - validate homepage current url 
2023-09-30 22:14:32 INFO  LogerClass:26 - login with valid crendetial
2023-09-30 22:14:32 INFO  LogerClass:28 - validate homepage current url 
2023-09-30 22:14:32 INFO  LogerClass:26 - login with valid crendetial
2023-09-30 22:14:32 INFO  LogerClass:28 - validate homepage current url 
2023-09-30 22:14:32 INFO  LogerClass:26 - login with valid crendetial
2023-09-30 22:14:32 INFO  LogerClass:28 - validate homepage current url 
2023-09-30 22:14:32 INFO  LogerClass:26 - login with valid crendetial
2023-09-30 22:14:32 INFO  LogerClass:28 - validate homepage current url 
2023-09-30 22:14:32 INFO  LogerClass:26 - login with valid crendetial
2023-09-30 22:14:32 INFO  LogerClass:28 - validate homepage current url 
2023-09-30 22:14:32 INFO  LogerClass:26 - login with valid crendetial
2023-09-30 22:14:32 INFO  LogerClass:28 - validate homepage current url 
2023-09-30 22:14:32 INFO  LogerClass:26 - login with valid crendetial
2023-09-30 22:14:32 INFO  LogerClass:28 - validate homepage current url 
2023-09-30 22:14:32 INFO  LogerClass:26 - login with valid crendetial
2023-09-30 22:14:32 INFO  LogerClass:28 - validate homepage current url 
2023-09-30 22:14:32 INFO  LogerClass:26 - login with valid crendetial
2023-09-30 22:14:32 INFO  LogerClass:28 - validate homepage current url 
2023-09-30 22:14:32 INFO  LogerClass:26 - login with valid crendetial
2023-09-30 22:14:32 INFO  LogerClass:28 - validate homepage current url 
2023-09-30 22:14:32 INFO  LogerClass:26 - login with valid crendetial
2023-09-30 22:14:32 INFO  LogerClass:28 - validate homepage current url 
2023-09-30 22:14:32 INFO  LogerClass:26 - login with valid crendetial
2023-09-30 22:14:32 INFO  LogerClass:28 - validate homepage current url 
2023-09-30 22:14:32 INFO  LogerClass:26 - login with valid crendetial
2023-09-30 22:14:32 INFO  LogerClass:28 - validate homepage current url 
2023-09-30 22:14:32 INFO  LogerClass:26 - login with valid crendetial
2023-09-30 22:14:32 INFO  LogerClass:28 - validate homepage current url 
2023-09-30 22:14:32 INFO  LogerClass:26 - login with valid crendetial
2023-09-30 22:14:32 INFO  LogerClass:28 - validate homepage current url 
2023-09-30 22:14:32 INFO  LogerClass:26 - login with valid crendetial
2023-09-30 22:14:32 INFO  LogerClass:28 - validate homepage current url 
2023-09-30 22:14:32 INFO  LogerClass:26 - login with valid crendetial
2023-09-30 22:14:32 INFO  LogerClass:28 - validate homepage current url 
2023-09-30 22:14:32 INFO  LogerClass:26 - login with valid crendetial
2023-09-30 22:14:32 INFO  LogerClass:28 - validate homepage current url 
2023-09-30 22:14:32 INFO  LogerClass:26 - login with valid crendetial
2023-09-30 22:14:32 INFO  LogerClass:28 - validate homepage current url 
2023-09-30 22:14:32 INFO  LogerClass:26 - login with valid crendetial
2023-09-30 22:14:32 INFO  LogerClass:28 - validate homepage current url 
2023-09-30 22:14:32 INFO  LogerClass:26 - login with valid crendetial
2023-09-30 22:14:32 INFO  LogerClass:28 - validate homepage current url 
2023-09-30 22:14:33 INFO  LogerClass:26 - login with valid crendetial
2023-09-30 22:14:33 INFO  LogerClass:28 - validate homepage current url 
2023-09-30 22:14:33 INFO  LogerClass:26 - login with valid crendetial
2023-09-30 22:14:33 INFO  LogerClass:28 - validate homepage current url 
2023-09-30 22:14:33 INFO  LogerClass:26 - login with valid crendetial
2023-09-30 22:14:33 INFO  LogerClass:28 - validate homepage current url 
2023-09-30 22:14:33 INFO  LogerClass:26 - login with valid crendetial
2023-09-30 22:14:33 INFO  LogerClass:28 - validate homepage current url 
2023-09-30 22:14:33 INFO  LogerClass:26 - login with valid crendetial
2023-09-30 22:14:33 INFO  LogerClass:28 - validate homepage current url 
2023-09-30 22:14:33 INFO  LogerClass:26 - login with valid crendetial
2023-09-30 22:14:33 INFO  LogerClass:28 - validate homepage current url 
2023-09-30 22:14:33 INFO  LogerClass:26 - login with valid crendetial
2023-09-30 22:14:33 INFO  LogerClass:28 - validate homepage current url 
2023-09-30 22:14:33 INFO  LogerClass:26 - login with valid crendetial
2023-09-30 22:14:33 INFO  LogerClass:28 - validate homepage current url 
2023-09-30 22:14:33 INFO  LogerClass:26 - login with valid crendetial
2023-09-30 22:14:33 INFO  LogerClass:28 - validate homepage current url 
2023-09-30 22:14:33 INFO  LogerClass:26 - login with valid crendetial
2023-09-30 22:14:33 INFO  LogerClass:28 - validate homepage current url 
2023-09-30 22:14:33 INFO  LogerClass:26 - login with valid crendetial
2023-09-30 22:14:33 INFO  LogerClass:28 - validate homepage current url 
2023-09-30 22:14:33 INFO  LogerClass:26 - login with valid crendetial
2023-09-30 22:14:33 INFO  LogerClass:28 - validate homepage current url 
2023-09-30 22:14:33 INFO  LogerClass:26 - login with valid crendetial
2023-09-30 22:14:33 INFO  LogerClass:28 - validate homepage current url 
2023-09-30 22:14:33 INFO  LogerClass:26 - login with valid crendetial
2023-09-30 22:14:33 INFO  LogerClass:28 - validate homepage current url 
2023-09-30 22:14:33 INFO  LogerClass:26 - login with valid crendetial
2023-09-30 22:14:33 INFO  LogerClass:28 - validate homepage current url 
2023-09-30 22:14:33 INFO  LogerClass:26 - login with valid crendetial
2023-09-30 22:14:33 INFO  LogerClass:28 - validate homepage current url 
2023-09-30 22:14:33 INFO  LogerClass:26 - login with valid crendetial
2023-09-30 22:14:33 INFO  LogerClass:28 - validate homepage current url 
2023-09-30 22:14:33 INFO  LogerClass:26 - login with valid crendetial
2023-09-30 22:14:33 INFO  LogerClass:28 - validate homepage current url 
2023-09-30 22:14:33 INFO  LogerClass:26 - login with valid crendetial
2023-09-30 22:14:33 INFO  LogerClass:28 - validate homepage current url 
2023-09-30 22:14:33 INFO  LogerClass:26 - login with valid crendetial
2023-09-30 22:14:33 INFO  LogerClass:28 - validate homepage current url 
2023-09-30 22:14:33 INFO  LogerClass:26 - login with valid crendetial
2023-09-30 22:14:33 INFO  LogerClass:28 - validate homepage current url 
2023-09-30 22:14:33 INFO  LogerClass:26 - login with valid crendetial
2023-09-30 22:14:33 INFO  LogerClass:28 - validate homepage current url 
2023-09-30 22:14:33 INFO  LogerClass:26 - login with valid crendetial
2023-09-30 22:14:33 INFO  LogerClass:28 - validate homepage current url 
2023-09-30 22:14:33 INFO  LogerClass:26 - login with valid crendetial
2023-09-30 22:14:33 INFO  LogerClass:28 - validate homepage current url 
2023-09-30 22:14:33 INFO  LogerClass:26 - login with valid crendetial
2023-09-30 22:14:33 INFO  LogerClass:28 - validate homepage current url 
2023-09-30 22:14:33 INFO  LogerClass:26 - login with valid crendetial
2023-09-30 22:14:33 INFO  LogerClass:28 - validate homepage current url 
2023-09-30 22:14:33 INFO  LogerClass:26 - login with valid crendetial
2023-09-30 22:14:33 INFO  LogerClass:28 - validate homepage current url 
2023-09-30 22:14:33 INFO  LogerClass:26 - login with valid crendetial
2023-09-30 22:14:33 INFO  LogerClass:28 - validate homepage current url 
2023-09-30 22:14:33 INFO  LogerClass:26 - login with valid crendetial
2023-09-30 22:14:33 INFO  LogerClass:28 - validate homepage current url 
2023-09-30 22:14:33 INFO  LogerClass:26 - login with valid crendetial
2023-09-30 22:14:33 INFO  LogerClass:28 - validate homepage current url 
2023-09-30 22:14:33 INFO  LogerClass:26 - login with valid crendetial
2023-09-30 22:14:33 INFO  LogerClass:28 - validate homepage current url 
2023-09-30 22:14:33 INFO  LogerClass:26 - login with valid crendetial
2023-09-30 22:14:33 INFO  LogerClass:28 - validate homepage current url 
2023-09-30 22:14:33 INFO  LogerClass:26 - login with valid crendetial
2023-09-30 22:14:33 INFO  LogerClass:28 - validate homepage current url 
2023-09-30 22:14:33 INFO  LogerClass:26 - login with valid crendetial
2023-09-30 22:14:33 INFO  LogerClass:28 - validate homepage current url 
2023-09-30 22:14:33 INFO  LogerClass:26 - login with valid crendetial
2023-09-30 22:14:33 INFO  LogerClass:28 - validate homepage current url 
2023-09-30 22:14:33 INFO  LogerClass:26 - login with valid crendetial
2023-09-30 22:14:33 INFO  LogerClass:28 - validate homepage current url 
2023-09-30 22:14:33 INFO  LogerClass:26 - login with valid crendetial
2023-09-30 22:14:33 INFO  LogerClass:28 - validate homepage current url 
2023-09-30 22:14:33 INFO  LogerClass:26 - login with valid crendetial
2023-09-30 22:14:33 INFO  LogerClass:28 - validate homepage current url 
2023-09-30 22:14:33 INFO  LogerClass:26 - login with valid crendetial
2023-09-30 22:14:33 INFO  LogerClass:28 - validate homepage current url 
2023-09-30 22:14:33 INFO  LogerClass:26 - login with valid crendetial
2023-09-30 22:14:33 INFO  LogerClass:28 - validate homepage current url 
2023-09-30 22:14:33 INFO  LogerClass:26 - login with valid crendetial
2023-09-30 22:14:33 INFO  LogerClass:28 - validate homepage current url 
2023-09-30 22:14:33 INFO  LogerClass:26 - login with valid crendetial
2023-09-30 22:14:33 INFO  LogerClass:28 - validate homepage current url 
2023-09-30 22:14:33 INFO  LogerClass:26 - login with valid crendetial
2023-09-30 22:14:33 INFO  LogerClass:28 - validate homepage current url 
2023-09-30 22:14:33 INFO  LogerClass:26 - login with valid crendetial
2023-09-30 22:14:33 INFO  LogerClass:28 - validate homepage current url 
2023-09-30 22:14:33 INFO  LogerClass:26 - login with valid crendetial
2023-09-30 22:14:33 INFO  LogerClass:28 - validate homepage current url 
2023-09-30 22:14:33 INFO  LogerClass:26 - login with valid crendetial
2023-09-30 22:14:33 INFO  LogerClass:28 - validate homepage current url 
2023-09-30 22:14:33 INFO  LogerClass:26 - login with valid crendetial
2023-09-30 22:14:33 INFO  LogerClass:28 - validate homepage current url 
2023-09-30 22:14:33 INFO  LogerClass:26 - login with valid crendetial
2023-09-30 22:14:33 INFO  LogerClass:28 - validate homepage current url 
2023-09-30 22:14:33 INFO  LogerClass:26 - login with valid crendetial
2023-09-30 22:14:33 INFO  LogerClass:28 - validate homepage current url 
2023-09-30 22:14:33 INFO  LogerClass:26 - login with valid crendetial
2023-09-30 22:14:33 INFO  LogerClass:28 - validate homepage current url 
2023-09-30 22:14:33 INFO  LogerClass:26 - login with valid crendetial
2023-09-30 22:14:33 INFO  LogerClass:28 - validate homepage current url 
2023-09-30 22:14:33 INFO  LogerClass:26 - login with valid crendetial
2023-09-30 22:14:33 INFO  LogerClass:28 - validate homepage current url 
2023-09-30 22:14:33 INFO  LogerClass:26 - login with valid crendetial
2023-09-30 22:14:33 INFO  LogerClass:28 - validate homepage current url 
2023-09-30 22:14:33 INFO  LogerClass:26 - login with valid crendetial
2023-09-30 22:14:33 INFO  LogerClass:28 - validate homepage current url 
2023-09-30 22:14:33 INFO  LogerClass:26 - login with valid crendetial
2023-09-30 22:14:33 INFO  LogerClass:28 - validate homepage current url 
2023-09-30 22:14:33 INFO  LogerClass:26 - login with valid crendetial
2023-09-30 22:14:33 INFO  LogerClass:28 - validate homepage current url 
2023-09-30 22:14:33 INFO  LogerClass:26 - login with valid crendetial
2023-09-30 22:14:33 INFO  LogerClass:28 - validate homepage current url 
2023-09-30 22:14:33 INFO  LogerClass:26 - login with valid crendetial
2023-09-30 22:14:33 INFO  LogerClass:28 - validate homepage current url 
2023-09-30 22:14:33 INFO  LogerClass:26 - login with valid crendetial
2023-09-30 22:14:33 INFO  LogerClass:28 - validate homepage current url 
2023-09-30 22:14:33 INFO  LogerClass:26 - login with valid crendetial
2023-09-30 22:14:33 INFO  LogerClass:28 - validate homepage current url 
2023-09-30 22:14:33 INFO  LogerClass:26 - login with valid crendetial
2023-09-30 22:14:33 INFO  LogerClass:28 - validate homepage current url 
2023-09-30 22:14:33 INFO  LogerClass:26 - login with valid crendetial
2023-09-30 22:14:33 INFO  LogerClass:28 - validate homepage current url 
2023-09-30 22:14:33 INFO  LogerClass:26 - login with valid crendetial
2023-09-30 22:14:33 INFO  LogerClass:28 - validate homepage current url 
2023-09-30 22:14:33 INFO  LogerClass:26 - login with valid crendetial
2023-09-30 22:14:33 INFO  LogerClass:28 - validate homepage current url 
2023-09-30 22:14:33 INFO  LogerClass:26 - login with valid crendetial
2023-09-30 22:14:33 INFO  LogerClass:28 - validate homepage current url 
2023-09-30 22:14:33 INFO  LogerClass:26 - login with valid crendetial
2023-09-30 22:14:33 INFO  LogerClass:28 - validate homepage current url 
2023-09-30 22:14:33 INFO  LogerClass:26 - login with valid crendetial
2023-09-30 22:14:33 INFO  LogerClass:28 - validate homepage current url 
2023-09-30 22:14:33 INFO  LogerClass:26 - login with valid crendetial
2023-09-30 22:14:33 INFO  LogerClass:28 - validate homepage current url 
2023-09-30 22:14:33 INFO  LogerClass:26 - login with valid crendetial
2023-09-30 22:14:33 INFO  LogerClass:28 - validate homepage current url 
2023-09-30 22:14:33 INFO  LogerClass:26 - login with valid crendetial
2023-09-30 22:14:33 INFO  LogerClass:28 - validate homepage current url 
2023-09-30 22:14:33 INFO  LogerClass:26 - login with valid crendetial
2023-09-30 22:14:33 INFO  LogerClass:28 - validate homepage current url 
2023-09-30 22:14:33 INFO  LogerClass:26 - login with valid crendetial
2023-09-30 22:14:33 INFO  LogerClass:28 - validate homepage current url 
2023-09-30 22:14:33 INFO  LogerClass:26 - login with valid crendetial
2023-09-30 22:14:33 INFO  LogerClass:28 - validate homepage current url 
2023-09-30 22:14:33 INFO  LogerClass:26 - login with valid crendetial
2023-09-30 22:14:33 INFO  LogerClass:28 - validate homepage current url 
2023-09-30 22:14:33 INFO  LogerClass:26 - login with valid crendetial
2023-09-30 22:14:33 INFO  LogerClass:28 - validate homepage current url 
2023-09-30 22:14:33 INFO  LogerClass:26 - login with valid crendetial
2023-09-30 22:14:33 INFO  LogerClass:28 - validate homepage current url 
2023-09-30 22:14:33 INFO  LogerClass:26 - login with valid crendetial
2023-09-30 22:14:33 INFO  LogerClass:28 - validate homepage current url 
2023-09-30 22:14:33 INFO  LogerClass:26 - login with valid crendetial
2023-09-30 22:14:33 INFO  LogerClass:28 - validate homepage current url 
2023-09-30 22:14:33 INFO  LogerClass:26 - login with valid crendetial
2023-09-30 22:14:33 INFO  LogerClass:28 - validate homepage current url 
2023-09-30 22:14:33 INFO  LogerClass:26 - login with valid crendetial
2023-09-30 22:14:33 INFO  LogerClass:28 - validate homepage current url 
2023-09-30 22:14:33 INFO  LogerClass:26 - login with valid crendetial
2023-09-30 22:14:33 INFO  LogerClass:28 - validate homepage current url 
2023-09-30 22:14:33 INFO  LogerClass:26 - login with valid crendetial
2023-09-30 22:14:33 INFO  LogerClass:28 - validate homepage current url 
2023-09-30 22:14:33 INFO  LogerClass:26 - login with valid crendetial
2023-09-30 22:14:33 INFO  LogerClass:28 - validate homepage current url 
2023-09-30 22:14:33 INFO  LogerClass:26 - login with valid crendetial
2023-09-30 22:14:33 INFO  LogerClass:28 - validate homepage current url 
2023-09-30 22:14:33 INFO  LogerClass:26 - login with valid crendetial
2023-09-30 22:14:33 INFO  LogerClass:28 - validate homepage current url 
2023-09-30 22:14:33 INFO  LogerClass:26 - login with valid crendetial
2023-09-30 22:14:33 INFO  LogerClass:28 - validate homepage current url 
2023-09-30 22:14:33 INFO  LogerClass:26 - login with valid crendetial
2023-09-30 22:14:33 INFO  LogerClass:28 - validate homepage current url 
2023-09-30 22:14:33 INFO  LogerClass:26 - login with valid crendetial
2023-09-30 22:14:33 INFO  LogerClass:28 - validate homepage current url 
2023-09-30 22:14:33 INFO  LogerClass:26 - login with valid crendetial
2023-09-30 22:14:33 INFO  LogerClass:28 - validate homepage current url 
2023-09-30 22:14:33 INFO  LogerClass:26 - login with valid crendetial
2023-09-30 22:14:33 INFO  LogerClass:28 - validate homepage current url 
2023-09-30 22:14:33 INFO  LogerClass:26 - login with valid crendetial
2023-09-30 22:14:33 INFO  LogerClass:28 - validate homepage current url 
2023-09-30 22:14:33 INFO  LogerClass:26 - login with valid crendetial
2023-09-30 22:14:33 INFO  LogerClass:28 - validate homepage current url 
2023-09-30 22:14:33 INFO  LogerClass:26 - login with valid crendetial
2023-09-30 22:14:33 INFO  LogerClass:28 - validate homepage current url 
2023-09-30 22:14:33 INFO  LogerClass:26 - login with valid crendetial
2023-09-30 22:14:33 INFO  LogerClass:28 - validate homepage current url 
2023-09-30 22:14:33 INFO  LogerClass:26 - login with valid crendetial
2023-09-30 22:14:33 INFO  LogerClass:28 - validate homepage current url 
2023-09-30 22:14:33 INFO  LogerClass:26 - login with valid crendetial
2023-09-30 22:14:33 INFO  LogerClass:28 - validate homepage current url 
2023-09-30 22:14:33 INFO  LogerClass:26 - login with valid crendetial
2023-09-30 22:14:33 INFO  LogerClass:28 - validate homepage current url 
2023-09-30 22:14:33 INFO  LogerClass:26 - login with valid crendetial
2023-09-30 22:14:33 INFO  LogerClass:28 - validate homepage current url 
2023-09-30 22:14:33 INFO  LogerClass:26 - login with valid crendetial
2023-09-30 22:14:33 INFO  LogerClass:28 - validate homepage current url 
2023-09-30 22:14:33 INFO  LogerClass:26 - login with valid crendetial
2023-09-30 22:14:33 INFO  LogerClass:28 - validate homepage current url 
2023-09-30 22:14:33 INFO  LogerClass:26 - login with valid crendetial
2023-09-30 22:14:33 INFO  LogerClass:28 - validate homepage current url 
2023-09-30 22:14:33 INFO  LogerClass:26 - login with valid crendetial
2023-09-30 22:14:33 INFO  LogerClass:28 - validate homepage current url 
2023-09-30 22:14:33 INFO  LogerClass:26 - login with valid crendetial
2023-09-30 22:14:33 INFO  LogerClass:28 - validate homepage current url 
2023-09-30 22:14:33 INFO  LogerClass:26 - login with valid crendetial
2023-09-30 22:14:33 INFO  LogerClass:28 - validate homepage current url 
2023-09-30 22:14:33 INFO  LogerClass:26 - login with valid crendetial
2023-09-30 22:14:33 INFO  LogerClass:28 - validate homepage current url 
2023-09-30 22:14:33 INFO  LogerClass:26 - login with valid crendetial
2023-09-30 22:14:33 INFO  LogerClass:28 - validate homepage current url 
2023-09-30 22:14:33 INFO  LogerClass:26 - login with valid crendetial
2023-09-30 22:14:33 INFO  LogerClass:28 - validate homepage current url 
2023-09-30 22:14:33 INFO  LogerClass:26 - login with valid crendetial
2023-09-30 22:14:33 INFO  LogerClass:28 - validate homepage current url 
2023-09-30 22:14:33 INFO  LogerClass:26 - login with valid crendetial
2023-09-30 22:14:33 INFO  LogerClass:28 - validate homepage current url 
2023-09-30 22:14:33 INFO  LogerClass:26 - login with valid crendetial
2023-09-30 22:14:33 INFO  LogerClass:28 - validate homepage current url 
2023-09-30 22:14:33 INFO  LogerClass:26 - login with valid crendetial
2023-09-30 22:14:33 INFO  LogerClass:28 - validate homepage current url 
2023-09-30 22:14:33 INFO  LogerClass:26 - login with valid crendetial
2023-09-30 22:14:33 INFO  LogerClass:28 - validate homepage current url 
2023-09-30 22:14:33 INFO  LogerClass:26 - login with valid crendetial
2023-09-30 22:14:33 INFO  LogerClass:28 - validate homepage current url 
2023-09-30 22:14:33 INFO  LogerClass:26 - login with valid crendetial
2023-09-30 22:14:33 INFO  LogerClass:28 - validate homepage current url 
2023-09-30 22:14:33 INFO  LogerClass:26 - login with valid crendetial
2023-09-30 22:14:33 INFO  LogerClass:28 - validate homepage current url 
2023-09-30 22:14:33 INFO  LogerClass:26 - login with valid crendetial
2023-09-30 22:14:33 INFO  LogerClass:28 - validate homepage current url 
2023-09-30 22:14:33 INFO  LogerClass:26 - login with valid crendetial
2023-09-30 22:14:33 INFO  LogerClass:28 - validate homepage current url 
2023-09-30 22:14:33 INFO  LogerClass:26 - login with valid crendetial
2023-09-30 22:14:33 INFO  LogerClass:28 - validate homepage current url 
2023-09-30 22:14:33 INFO  LogerClass:26 - login with valid crendetial
2023-09-30 22:14:33 INFO  LogerClass:28 - validate homepage current url 
2023-09-30 22:14:33 INFO  LogerClass:26 - login with valid crendetial
2023-09-30 22:14:33 INFO  LogerClass:28 - validate homepage current url 
2023-09-30 22:14:33 INFO  LogerClass:26 - login with valid crendetial
2023-09-30 22:14:33 INFO  LogerClass:28 - validate homepage current url 
2023-09-30 22:14:33 INFO  LogerClass:26 - login with valid crendetial
2023-09-30 22:14:33 INFO  LogerClass:28 - validate homepage current url 
2023-09-30 22:14:33 INFO  LogerClass:26 - login with valid crendetial
2023-09-30 22:14:33 INFO  LogerClass:28 - validate homepage current url 
2023-09-30 22:14:33 INFO  LogerClass:26 - login with valid crendetial
2023-09-30 22:14:33 INFO  LogerClass:28 - validate homepage current url 
2023-09-30 22:14:33 INFO  LogerClass:26 - login with valid crendetial
2023-09-30 22:14:33 INFO  LogerClass:28 - validate homepage current url 
2023-09-30 22:14:33 INFO  LogerClass:26 - login with valid crendetial
2023-09-30 22:14:33 INFO  LogerClass:28 - validate homepage current url 
2023-09-30 22:14:33 INFO  LogerClass:26 - login with valid crendetial
2023-09-30 22:14:33 INFO  LogerClass:28 - validate homepage current url 
2023-09-30 22:14:33 INFO  LogerClass:26 - login with valid crendetial
2023-09-30 22:14:33 INFO  LogerClass:28 - validate homepage current url 
2023-09-30 22:14:33 INFO  LogerClass:26 - login with valid crendetial
2023-09-30 22:14:33 INFO  LogerClass:28 - validate homepage current url 
2023-09-30 22:14:37 INFO  LogerClass:26 - login with valid crendetial
2023-09-30 22:14:37 INFO  LogerClass:28 - validate homepage current url 
2023-09-30 22:14:37 INFO  LogerClass:26 - login with valid crendetial
2023-09-30 22:14:37 INFO  LogerClass:28 - validate homepage current url 
2023-09-30 22:14:37 INFO  LogerClass:26 - login with valid crendetial
2023-09-30 22:14:37 INFO  LogerClass:28 - validate homepage current url 
2023-09-30 22:14:37 INFO  LogerClass:26 - login with valid crendetial
2023-09-30 22:14:37 INFO  LogerClass:28 - validate homepage current url 
2023-09-30 22:14:37 INFO  LogerClass:26 - login with valid crendetial
2023-09-30 22:14:37 INFO  LogerClass:28 - validate homepage current url 
2023-09-30 22:14:37 INFO  LogerClass:26 - login with valid crendetial
2023-09-30 22:14:37 INFO  LogerClass:28 - validate homepage current url 
2023-09-30 22:14:37 INFO  LogerClass:26 - login with valid crendetial
2023-09-30 22:14:37 INFO  LogerClass:28 - validate homepage current url 
2023-09-30 22:14:37 INFO  LogerClass:26 - login with valid crendetial
2023-09-30 22:14:37 INFO  LogerClass:28 - validate homepage current url 
2023-09-30 22:14:37 INFO  LogerClass:26 - login with valid crendetial
2023-09-30 22:14:37 INFO  LogerClass:28 - validate homepage current url 
2023-09-30 22:14:37 INFO  LogerClass:26 - login with valid crendetial
2023-09-30 22:14:37 INFO  LogerClass:28 - validate homepage current url 
2023-09-30 22:14:37 INFO  LogerClass:26 - login with valid crendetial
2023-09-30 22:14:37 INFO  LogerClass:28 - validate homepage current url 
2023-09-30 22:14:37 INFO  LogerClass:26 - login with valid crendetial
2023-09-30 22:14:37 INFO  LogerClass:28 - validate homepage current url 
2023-09-30 22:14:37 INFO  LogerClass:26 - login with valid crendetial
2023-09-30 22:14:37 INFO  LogerClass:28 - validate homepage current url 
2023-09-30 22:14:37 INFO  LogerClass:26 - login with valid crendetial
2023-09-30 22:14:37 INFO  LogerClass:28 - validate homepage current url 
2023-09-30 22:14:37 INFO  LogerClass:26 - login with valid crendetial
2023-09-30 22:14:37 INFO  LogerClass:28 - validate homepage current url 
2023-09-30 22:14:37 INFO  LogerClass:26 - login with valid crendetial
2023-09-30 22:14:37 INFO  LogerClass:28 - validate homepage current url 
2023-09-30 22:14:37 INFO  LogerClass:26 - login with valid crendetial
2023-09-30 22:14:37 INFO  LogerClass:28 - validate homepage current url 
2023-09-30 22:14:37 INFO  LogerClass:26 - login with valid crendetial
2023-09-30 22:14:37 INFO  LogerClass:28 - validate homepage current url 
2023-09-30 22:14:37 INFO  LogerClass:26 - login with valid crendetial
2023-09-30 22:14:37 INFO  LogerClass:28 - validate homepage current url 
2023-09-30 22:14:37 INFO  LogerClass:26 - login with valid crendetial
2023-09-30 22:14:37 INFO  LogerClass:28 - validate homepage current url 
2023-09-30 22:14:37 INFO  LogerClass:26 - login with valid crendetial
2023-09-30 22:14:37 INFO  LogerClass:28 - validate homepage current url 
2023-09-30 22:14:37 INFO  LogerClass:26 - login with valid crendetial
2023-09-30 22:14:37 INFO  LogerClass:28 - validate homepage current url 
2023-09-30 22:14:37 INFO  LogerClass:26 - login with valid crendetial
2023-09-30 22:14:37 INFO  LogerClass:28 - validate homepage current url 
2023-09-30 22:14:37 INFO  LogerClass:26 - login with valid crendetial
2023-09-30 22:14:37 INFO  LogerClass:28 - validate homepage current url 
2023-09-30 22:14:37 INFO  LogerClass:26 - login with valid crendetial
2023-09-30 22:14:37 INFO  LogerClass:28 - validate homepage current url 
2023-09-30 22:14:37 INFO  LogerClass:26 - login with valid crendetial
2023-09-30 22:14:37 INFO  LogerClass:28 - validate homepage current url 
2023-09-30 22:14:37 INFO  LogerClass:26 - login with valid crendetial
2023-09-30 22:14:37 INFO  LogerClass:28 - validate homepage current url 
2023-09-30 22:14:37 INFO  LogerClass:26 - login with valid crendetial
2023-09-30 22:14:37 INFO  LogerClass:28 - validate homepage current url 
2023-09-30 22:14:37 INFO  LogerClass:26 - login with valid crendetial
2023-09-30 22:14:37 INFO  LogerClass:28 - validate homepage current url 
2023-09-30 22:14:37 INFO  LogerClass:26 - login with valid crendetial
2023-09-30 22:14:37 INFO  LogerClass:28 - validate homepage current url 
2023-09-30 22:14:37 INFO  LogerClass:26 - login with valid crendetial
2023-09-30 22:14:37 INFO  LogerClass:28 - validate homepage current url 
2023-09-30 22:14:37 INFO  LogerClass:26 - login with valid crendetial
2023-09-30 22:14:37 INFO  LogerClass:28 - validate homepage current url 
2023-09-30 22:14:37 INFO  LogerClass:26 - login with valid crendetial
2023-09-30 22:14:37 INFO  LogerClass:28 - validate homepage current url 
2023-09-30 22:14:37 INFO  LogerClass:26 - login with valid crendetial
2023-09-30 22:14:37 INFO  LogerClass:28 - validate homepage current url 
2023-09-30 22:14:37 INFO  LogerClass:26 - login with valid crendetial
2023-09-30 22:14:37 INFO  LogerClass:28 - validate homepage current url 
2023-09-30 22:14:37 INFO  LogerClass:26 - login with valid crendetial
2023-09-30 22:14:37 INFO  LogerClass:28 - validate homepage current url 
2023-09-30 22:14:37 INFO  LogerClass:26 - login with valid crendetial
2023-09-30 22:14:37 INFO  LogerClass:28 - validate homepage current url 
2023-09-30 22:14:37 INFO  LogerClass:26 - login with valid crendetial
2023-09-30 22:14:37 INFO  LogerClass:28 - validate homepage current url 
2023-09-30 22:14:37 INFO  LogerClass:26 - login with valid crendetial
2023-09-30 22:14:37 INFO  LogerClass:28 - validate homepage current url 
2023-09-30 22:14:37 INFO  LogerClass:26 - login with valid crendetial
2023-09-30 22:14:37 INFO  LogerClass:28 - validate homepage current url 
2023-09-30 22:14:37 INFO  LogerClass:26 - login with valid crendetial
2023-09-30 22:14:37 INFO  LogerClass:28 - validate homepage current url 
2023-09-30 22:14:37 INFO  LogerClass:26 - login with valid crendetial
2023-09-30 22:14:37 INFO  LogerClass:28 - validate homepage current url 
2023-09-30 22:14:37 INFO  LogerClass:26 - login with valid crendetial
2023-09-30 22:14:37 INFO  LogerClass:28 - validate homepage current url 
2023-09-30 22:14:37 INFO  LogerClass:26 - login with valid crendetial
2023-09-30 22:14:37 INFO  LogerClass:28 - validate homepage current url 
2023-09-30 22:14:37 INFO  LogerClass:26 - login with valid crendetial
2023-09-30 22:14:37 INFO  LogerClass:28 - validate homepage current url 
2023-09-30 22:14:37 INFO  LogerClass:26 - login with valid crendetial
2023-09-30 22:14:37 INFO  LogerClass:28 - validate homepage current url 
2023-09-30 22:14:37 INFO  LogerClass:26 - login with valid crendetial
2023-09-30 22:14:37 INFO  LogerClass:28 - validate homepage current url 
2023-09-30 22:14:37 INFO  LogerClass:26 - login with valid crendetial
2023-09-30 22:14:37 INFO  LogerClass:28 - validate homepage current url 
2023-09-30 22:14:37 INFO  LogerClass:26 - login with valid crendetial
2023-09-30 22:14:37 INFO  LogerClass:28 - validate homepage current url 
2023-09-30 22:14:37 INFO  LogerClass:26 - login with valid crendetial
2023-09-30 22:14:37 INFO  LogerClass:28 - validate homepage current url 
2023-09-30 22:14:37 INFO  LogerClass:26 - login with valid crendetial
2023-09-30 22:14:37 INFO  LogerClass:28 - validate homepage current url 
2023-09-30 22:14:37 INFO  LogerClass:26 - login with valid crendetial
2023-09-30 22:14:37 INFO  LogerClass:28 - validate homepage current url 
2023-09-30 22:14:37 INFO  LogerClass:26 - login with valid crendetial
2023-09-30 22:14:37 INFO  LogerClass:28 - validate homepage current url 
2023-09-30 22:14:37 INFO  LogerClass:26 - login with valid crendetial
2023-09-30 22:14:37 INFO  LogerClass:28 - validate homepage current url 
2023-09-30 22:14:37 INFO  LogerClass:26 - login with valid crendetial
2023-09-30 22:14:37 INFO  LogerClass:28 - validate homepage current url 
2023-09-30 22:14:37 INFO  LogerClass:26 - login with valid crendetial
2023-09-30 22:14:37 INFO  LogerClass:28 - validate homepage current url 
2023-09-30 22:14:37 INFO  LogerClass:26 - login with valid crendetial
2023-09-30 22:14:37 INFO  LogerClass:28 - validate homepage current url 
2023-09-30 22:14:37 INFO  LogerClass:26 - login with valid crendetial
2023-09-30 22:14:37 INFO  LogerClass:28 - validate homepage current url 
2023-09-30 22:14:37 INFO  LogerClass:26 - login with valid crendetial
2023-09-30 22:14:37 INFO  LogerClass:28 - validate homepage current url 
2023-09-30 22:14:37 INFO  LogerClass:26 - login with valid crendetial
2023-09-30 22:14:37 INFO  LogerClass:28 - validate homepage current url 
2023-09-30 22:14:37 INFO  LogerClass:26 - login with valid crendetial
2023-09-30 22:14:37 INFO  LogerClass:28 - validate homepage current url 
2023-09-30 22:14:37 INFO  LogerClass:26 - login with valid crendetial
2023-09-30 22:14:37 INFO  LogerClass:28 - validate homepage current url 
2023-09-30 22:14:37 INFO  LogerClass:26 - login with valid crendetial
2023-09-30 22:14:37 INFO  LogerClass:28 - validate homepage current url 
2023-09-30 22:14:37 INFO  LogerClass:26 - login with valid crendetial
2023-09-30 22:14:37 INFO  LogerClass:28 - validate homepage current url 
2023-09-30 22:14:37 INFO  LogerClass:26 - login with valid crendetial
2023-09-30 22:14:37 INFO  LogerClass:28 - validate homepage current url 
2023-09-30 22:14:37 INFO  LogerClass:26 - login with valid crendetial
2023-09-30 22:14:37 INFO  LogerClass:28 - validate homepage current url 
2023-09-30 22:14:37 INFO  LogerClass:26 - login with valid crendetial
2023-09-30 22:14:37 INFO  LogerClass:28 - validate homepage current url 
2023-09-30 22:14:37 INFO  LogerClass:26 - login with valid crendetial
2023-09-30 22:14:37 INFO  LogerClass:28 - validate homepage current url 
2023-09-30 22:14:37 INFO  LogerClass:26 - login with valid crendetial
2023-09-30 22:14:37 INFO  LogerClass:28 - validate homepage current url 
2023-09-30 22:14:37 INFO  LogerClass:26 - login with valid crendetial
2023-09-30 22:14:37 INFO  LogerClass:28 - validate homepage current url 
2023-09-30 22:14:37 INFO  LogerClass:26 - login with valid crendetial
2023-09-30 22:14:37 INFO  LogerClass:28 - validate homepage current url 
2023-09-30 22:14:37 INFO  LogerClass:26 - login with valid crendetial
2023-09-30 22:14:37 INFO  LogerClass:28 - validate homepage current url 
2023-09-30 22:14:37 INFO  LogerClass:26 - login with valid crendetial
2023-09-30 22:14:37 INFO  LogerClass:28 - validate homepage current url 
2023-09-30 22:14:37 INFO  LogerClass:26 - login with valid crendetial
2023-09-30 22:14:37 INFO  LogerClass:28 - validate homepage current url 
2023-09-30 22:14:37 INFO  LogerClass:26 - login with valid crendetial
2023-09-30 22:14:37 INFO  LogerClass:28 - validate homepage current url 
2023-09-30 22:14:37 INFO  LogerClass:26 - login with valid crendetial
2023-09-30 22:14:37 INFO  LogerClass:28 - validate homepage current url 
2023-09-30 22:14:37 INFO  LogerClass:26 - login with valid crendetial
2023-09-30 22:14:37 INFO  LogerClass:28 - validate homepage current url 
2023-09-30 22:14:37 INFO  LogerClass:26 - login with valid crendetial
2023-09-30 22:14:37 INFO  LogerClass:28 - validate homepage current url 
2023-09-30 22:14:37 INFO  LogerClass:26 - login with valid crendetial
2023-09-30 22:14:37 INFO  LogerClass:28 - validate homepage current url 
2023-09-30 22:14:37 INFO  LogerClass:26 - login with valid crendetial
2023-09-30 22:14:37 INFO  LogerClass:28 - validate homepage current url 
2023-09-30 22:14:37 INFO  LogerClass:26 - login with valid crendetial
2023-09-30 22:14:37 INFO  LogerClass:28 - validate homepage current url 
2023-09-30 22:14:37 INFO  LogerClass:26 - login with valid crendetial
2023-09-30 22:14:37 INFO  LogerClass:28 - validate homepage current url 
2023-09-30 22:14:37 INFO  LogerClass:26 - login with valid crendetial
2023-09-30 22:14:37 INFO  LogerClass:28 - validate homepage current url 
2023-09-30 22:14:37 INFO  LogerClass:26 - login with valid crendetial
2023-09-30 22:14:37 INFO  LogerClass:28 - validate homepage current url 
2023-09-30 22:14:37 INFO  LogerClass:26 - login with valid crendetial
2023-09-30 22:14:37 INFO  LogerClass:28 - validate homepage current url 
2023-09-30 22:14:37 INFO  LogerClass:26 - login with valid crendetial
2023-09-30 22:14:37 INFO  LogerClass:28 - validate homepage current url 
2023-09-30 22:14:37 INFO  LogerClass:26 - login with valid crendetial
2023-09-30 22:14:37 INFO  LogerClass:28 - validate homepage current url 
2023-09-30 22:14:37 INFO  LogerClass:26 - login with valid crendetial
2023-09-30 22:14:37 INFO  LogerClass:28 - validate homepage current url 
2023-09-30 22:14:37 INFO  LogerClass:26 - login with valid crendetial
2023-09-30 22:14:37 INFO  LogerClass:28 - validate homepage current url 
2023-09-30 22:14:37 INFO  LogerClass:26 - login with valid crendetial
2023-09-30 22:14:37 INFO  LogerClass:28 - validate homepage current url 
2023-09-30 22:14:37 INFO  LogerClass:26 - login with valid crendetial
2023-09-30 22:14:37 INFO  LogerClass:28 - validate homepage current url 
2023-09-30 22:14:37 INFO  LogerClass:26 - login with valid crendetial
2023-09-30 22:14:37 INFO  LogerClass:28 - validate homepage current url 
2023-09-30 22:14:37 INFO  LogerClass:26 - login with valid crendetial
2023-09-30 22:14:37 INFO  LogerClass:28 - validate homepage current url 
2023-09-30 22:14:37 INFO  LogerClass:26 - login with valid crendetial
2023-09-30 22:14:37 INFO  LogerClass:28 - validate homepage current url 
2023-09-30 22:14:37 INFO  LogerClass:26 - login with valid crendetial
2023-09-30 22:14:37 INFO  LogerClass:28 - validate homepage current url 
2023-09-30 22:14:37 INFO  LogerClass:26 - login with valid crendetial
2023-09-30 22:14:37 INFO  LogerClass:28 - validate homepage current url 
2023-09-30 22:14:37 INFO  LogerClass:26 - login with valid crendetial
2023-09-30 22:14:37 INFO  LogerClass:28 - validate homepage current url 
2023-09-30 22:14:37 INFO  LogerClass:26 - login with valid crendetial
2023-09-30 22:14:37 INFO  LogerClass:28 - validate homepage current url 
2023-09-30 22:14:37 INFO  LogerClass:26 - login with valid crendetial
2023-09-30 22:14:37 INFO  LogerClass:28 - validate homepage current url 
2023-09-30 22:14:37 INFO  LogerClass:26 - login with valid crendetial
2023-09-30 22:14:37 INFO  LogerClass:28 - validate homepage current url 
2023-09-30 22:14:37 INFO  LogerClass:26 - login with valid crendetial
2023-09-30 22:14:37 INFO  LogerClass:28 - validate homepage current url 
2023-09-30 22:14:37 INFO  LogerClass:26 - login with valid crendetial
2023-09-30 22:14:37 INFO  LogerClass:28 - validate homepage current url 
2023-09-30 22:14:37 INFO  LogerClass:26 - login with valid crendetial
2023-09-30 22:14:37 INFO  LogerClass:28 - validate homepage current url 
2023-09-30 22:14:37 INFO  LogerClass:26 - login with valid crendetial
2023-09-30 22:14:37 INFO  LogerClass:28 - validate homepage current url 
2023-09-30 22:14:37 INFO  LogerClass:26 - login with valid crendetial
2023-09-30 22:14:37 INFO  LogerClass:28 - validate homepage current url 
2023-09-30 22:14:37 INFO  LogerClass:26 - login with valid crendetial
2023-09-30 22:14:37 INFO  LogerClass:28 - validate homepage current url 
2023-09-30 22:14:37 INFO  LogerClass:26 - login with valid crendetial
2023-09-30 22:14:37 INFO  LogerClass:28 - validate homepage current url 
2023-09-30 22:14:37 INFO  LogerClass:26 - login with valid crendetial
2023-09-30 22:14:37 INFO  LogerClass:28 - validate homepage current url 
2023-09-30 22:14:37 INFO  LogerClass:26 - login with valid crendetial
2023-09-30 22:14:37 INFO  LogerClass:28 - validate homepage current url 
2023-09-30 22:14:37 INFO  LogerClass:26 - login with valid crendetial
2023-09-30 22:14:37 INFO  LogerClass:28 - validate homepage current url 
2023-09-30 22:14:37 INFO  LogerClass:26 - login with valid crendetial
2023-09-30 22:14:37 INFO  LogerClass:28 - validate homepage current url 
2023-09-30 22:14:37 INFO  LogerClass:26 - login with valid crendetial
2023-09-30 22:14:37 INFO  LogerClass:28 - validate homepage current url 
2023-09-30 22:14:37 INFO  LogerClass:26 - login with valid crendetial
2023-09-30 22:14:37 INFO  LogerClass:28 - validate homepage current url 
2023-09-30 22:14:37 INFO  LogerClass:26 - login with valid crendetial
2023-09-30 22:14:37 INFO  LogerClass:28 - validate homepage current url 
2023-09-30 22:14:37 INFO  LogerClass:26 - login with valid crendetial
2023-09-30 22:14:37 INFO  LogerClass:28 - validate homepage current url 
2023-09-30 22:14:37 INFO  LogerClass:26 - login with valid crendetial
2023-09-30 22:14:37 INFO  LogerClass:28 - validate homepage current url 
2023-09-30 22:14:37 INFO  LogerClass:26 - login with valid crendetial
2023-09-30 22:14:37 INFO  LogerClass:28 - validate homepage current url 
2023-09-30 22:14:37 INFO  LogerClass:26 - login with valid crendetial
2023-09-30 22:14:37 INFO  LogerClass:28 - validate homepage current url 
2023-09-30 22:14:37 INFO  LogerClass:26 - login with valid crendetial
2023-09-30 22:14:37 INFO  LogerClass:28 - validate homepage current url 
2023-09-30 22:14:37 INFO  LogerClass:26 - login with valid crendetial
2023-09-30 22:14:37 INFO  LogerClass:28 - validate homepage current url 
2023-09-30 22:14:37 INFO  LogerClass:26 - login with valid crendetial
2023-09-30 22:14:37 INFO  LogerClass:28 - validate homepage current url 
2023-09-30 22:14:37 INFO  LogerClass:26 - login with valid crendetial
2023-09-30 22:14:37 INFO  LogerClass:28 - validate homepage current url 
2023-09-30 22:14:37 INFO  LogerClass:26 - login with valid crendetial
2023-09-30 22:14:37 INFO  LogerClass:28 - validate homepage current url 
2023-09-30 22:14:37 INFO  LogerClass:26 - login with valid crendetial
2023-09-30 22:14:37 INFO  LogerClass:28 - validate homepage current url 
2023-09-30 22:14:37 INFO  LogerClass:26 - login with valid crendetial
2023-09-30 22:14:37 INFO  LogerClass:28 - validate homepage current url 
2023-09-30 22:14:37 INFO  LogerClass:26 - login with valid crendetial
2023-09-30 22:14:37 INFO  LogerClass:28 - validate homepage current url 
2023-09-30 22:14:37 INFO  LogerClass:26 - login with valid crendetial
2023-09-30 22:14:37 INFO  LogerClass:28 - validate homepage current url 
2023-09-30 22:14:37 INFO  LogerClass:26 - login with valid crendetial
2023-09-30 22:14:37 INFO  LogerClass:28 - validate homepage current url 
2023-09-30 22:14:37 INFO  LogerClass:26 - login with valid crendetial
2023-09-30 22:14:37 INFO  LogerClass:28 - validate homepage current url 
2023-09-30 22:14:37 INFO  LogerClass:26 - login with valid crendetial
2023-09-30 22:14:37 INFO  LogerClass:28 - validate homepage current url 
2023-09-30 22:14:37 INFO  LogerClass:26 - login with valid crendetial
2023-09-30 22:14:37 INFO  LogerClass:28 - validate homepage current url 
2023-09-30 22:14:37 INFO  LogerClass:26 - login with valid crendetial
2023-09-30 22:14:37 INFO  LogerClass:28 - validate homepage current url 
2023-09-30 22:14:37 INFO  LogerClass:26 - login with valid crendetial
2023-09-30 22:14:37 INFO  LogerClass:28 - validate homepage current url 
2023-09-30 22:14:37 INFO  LogerClass:26 - login with valid crendetial
2023-09-30 22:14:37 INFO  LogerClass:28 - validate homepage current url 
2023-09-30 22:14:37 INFO  LogerClass:26 - login with valid crendetial
2023-09-30 22:14:37 INFO  LogerClass:28 - validate homepage current url 
2023-09-30 22:14:37 INFO  LogerClass:26 - login with valid crendetial
2023-09-30 22:14:37 INFO  LogerClass:28 - validate homepage current url 
2023-09-30 22:14:37 INFO  LogerClass:26 - login with valid crendetial
2023-09-30 22:14:37 INFO  LogerClass:28 - validate homepage current url 
2023-09-30 22:14:37 INFO  LogerClass:26 - login with valid crendetial
2023-09-30 22:14:37 INFO  LogerClass:28 - validate homepage current url 
2023-09-30 22:14:37 INFO  LogerClass:26 - login with valid crendetial
2023-09-30 22:14:37 INFO  LogerClass:28 - validate homepage current url 
2023-09-30 22:14:37 INFO  LogerClass:26 - login with valid crendetial
2023-09-30 22:14:37 INFO  LogerClass:28 - validate homepage current url 
2023-09-30 22:14:37 INFO  LogerClass:26 - login with valid crendetial
2023-09-30 22:14:37 INFO  LogerClass:28 - validate homepage current url 
2023-09-30 22:14:37 INFO  LogerClass:26 - login with valid crendetial
2023-09-30 22:14:37 INFO  LogerClass:28 - validate homepage current url 
2023-09-30 22:14:37 INFO  LogerClass:26 - login with valid crendetial
2023-09-30 22:14:37 INFO  LogerClass:28 - validate homepage current url 
2023-09-30 22:14:37 INFO  LogerClass:26 - login with valid crendetial
2023-09-30 22:14:37 INFO  LogerClass:28 - validate homepage current url 
2023-09-30 22:14:37 INFO  LogerClass:26 - login with valid crendetial
2023-09-30 22:14:37 INFO  LogerClass:28 - validate homepage current url 
2023-09-30 22:14:37 INFO  LogerClass:26 - login with valid crendetial
2023-09-30 22:14:37 INFO  LogerClass:28 - validate homepage current url 
2023-09-30 22:14:37 INFO  LogerClass:26 - login with valid crendetial
2023-09-30 22:14:37 INFO  LogerClass:28 - validate homepage current url 
2023-09-30 22:14:37 INFO  LogerClass:26 - login with valid crendetial
2023-09-30 22:14:37 INFO  LogerClass:28 - validate homepage current url 
2023-09-30 22:14:37 INFO  LogerClass:26 - login with valid crendetial
2023-09-30 22:14:37 INFO  LogerClass:28 - validate homepage current url 
2023-09-30 22:14:37 INFO  LogerClass:26 - login with valid crendetial
2023-09-30 22:14:37 INFO  LogerClass:28 - validate homepage current url 
2023-09-30 22:14:37 INFO  LogerClass:26 - login with valid crendetial
2023-09-30 22:14:37 INFO  LogerClass:28 - validate homepage current url 
2023-09-30 22:14:37 INFO  LogerClass:26 - login with valid crendetial
2023-09-30 22:14:37 INFO  LogerClass:28 - validate homepage current url 
2023-09-30 22:14:37 INFO  LogerClass:26 - login with valid crendetial
2023-09-30 22:14:37 INFO  LogerClass:28 - validate homepage current url 
2023-09-30 22:14:37 INFO  LogerClass:26 - login with valid crendetial
2023-09-30 22:14:37 INFO  LogerClass:28 - validate homepage current url 
2023-09-30 22:14:37 INFO  LogerClass:26 - login with valid crendetial
2023-09-30 22:14:37 INFO  LogerClass:28 - validate homepage current url 
2023-09-30 22:14:37 INFO  LogerClass:26 - login with valid crendetial
2023-09-30 22:14:37 INFO  LogerClass:28 - validate homepage current url 
2023-09-30 22:14:37 INFO  LogerClass:26 - login with valid crendetial
2023-09-30 22:14:37 INFO  LogerClass:28 - validate homepage current url 
2023-09-30 22:14:37 INFO  LogerClass:26 - login with valid crendetial
2023-09-30 22:14:37 INFO  LogerClass:28 - validate homepage current url 
2023-09-30 22:14:37 INFO  LogerClass:26 - login with valid crendetial
2023-09-30 22:14:37 INFO  LogerClass:28 - validate homepage current url 
2023-09-30 22:14:37 INFO  LogerClass:26 - login with valid crendetial
2023-09-30 22:14:37 INFO  LogerClass:28 - validate homepage current url 
2023-09-30 22:14:37 INFO  LogerClass:26 - login with valid crendetial
2023-09-30 22:14:37 INFO  LogerClass:28 - validate homepage current url 
2023-09-30 22:14:37 INFO  LogerClass:26 - login with valid crendetial
2023-09-30 22:14:37 INFO  LogerClass:28 - validate homepage current url 
2023-09-30 22:14:37 INFO  LogerClass:26 - login with valid crendetial
2023-09-30 22:14:37 INFO  LogerClass:28 - validate homepage current url 
2023-09-30 22:14:37 INFO  LogerClass:26 - login with valid crendetial
2023-09-30 22:14:37 INFO  LogerClass:28 - validate homepage current url 
2023-09-30 22:14:37 INFO  LogerClass:26 - login with valid crendetial
2023-09-30 22:14:37 INFO  LogerClass:28 - validate homepage current url 
2023-09-30 22:14:37 INFO  LogerClass:26 - login with valid crendetial
2023-09-30 22:14:37 INFO  LogerClass:28 - validate homepage current url 
2023-09-30 22:14:37 INFO  LogerClass:26 - login with valid crendetial
2023-09-30 22:14:37 INFO  LogerClass:28 - validate homepage current url 
2023-09-30 22:14:37 INFO  LogerClass:26 - login with valid crendetial
2023-09-30 22:14:37 INFO  LogerClass:28 - validate homepage current url 
2023-09-30 22:14:37 INFO  LogerClass:26 - login with valid crendetial
2023-09-30 22:14:37 INFO  LogerClass:28 - validate homepage current url 
2023-09-30 22:14:37 INFO  LogerClass:26 - login with valid crendetial
2023-09-30 22:14:37 INFO  LogerClass:28 - validate homepage current url 
2023-09-30 22:14:37 INFO  LogerClass:26 - login with valid crendetial
2023-09-30 22:14:37 INFO  LogerClass:28 - validate homepage current url 
2023-09-30 22:14:37 INFO  LogerClass:26 - login with valid crendetial
2023-09-30 22:14:37 INFO  LogerClass:28 - validate homepage current url 
2023-09-30 22:14:37 INFO  LogerClass:26 - login with valid crendetial
2023-09-30 22:14:37 INFO  LogerClass:28 - validate homepage current url 
2023-09-30 22:14:37 INFO  LogerClass:26 - login with valid crendetial
2023-09-30 22:14:37 INFO  LogerClass:28 - validate homepage current url 
2023-09-30 22:14:37 INFO  LogerClass:26 - login with valid crendetial
2023-09-30 22:14:37 INFO  LogerClass:28 - validate homepage current url 
2023-09-30 22:14:37 INFO  LogerClass:26 - login with valid crendetial
2023-09-30 22:14:37 INFO  LogerClass:28 - validate homepage current url 
2023-09-30 22:14:37 INFO  LogerClass:26 - login with valid crendetial
2023-09-30 22:14:37 INFO  LogerClass:28 - validate homepage current url 
2023-09-30 22:14:37 INFO  LogerClass:26 - login with valid crendetial
2023-09-30 22:14:37 INFO  LogerClass:28 - validate homepage current url 
2023-09-30 22:14:37 INFO  LogerClass:26 - login with valid crendetial
2023-09-30 22:14:37 INFO  LogerClass:28 - validate homepage current url 
2023-09-30 22:14:37 INFO  LogerClass:26 - login with valid crendetial
2023-09-30 22:14:37 INFO  LogerClass:28 - validate homepage current url 
2023-09-30 22:14:37 INFO  LogerClass:26 - login with valid crendetial
2023-09-30 22:14:37 INFO  LogerClass:28 - validate homepage current url 
2023-09-30 22:14:37 INFO  LogerClass:26 - login with valid crendetial
2023-09-30 22:14:37 INFO  LogerClass:28 - validate homepage current url 
2023-09-30 22:14:37 INFO  LogerClass:26 - login with valid crendetial
2023-09-30 22:14:37 INFO  LogerClass:28 - validate homepage current url 
2023-09-30 22:14:37 INFO  LogerClass:26 - login with valid crendetial
2023-09-30 22:14:37 INFO  LogerClass:28 - validate homepage current url 
2023-09-30 22:14:37 INFO  LogerClass:26 - login with valid crendetial
2023-09-30 22:14:37 INFO  LogerClass:28 - validate homepage current url 
2023-09-30 22:14:37 INFO  LogerClass:26 - login with valid crendetial
2023-09-30 22:14:37 INFO  LogerClass:28 - validate homepage current url 
2023-09-30 22:14:37 INFO  LogerClass:26 - login with valid crendetial
2023-09-30 22:14:37 INFO  LogerClass:28 - validate homepage current url 
2023-09-30 22:14:37 INFO  LogerClass:26 - login with valid crendetial
2023-09-30 22:14:37 INFO  LogerClass:28 - validate homepage current url 
2023-09-30 22:14:37 INFO  LogerClass:26 - login with valid crendetial
2023-09-30 22:14:37 INFO  LogerClass:28 - validate homepage current url 
2023-09-30 22:14:37 INFO  LogerClass:26 - login with valid crendetial
2023-09-30 22:14:37 INFO  LogerClass:28 - validate homepage current url 
2023-09-30 22:14:37 INFO  LogerClass:26 - login with valid crendetial
2023-09-30 22:14:37 INFO  LogerClass:28 - validate homepage current url 
2023-09-30 22:14:37 INFO  LogerClass:26 - login with valid crendetial
2023-09-30 22:14:37 INFO  LogerClass:28 - validate homepage current url 
2023-09-30 22:14:37 INFO  LogerClass:26 - login with valid crendetial
2023-09-30 22:14:37 INFO  LogerClass:28 - validate homepage current url 
2023-09-30 22:14:37 INFO  LogerClass:26 - login with valid crendetial
2023-09-30 22:14:37 INFO  LogerClass:28 - validate homepage current url 
2023-09-30 22:14:37 INFO  LogerClass:26 - login with valid crendetial
2023-09-30 22:14:37 INFO  LogerClass:28 - validate homepage current url 
2023-09-30 22:14:37 INFO  LogerClass:26 - login with valid crendetial
2023-09-30 22:14:37 INFO  LogerClass:28 - validate homepage current url 
2023-09-30 22:14:37 INFO  LogerClass:26 - login with valid crendetial
2023-09-30 22:14:37 INFO  LogerClass:28 - validate homepage current url 
2023-09-30 22:14:37 INFO  LogerClass:26 - login with valid crendetial
2023-09-30 22:14:37 INFO  LogerClass:28 - validate homepage current url 
2023-09-30 22:14:37 INFO  LogerClass:26 - login with valid crendetial
2023-09-30 22:14:37 INFO  LogerClass:28 - validate homepage current url 
2023-09-30 22:14:37 INFO  LogerClass:26 - login with valid crendetial
2023-09-30 22:14:37 INFO  LogerClass:28 - validate homepage current url 
2023-09-30 22:14:37 INFO  LogerClass:26 - login with valid crendetial
2023-09-30 22:14:37 INFO  LogerClass:28 - validate homepage current url 
2023-09-30 22:14:37 INFO  LogerClass:26 - login with valid crendetial
2023-09-30 22:14:37 INFO  LogerClass:28 - validate homepage current url 
2023-09-30 22:14:37 INFO  LogerClass:26 - login with valid crendetial
2023-09-30 22:14:37 INFO  LogerClass:28 - validate homepage current url 
2023-09-30 22:14:37 INFO  LogerClass:26 - login with valid crendetial
2023-09-30 22:14:37 INFO  LogerClass:28 - validate homepage current url 
2023-09-30 22:14:37 INFO  LogerClass:26 - login with valid crendetial
2023-09-30 22:14:37 INFO  LogerClass:28 - validate homepage current url 
2023-09-30 22:14:37 INFO  LogerClass:26 - login with valid crendetial
2023-09-30 22:14:37 INFO  LogerClass:28 - validate homepage current url 
2023-09-30 22:14:37 INFO  LogerClass:26 - login with valid crendetial
2023-09-30 22:14:37 INFO  LogerClass:28 - validate homepage current url 
2023-09-30 22:14:37 INFO  LogerClass:26 - login with valid crendetial
2023-09-30 22:14:37 INFO  LogerClass:28 - validate homepage current url 
2023-09-30 22:14:37 INFO  LogerClass:26 - login with valid crendetial
2023-09-30 22:14:37 INFO  LogerClass:28 - validate homepage current url 
2023-09-30 22:14:37 INFO  LogerClass:26 - login with valid crendetial
2023-09-30 22:14:37 INFO  LogerClass:28 - validate homepage current url 
2023-09-30 22:14:37 INFO  LogerClass:26 - login with valid crendetial
2023-09-30 22:14:37 INFO  LogerClass:28 - validate homepage current url 
2023-09-30 22:14:37 INFO  LogerClass:26 - login with valid crendetial
2023-09-30 22:14:37 INFO  LogerClass:28 - validate homepage current url 
2023-09-30 22:14:37 INFO  LogerClass:26 - login with valid crendetial
2023-09-30 22:14:37 INFO  LogerClass:28 - validate homepage current url 
2023-09-30 22:14:37 INFO  LogerClass:26 - login with valid crendetial
2023-09-30 22:14:37 INFO  LogerClass:28 - validate homepage current url 
2023-09-30 22:14:37 INFO  LogerClass:26 - login with valid crendetial
2023-09-30 22:14:37 INFO  LogerClass:28 - validate homepage current url 
2023-09-30 22:14:37 INFO  LogerClass:26 - login with valid crendetial
2023-09-30 22:14:37 INFO  LogerClass:28 - validate homepage current url 
2023-09-30 22:14:37 INFO  LogerClass:26 - login with valid crendetial
2023-09-30 22:14:37 INFO  LogerClass:28 - validate homepage current url 
2023-09-30 22:14:37 INFO  LogerClass:26 - login with valid crendetial
2023-09-30 22:14:37 INFO  LogerClass:28 - validate homepage current url 
2023-09-30 22:14:37 INFO  LogerClass:26 - login with valid crendetial
2023-09-30 22:14:37 INFO  LogerClass:28 - validate homepage current url 
2023-09-30 22:14:37 INFO  LogerClass:26 - login with valid crendetial
2023-09-30 22:14:37 INFO  LogerClass:28 - validate homepage current url 
2023-09-30 22:14:37 INFO  LogerClass:26 - login with valid crendetial
2023-09-30 22:14:37 INFO  LogerClass:28 - validate homepage current url 
2023-09-30 22:14:37 INFO  LogerClass:26 - login with valid crendetial
2023-09-30 22:14:37 INFO  LogerClass:28 - validate homepage current url 
2023-09-30 22:14:37 INFO  LogerClass:26 - login with valid crendetial
2023-09-30 22:14:37 INFO  LogerClass:28 - validate homepage current url 
2023-09-30 22:14:37 INFO  LogerClass:26 - login with valid crendetial
2023-09-30 22:14:37 INFO  LogerClass:28 - validate homepage current url 
2023-09-30 22:14:37 INFO  LogerClass:26 - login with valid crendetial
2023-09-30 22:14:37 INFO  LogerClass:28 - validate homepage current url 
2023-09-30 22:14:37 INFO  LogerClass:26 - login with valid crendetial
2023-09-30 22:14:37 INFO  LogerClass:28 - validate homepage current url 
2023-09-30 22:14:37 INFO  LogerClass:26 - login with valid crendetial
2023-09-30 22:14:37 INFO  LogerClass:28 - validate homepage current url 
2023-09-30 22:14:37 INFO  LogerClass:26 - login with valid crendetial
2023-09-30 22:14:37 INFO  LogerClass:28 - validate homepage current url 
2023-09-30 22:14:37 INFO  LogerClass:26 - login with valid crendetial
2023-09-30 22:14:37 INFO  LogerClass:28 - validate homepage current url 
2023-09-30 22:14:37 INFO  LogerClass:26 - login with valid crendetial
2023-09-30 22:14:37 INFO  LogerClass:28 - validate homepage current url 
2023-09-30 22:14:37 INFO  LogerClass:26 - login with valid crendetial
2023-09-30 22:14:37 INFO  LogerClass:28 - validate homepage current url 
2023-09-30 22:14:37 INFO  LogerClass:26 - login with valid crendetial
2023-09-30 22:14:37 INFO  LogerClass:28 - validate homepage current url 
2023-09-30 22:14:37 INFO  LogerClass:26 - login with valid crendetial
2023-09-30 22:14:37 INFO  LogerClass:28 - validate homepage current url 
2023-09-30 22:14:37 INFO  LogerClass:26 - login with valid crendetial
2023-09-30 22:14:37 INFO  LogerClass:28 - validate homepage current url 
2023-09-30 22:14:37 INFO  LogerClass:26 - login with valid crendetial
2023-09-30 22:14:37 INFO  LogerClass:28 - validate homepage current url 
2023-09-30 22:14:37 INFO  LogerClass:26 - login with valid crendetial
2023-09-30 22:14:37 INFO  LogerClass:28 - validate homepage current url 
2023-09-30 22:14:37 INFO  LogerClass:26 - login with valid crendetial
2023-09-30 22:14:37 INFO  LogerClass:28 - validate homepage current url 
2023-09-30 22:14:37 INFO  LogerClass:26 - login with valid crendetial
2023-09-30 22:14:37 INFO  LogerClass:28 - validate homepage current url 
2023-09-30 22:14:37 INFO  LogerClass:26 - login with valid crendetial
2023-09-30 22:14:37 INFO  LogerClass:28 - validate homepage current url 
2023-09-30 22:14:37 INFO  LogerClass:26 - login with valid crendetial
2023-09-30 22:14:37 INFO  LogerClass:28 - validate homepage current url 
2023-09-30 22:14:37 INFO  LogerClass:26 - login with valid crendetial
2023-09-30 22:14:37 INFO  LogerClass:28 - validate homepage current url 
2023-09-30 22:14:37 INFO  LogerClass:26 - login with valid crendetial
2023-09-30 22:14:37 INFO  LogerClass:28 - validate homepage current url 
2023-09-30 22:14:37 INFO  LogerClass:26 - login with valid crendetial
2023-09-30 22:14:37 INFO  LogerClass:28 - validate homepage current url 
2023-09-30 22:14:37 INFO  LogerClass:26 - login with valid crendetial
2023-09-30 22:14:37 INFO  LogerClass:28 - validate homepage current url 
2023-09-30 22:14:37 INFO  LogerClass:26 - login with valid crendetial
2023-09-30 22:14:37 INFO  LogerClass:28 - validate homepage current url 
2023-09-30 22:14:37 INFO  LogerClass:26 - login with valid crendetial
2023-09-30 22:14:37 INFO  LogerClass:28 - validate homepage current url 
2023-09-30 22:14:37 INFO  LogerClass:26 - login with valid crendetial
2023-09-30 22:14:37 INFO  LogerClass:28 - validate homepage current url 
2023-09-30 22:14:37 INFO  LogerClass:26 - login with valid crendetial
2023-09-30 22:14:37 INFO  LogerClass:28 - validate homepage current url 
2023-09-30 22:14:37 INFO  LogerClass:26 - login with valid crendetial
2023-09-30 22:14:37 INFO  LogerClass:28 - validate homepage current url 
2023-09-30 22:14:37 INFO  LogerClass:26 - login with valid crendetial
2023-09-30 22:14:37 INFO  LogerClass:28 - validate homepage current url 
2023-09-30 22:14:37 INFO  LogerClass:26 - login with valid crendetial
2023-09-30 22:14:37 INFO  LogerClass:28 - validate homepage current url 
2023-09-30 22:14:37 INFO  LogerClass:26 - login with valid crendetial
2023-09-30 22:14:37 INFO  LogerClass:28 - validate homepage current url 
2023-09-30 22:14:37 INFO  LogerClass:26 - login with valid crendetial
2023-09-30 22:14:37 INFO  LogerClass:28 - validate homepage current url 
2023-09-30 22:14:37 INFO  LogerClass:26 - login with valid crendetial
2023-09-30 22:14:37 INFO  LogerClass:28 - validate homepage current url 
2023-09-30 22:14:37 INFO  LogerClass:26 - login with valid crendetial
2023-09-30 22:14:37 INFO  LogerClass:28 - validate homepage current url 
2023-09-30 22:14:37 INFO  LogerClass:26 - login with valid crendetial
2023-09-30 22:14:37 INFO  LogerClass:28 - validate homepage current url 
2023-09-30 22:14:37 INFO  LogerClass:26 - login with valid crendetial
2023-09-30 22:14:37 INFO  LogerClass:28 - validate homepage current url 
2023-09-30 22:14:37 INFO  LogerClass:26 - login with valid crendetial
2023-09-30 22:14:37 INFO  LogerClass:28 - validate homepage current url 
2023-09-30 22:14:37 INFO  LogerClass:26 - login with valid crendetial
2023-09-30 22:14:37 INFO  LogerClass:28 - validate homepage current url 
2023-09-30 22:14:37 INFO  LogerClass:26 - login with valid crendetial
2023-09-30 22:14:37 INFO  LogerClass:28 - validate homepage current url 
2023-09-30 22:14:37 INFO  LogerClass:26 - login with valid crendetial
2023-09-30 22:14:37 INFO  LogerClass:28 - validate homepage current url 
2023-09-30 22:14:37 INFO  LogerClass:26 - login with valid crendetial
2023-09-30 22:14:37 INFO  LogerClass:28 - validate homepage current url 
2023-09-30 22:14:37 INFO  LogerClass:26 - login with valid crendetial
2023-09-30 22:14:37 INFO  LogerClass:28 - validate homepage current url 
2023-09-30 22:14:37 INFO  LogerClass:26 - login with valid crendetial
2023-09-30 22:14:37 INFO  LogerClass:28 - validate homepage current url 
2023-09-30 22:14:37 INFO  LogerClass:26 - login with valid crendetial
2023-09-30 22:14:37 INFO  LogerClass:28 - validate homepage current url 
2023-09-30 22:14:37 INFO  LogerClass:26 - login with valid crendetial
2023-09-30 22:14:37 INFO  LogerClass:28 - validate homepage current url 
2023-09-30 22:14:37 INFO  LogerClass:26 - login with valid crendetial
2023-09-30 22:14:37 INFO  LogerClass:28 - validate homepage current url 
2023-09-30 22:14:37 INFO  LogerClass:26 - login with valid crendetial
2023-09-30 22:14:37 INFO  LogerClass:28 - validate homepage current url 
2023-09-30 22:14:37 INFO  LogerClass:26 - login with valid crendetial
2023-09-30 22:14:37 INFO  LogerClass:28 - validate homepage current url 
2023-09-30 22:14:37 INFO  LogerClass:26 - login with valid crendetial
2023-09-30 22:14:37 INFO  LogerClass:28 - validate homepage current url 
2023-09-30 22:14:37 INFO  LogerClass:26 - login with valid crendetial
2023-09-30 22:14:37 INFO  LogerClass:28 - validate homepage current url 
2023-09-30 22:14:37 INFO  LogerClass:26 - login with valid crendetial
2023-09-30 22:14:37 INFO  LogerClass:28 - validate homepage current url 
2023-09-30 22:14:37 INFO  LogerClass:26 - login with valid crendetial
2023-09-30 22:14:37 INFO  LogerClass:28 - validate homepage current url 
2023-09-30 22:14:37 INFO  LogerClass:26 - login with valid crendetial
2023-09-30 22:14:37 INFO  LogerClass:28 - validate homepage current url 
2023-09-30 22:14:37 INFO  LogerClass:26 - login with valid crendetial
2023-09-30 22:14:37 INFO  LogerClass:28 - validate homepage current url 
2023-09-30 22:14:37 INFO  LogerClass:26 - login with valid crendetial
2023-09-30 22:14:37 INFO  LogerClass:28 - validate homepage current url 
2023-09-30 22:14:37 INFO  LogerClass:26 - login with valid crendetial
2023-09-30 22:14:37 INFO  LogerClass:28 - validate homepage current url 
2023-09-30 22:14:37 INFO  LogerClass:26 - login with valid crendetial
2023-09-30 22:14:37 INFO  LogerClass:28 - validate homepage current url 
2023-09-30 22:14:37 INFO  LogerClass:26 - login with valid crendetial
2023-09-30 22:14:37 INFO  LogerClass:28 - validate homepage current url 
2023-09-30 22:14:37 INFO  LogerClass:26 - login with valid crendetial
2023-09-30 22:14:37 INFO  LogerClass:28 - validate homepage current url 
2023-09-30 22:14:37 INFO  LogerClass:26 - login with valid crendetial
2023-09-30 22:14:37 INFO  LogerClass:28 - validate homepage current url 
2023-09-30 22:14:37 INFO  LogerClass:26 - login with valid crendetial
2023-09-30 22:14:37 INFO  LogerClass:28 - validate homepage current url 
2023-09-30 22:14:37 INFO  LogerClass:26 - login with valid crendetial
2023-09-30 22:14:37 INFO  LogerClass:28 - validate homepage current url 
2023-09-30 22:14:37 INFO  LogerClass:26 - login with valid crendetial
2023-09-30 22:14:37 INFO  LogerClass:28 - validate homepage current url 
2023-09-30 22:14:37 INFO  LogerClass:26 - login with valid crendetial
2023-09-30 22:14:37 INFO  LogerClass:28 - validate homepage current url 
2023-09-30 22:14:37 INFO  LogerClass:26 - login with valid crendetial
2023-09-30 22:14:37 INFO  LogerClass:28 - validate homepage current url 
2023-09-30 22:14:37 INFO  LogerClass:26 - login with valid crendetial
2023-09-30 22:14:37 INFO  LogerClass:28 - validate homepage current url 
2023-09-30 22:14:37 INFO  LogerClass:26 - login with valid crendetial
2023-09-30 22:14:37 INFO  LogerClass:28 - validate homepage current url 
2023-09-30 22:14:37 INFO  LogerClass:26 - login with valid crendetial
2023-09-30 22:14:37 INFO  LogerClass:28 - validate homepage current url 
2023-09-30 22:14:37 INFO  LogerClass:26 - login with valid crendetial
2023-09-30 22:14:37 INFO  LogerClass:28 - validate homepage current url 
2023-09-30 22:14:37 INFO  LogerClass:26 - login with valid crendetial
2023-09-30 22:14:37 INFO  LogerClass:28 - validate homepage current url 
2023-09-30 22:14:37 INFO  LogerClass:26 - login with valid crendetial
2023-09-30 22:14:37 INFO  LogerClass:28 - validate homepage current url 
2023-09-30 22:14:37 INFO  LogerClass:26 - login with valid crendetial
2023-09-30 22:14:37 INFO  LogerClass:28 - validate homepage current url 
2023-09-30 22:14:37 INFO  LogerClass:26 - login with valid crendetial
2023-09-30 22:14:37 INFO  LogerClass:28 - validate homepage current url 
2023-09-30 22:14:37 INFO  LogerClass:26 - login with valid crendetial
2023-09-30 22:14:37 INFO  LogerClass:28 - validate homepage current url 
2023-09-30 22:14:37 INFO  LogerClass:26 - login with valid crendetial
2023-09-30 22:14:37 INFO  LogerClass:28 - validate homepage current url 
2023-09-30 22:14:37 INFO  LogerClass:26 - login with valid crendetial
2023-09-30 22:14:37 INFO  LogerClass:28 - validate homepage current url 
2023-09-30 22:14:37 INFO  LogerClass:26 - login with valid crendetial
2023-09-30 22:14:37 INFO  LogerClass:28 - validate homepage current url 
2023-09-30 22:14:37 INFO  LogerClass:26 - login with valid crendetial
2023-09-30 22:14:37 INFO  LogerClass:28 - validate homepage current url 
2023-09-30 22:14:37 INFO  LogerClass:26 - login with valid crendetial
2023-09-30 22:14:37 INFO  LogerClass:28 - validate homepage current url 
2023-09-30 22:14:37 INFO  LogerClass:26 - login with valid crendetial
2023-09-30 22:14:37 INFO  LogerClass:28 - validate homepage current url 
2023-09-30 22:14:37 INFO  LogerClass:26 - login with valid crendetial
2023-09-30 22:14:37 INFO  LogerClass:28 - validate homepage current url 
2023-09-30 22:14:37 INFO  LogerClass:26 - login with valid crendetial
2023-09-30 22:14:37 INFO  LogerClass:28 - validate homepage current url 
2023-09-30 22:14:37 INFO  LogerClass:26 - login with valid crendetial
2023-09-30 22:14:37 INFO  LogerClass:28 - validate homepage current url 
2023-09-30 22:14:37 INFO  LogerClass:26 - login with valid crendetial
2023-09-30 22:14:37 INFO  LogerClass:28 - validate homepage current url 
2023-09-30 22:14:37 INFO  LogerClass:26 - login with valid crendetial
2023-09-30 22:14:37 INFO  LogerClass:28 - validate homepage current url 
2023-09-30 22:14:37 INFO  LogerClass:26 - login with valid crendetial
2023-09-30 22:14:37 INFO  LogerClass:28 - validate homepage current url 
2023-09-30 22:14:37 INFO  LogerClass:26 - login with valid crendetial
2023-09-30 22:14:37 INFO  LogerClass:28 - validate homepage current url 
2023-09-30 22:14:37 INFO  LogerClass:26 - login with valid crendetial
2023-09-30 22:14:37 INFO  LogerClass:28 - validate homepage current url 
2023-09-30 22:14:37 INFO  LogerClass:26 - login with valid crendetial
2023-09-30 22:14:37 INFO  LogerClass:28 - validate homepage current url 
2023-09-30 22:14:37 INFO  LogerClass:26 - login with valid crendetial
2023-09-30 22:14:37 INFO  LogerClass:28 - validate homepage current url 
2023-09-30 22:14:37 INFO  LogerClass:26 - login with valid crendetial
2023-09-30 22:14:37 INFO  LogerClass:28 - validate homepage current url 
2023-09-30 22:14:37 INFO  LogerClass:26 - login with valid crendetial
2023-09-30 22:14:37 INFO  LogerClass:28 - validate homepage current url 
2023-09-30 22:14:37 INFO  LogerClass:26 - login with valid crendetial
2023-09-30 22:14:37 INFO  LogerClass:28 - validate homepage current url 
2023-09-30 22:14:37 INFO  LogerClass:26 - login with valid crendetial
2023-09-30 22:14:37 INFO  LogerClass:28 - validate homepage current url 
2023-09-30 22:14:37 INFO  LogerClass:26 - login with valid crendetial
2023-09-30 22:14:37 INFO  LogerClass:28 - validate homepage current url 
2023-09-30 22:14:37 INFO  LogerClass:26 - login with valid crendetial
2023-09-30 22:14:37 INFO  LogerClass:28 - validate homepage current url 
2023-09-30 22:14:37 INFO  LogerClass:26 - login with valid crendetial
2023-09-30 22:14:37 INFO  LogerClass:28 - validate homepage current url 
2023-09-30 22:14:37 INFO  LogerClass:26 - login with valid crendetial
2023-09-30 22:14:37 INFO  LogerClass:28 - validate homepage current url 
2023-09-30 22:14:37 INFO  LogerClass:26 - login with valid crendetial
2023-09-30 22:14:37 INFO  LogerClass:28 - validate homepage current url 
2023-09-30 22:14:37 INFO  LogerClass:26 - login with valid crendetial
2023-09-30 22:14:37 INFO  LogerClass:28 - validate homepage current url 
2023-09-30 22:14:37 INFO  LogerClass:26 - login with valid crendetial
2023-09-30 22:14:37 INFO  LogerClass:28 - validate homepage current url 
2023-09-30 22:14:37 INFO  LogerClass:26 - login with valid crendetial
2023-09-30 22:14:37 INFO  LogerClass:28 - validate homepage current url 
2023-09-30 22:14:37 INFO  LogerClass:26 - login with valid crendetial
2023-09-30 22:14:37 INFO  LogerClass:28 - validate homepage current url 
2023-09-30 22:14:37 INFO  LogerClass:26 - login with valid crendetial
2023-09-30 22:14:37 INFO  LogerClass:28 - validate homepage current url 
2023-09-30 22:14:37 INFO  LogerClass:26 - login with valid crendetial
2023-09-30 22:14:37 INFO  LogerClass:28 - validate homepage current url 
2023-09-30 22:14:37 INFO  LogerClass:26 - login with valid crendetial
2023-09-30 22:14:37 INFO  LogerClass:28 - validate homepage current url 
2023-09-30 22:14:37 INFO  LogerClass:26 - login with valid crendetial
2023-09-30 22:14:37 INFO  LogerClass:28 - validate homepage current url 
2023-09-30 22:14:37 INFO  LogerClass:26 - login with valid crendetial
2023-09-30 22:14:37 INFO  LogerClass:28 - validate homepage current url 
2023-09-30 22:14:37 INFO  LogerClass:26 - login with valid crendetial
2023-09-30 22:14:37 INFO  LogerClass:28 - validate homepage current url 
2023-09-30 22:14:37 INFO  LogerClass:26 - login with valid crendetial
2023-09-30 22:14:37 INFO  LogerClass:28 - validate homepage current url 
2023-09-30 22:14:37 INFO  LogerClass:26 - login with valid crendetial
2023-09-30 22:14:37 INFO  LogerClass:28 - validate homepage current url 
2023-09-30 22:14:37 INFO  LogerClass:26 - login with valid crendetial
2023-09-30 22:14:37 INFO  LogerClass:28 - validate homepage current url 
2023-09-30 22:14:37 INFO  LogerClass:26 - login with valid crendetial
2023-09-30 22:14:37 INFO  LogerClass:28 - validate homepage current url 
2023-09-30 22:14:37 INFO  LogerClass:26 - login with valid crendetial
2023-09-30 22:14:37 INFO  LogerClass:28 - validate homepage current url 
2023-09-30 22:14:37 INFO  LogerClass:26 - login with valid crendetial
2023-09-30 22:14:37 INFO  LogerClass:28 - validate homepage current url 
2023-09-30 22:14:37 INFO  LogerClass:26 - login with valid crendetial
2023-09-30 22:14:37 INFO  LogerClass:28 - validate homepage current url 
2023-09-30 22:14:37 INFO  LogerClass:26 - login with valid crendetial
2023-09-30 22:14:37 INFO  LogerClass:28 - validate homepage current url 
2023-09-30 22:14:37 INFO  LogerClass:26 - login with valid crendetial
2023-09-30 22:14:37 INFO  LogerClass:28 - validate homepage current url 
2023-09-30 22:14:37 INFO  LogerClass:26 - login with valid crendetial
2023-09-30 22:14:37 INFO  LogerClass:28 - validate homepage current url 
2023-09-30 22:14:37 INFO  LogerClass:26 - login with valid crendetial
2023-09-30 22:14:37 INFO  LogerClass:28 - validate homepage current url 
2023-09-30 22:14:37 INFO  LogerClass:26 - login with valid crendetial
2023-09-30 22:14:37 INFO  LogerClass:28 - validate homepage current url 
2023-09-30 22:14:37 INFO  LogerClass:26 - login with valid crendetial
2023-09-30 22:14:37 INFO  LogerClass:28 - validate homepage current url 
2023-09-30 22:14:37 INFO  LogerClass:26 - login with valid crendetial
2023-09-30 22:14:37 INFO  LogerClass:28 - validate homepage current url 
2023-09-30 22:14:37 INFO  LogerClass:26 - login with valid crendetial
2023-09-30 22:14:37 INFO  LogerClass:28 - validate homepage current url 
2023-09-30 22:14:37 INFO  LogerClass:26 - login with valid crendetial
2023-09-30 22:14:37 INFO  LogerClass:28 - validate homepage current url 
2023-09-30 22:14:37 INFO  LogerClass:26 - login with valid crendetial
2023-09-30 22:14:37 INFO  LogerClass:28 - validate homepage current url 
2023-09-30 22:14:37 INFO  LogerClass:26 - login with valid crendetial
2023-09-30 22:14:37 INFO  LogerClass:28 - validate homepage current url 
2023-09-30 22:14:37 INFO  LogerClass:26 - login with valid crendetial
2023-09-30 22:14:37 INFO  LogerClass:28 - validate homepage current url 
2023-09-30 22:14:37 INFO  LogerClass:26 - login with valid crendetial
2023-09-30 22:14:37 INFO  LogerClass:28 - validate homepage current url 
2023-09-30 22:14:37 INFO  LogerClass:26 - login with valid crendetial
2023-09-30 22:14:37 INFO  LogerClass:28 - validate homepage current url 
2023-09-30 22:14:37 INFO  LogerClass:26 - login with valid crendetial
2023-09-30 22:14:37 INFO  LogerClass:28 - validate homepage current url 
2023-09-30 22:14:37 INFO  LogerClass:26 - login with valid crendetial
2023-09-30 22:14:37 INFO  LogerClass:28 - validate homepage current url 
2023-09-30 22:14:37 INFO  LogerClass:26 - login with valid crendetial
2023-09-30 22:14:37 INFO  LogerClass:28 - validate homepage current url 
2023-09-30 22:14:37 INFO  LogerClass:26 - login with valid crendetial
2023-09-30 22:14:37 INFO  LogerClass:28 - validate homepage current url 
2023-09-30 22:14:37 INFO  LogerClass:26 - login with valid crendetial
2023-09-30 22:14:37 INFO  LogerClass:28 - validate homepage current url 
2023-09-30 22:14:37 INFO  LogerClass:26 - login with valid crendetial
2023-09-30 22:14:37 INFO  LogerClass:28 - validate homepage current url 
2023-09-30 22:14:37 INFO  LogerClass:26 - login with valid crendetial
2023-09-30 22:14:37 INFO  LogerClass:28 - validate homepage current url 
2023-09-30 22:14:37 INFO  LogerClass:26 - login with valid crendetial
2023-09-30 22:14:37 INFO  LogerClass:28 - validate homepage current url 
2023-09-30 22:14:37 INFO  LogerClass:26 - login with valid crendetial
2023-09-30 22:14:37 INFO  LogerClass:28 - validate homepage current url 
2023-09-30 22:14:37 INFO  LogerClass:26 - login with valid crendetial
2023-09-30 22:14:37 INFO  LogerClass:28 - validate homepage current url 
2023-09-30 22:14:37 INFO  LogerClass:26 - login with valid crendetial
2023-09-30 22:14:37 INFO  LogerClass:28 - validate homepage current url 
2023-09-30 22:14:37 INFO  LogerClass:26 - login with valid crendetial
2023-09-30 22:14:37 INFO  LogerClass:28 - validate homepage current url 
2023-09-30 22:14:37 INFO  LogerClass:26 - login with valid crendetial
2023-09-30 22:14:37 INFO  LogerClass:28 - validate homepage current url 
2023-09-30 22:14:37 INFO  LogerClass:26 - login with valid crendetial
2023-09-30 22:14:37 INFO  LogerClass:28 - validate homepage current url 
2023-09-30 22:14:37 INFO  LogerClass:26 - login with valid crendetial
2023-09-30 22:14:37 INFO  LogerClass:28 - validate homepage current url 
2023-09-30 22:14:37 INFO  LogerClass:26 - login with valid crendetial
2023-09-30 22:14:37 INFO  LogerClass:28 - validate homepage current url 
2023-09-30 22:14:37 INFO  LogerClass:26 - login with valid crendetial
2023-09-30 22:14:37 INFO  LogerClass:28 - validate homepage current url 
2023-09-30 22:14:37 INFO  LogerClass:26 - login with valid crendetial
2023-09-30 22:14:37 INFO  LogerClass:28 - validate homepage current url 
2023-09-30 22:14:37 INFO  LogerClass:26 - login with valid crendetial
2023-09-30 22:14:37 INFO  LogerClass:28 - validate homepage current url 
2023-09-30 22:14:37 INFO  LogerClass:26 - login with valid crendetial
2023-09-30 22:14:37 INFO  LogerClass:28 - validate homepage current url 
2023-09-30 22:14:37 INFO  LogerClass:26 - login with valid crendetial
2023-09-30 22:14:37 INFO  LogerClass:28 - validate homepage current url 
2023-09-30 22:14:37 INFO  LogerClass:26 - login with valid crendetial
2023-09-30 22:14:37 INFO  LogerClass:28 - validate homepage current url 
2023-09-30 22:14:37 INFO  LogerClass:26 - login with valid crendetial
2023-09-30 22:14:37 INFO  LogerClass:28 - validate homepage current url 
2023-09-30 22:14:37 INFO  LogerClass:26 - login with valid crendetial
2023-09-30 22:14:37 INFO  LogerClass:28 - validate homepage current url 
2023-09-30 22:14:37 INFO  LogerClass:26 - login with valid crendetial
2023-09-30 22:14:37 INFO  LogerClass:28 - validate homepage current url 
2023-09-30 22:14:37 INFO  LogerClass:26 - login with valid crendetial
2023-09-30 22:14:37 INFO  LogerClass:28 - validate homepage current url 
2023-09-30 22:14:37 INFO  LogerClass:26 - login with valid crendetial
2023-09-30 22:14:37 INFO  LogerClass:28 - validate homepage current url 
2023-09-30 22:14:37 INFO  LogerClass:26 - login with valid crendetial
2023-09-30 22:14:37 INFO  LogerClass:28 - validate homepage current url 
2023-09-30 22:14:37 INFO  LogerClass:26 - login with valid crendetial
2023-09-30 22:14:37 INFO  LogerClass:28 - validate homepage current url 
2023-09-30 22:14:37 INFO  LogerClass:26 - login with valid crendetial
2023-09-30 22:14:37 INFO  LogerClass:28 - validate homepage current url 
2023-09-30 22:14:37 INFO  LogerClass:26 - login with valid crendetial
2023-09-30 22:14:37 INFO  LogerClass:28 - validate homepage current url 
2023-09-30 22:14:37 INFO  LogerClass:26 - login with valid crendetial
2023-09-30 22:14:37 INFO  LogerClass:28 - validate homepage current url 
2023-09-30 22:14:37 INFO  LogerClass:26 - login with valid crendetial
2023-09-30 22:14:37 INFO  LogerClass:28 - validate homepage current url 
2023-09-30 22:14:37 INFO  LogerClass:26 - login with valid crendetial
2023-09-30 22:14:37 INFO  LogerClass:28 - validate homepage current url 
2023-09-30 22:14:37 INFO  LogerClass:26 - login with valid crendetial
2023-09-30 22:14:37 INFO  LogerClass:28 - validate homepage current url 
2023-09-30 22:14:37 INFO  LogerClass:26 - login with valid crendetial
2023-09-30 22:14:37 INFO  LogerClass:28 - validate homepage current url 
2023-09-30 22:14:37 INFO  LogerClass:26 - login with valid crendetial
2023-09-30 22:14:37 INFO  LogerClass:28 - validate homepage current url 
2023-09-30 22:14:37 INFO  LogerClass:26 - login with valid crendetial
2023-09-30 22:14:37 INFO  LogerClass:28 - validate homepage current url 
2023-09-30 22:14:37 INFO  LogerClass:26 - login with valid crendetial
2023-09-30 22:14:37 INFO  LogerClass:28 - validate homepage current url 
2023-09-30 22:14:37 INFO  LogerClass:26 - login with valid crendetial
2023-09-30 22:14:37 INFO  LogerClass:28 - validate homepage current url 
2023-09-30 22:14:37 INFO  LogerClass:26 - login with valid crendetial
2023-09-30 22:14:37 INFO  LogerClass:28 - validate homepage current url 
2023-09-30 22:14:37 INFO  LogerClass:26 - login with valid crendetial
2023-09-30 22:14:37 INFO  LogerClass:28 - validate homepage current url 
2023-09-30 22:14:38 INFO  LogerClass:26 - login with valid crendetial
2023-09-30 22:14:38 INFO  LogerClass:28 - validate homepage current url 
2023-09-30 22:14:38 INFO  LogerClass:26 - login with valid crendetial
2023-09-30 22:14:38 INFO  LogerClass:28 - validate homepage current url 
2023-09-30 22:14:38 INFO  LogerClass:26 - login with valid crendetial
2023-09-30 22:14:38 INFO  LogerClass:28 - validate homepage current url 
2023-09-30 22:14:38 INFO  LogerClass:26 - login with valid crendetial
2023-09-30 22:14:38 INFO  LogerClass:28 - validate homepage current url 
2023-09-30 22:14:38 INFO  LogerClass:26 - login with valid crendetial
2023-09-30 22:14:38 INFO  LogerClass:28 - validate homepage current url 
2023-09-30 22:14:38 INFO  LogerClass:26 - login with valid crendetial
2023-09-30 22:14:38 INFO  LogerClass:28 - validate homepage current url 
2023-09-30 22:14:38 INFO  LogerClass:26 - login with valid crendetial
2023-09-30 22:14:38 INFO  LogerClass:28 - validate homepage current url 
2023-09-30 22:14:38 INFO  LogerClass:26 - login with valid crendetial
2023-09-30 22:14:38 INFO  LogerClass:28 - validate homepage current url 
2023-09-30 22:14:38 INFO  LogerClass:26 - login with valid crendetial
2023-09-30 22:14:38 INFO  LogerClass:28 - validate homepage current url 
2023-09-30 22:14:38 INFO  LogerClass:26 - login with valid crendetial
2023-09-30 22:14:38 INFO  LogerClass:28 - validate homepage current url 
2023-09-30 22:14:38 INFO  LogerClass:26 - login with valid crendetial
2023-09-30 22:14:38 INFO  LogerClass:28 - validate homepage current url 
2023-09-30 22:14:38 INFO  LogerClass:26 - login with valid crendetial
2023-09-30 22:14:38 INFO  LogerClass:28 - validate homepage current url 
2023-09-30 22:14:38 INFO  LogerClass:26 - login with valid crendetial
2023-09-30 22:14:38 INFO  LogerClass:28 - validate homepage current url 
2023-09-30 22:14:38 INFO  LogerClass:26 - login with valid crendetial
2023-09-30 22:14:38 INFO  LogerClass:28 - validate homepage current url 
2023-09-30 22:14:38 INFO  LogerClass:26 - login with valid crendetial
2023-09-30 22:14:38 INFO  LogerClass:28 - validate homepage current url 
2023-09-30 22:14:38 INFO  LogerClass:26 - login with valid crendetial
2023-09-30 22:14:38 INFO  LogerClass:28 - validate homepage current url 
2023-09-30 22:14:38 INFO  LogerClass:26 - login with valid crendetial
2023-09-30 22:14:38 INFO  LogerClass:28 - validate homepage current url 
2023-09-30 22:14:38 INFO  LogerClass:26 - login with valid crendetial
2023-09-30 22:14:38 INFO  LogerClass:28 - validate homepage current url 
2023-09-30 22:14:38 INFO  LogerClass:26 - login with valid crendetial
2023-09-30 22:14:38 INFO  LogerClass:28 - validate homepage current url 
2023-09-30 22:14:38 INFO  LogerClass:26 - login with valid crendetial
2023-09-30 22:14:38 INFO  LogerClass:28 - validate homepage current url 
2023-09-30 22:14:38 INFO  LogerClass:26 - login with valid crendetial
2023-09-30 22:14:38 INFO  LogerClass:28 - validate homepage current url 
2023-09-30 22:14:38 INFO  LogerClass:26 - login with valid crendetial
2023-09-30 22:14:38 INFO  LogerClass:28 - validate homepage current url 
2023-09-30 22:14:38 INFO  LogerClass:26 - login with valid crendetial
2023-09-30 22:14:38 INFO  LogerClass:28 - validate homepage current url 
2023-09-30 22:14:38 INFO  LogerClass:26 - login with valid crendetial
2023-09-30 22:14:38 INFO  LogerClass:28 - validate homepage current url 
2023-09-30 22:14:38 INFO  LogerClass:26 - login with valid crendetial
2023-09-30 22:14:38 INFO  LogerClass:28 - validate homepage current url 
2023-09-30 22:14:38 INFO  LogerClass:26 - login with valid crendetial
2023-09-30 22:14:38 INFO  LogerClass:28 - validate homepage current url 
2023-09-30 22:14:38 INFO  LogerClass:26 - login with valid crendetial
2023-09-30 22:14:38 INFO  LogerClass:28 - validate homepage current url 
2023-09-30 22:14:38 INFO  LogerClass:26 - login with valid crendetial
2023-09-30 22:14:38 INFO  LogerClass:28 - validate homepage current url 
2023-09-30 22:14:38 INFO  LogerClass:26 - login with valid crendetial
2023-09-30 22:14:38 INFO  LogerClass:28 - validate homepage current url 
2023-09-30 22:14:38 INFO  LogerClass:26 - login with valid crendetial
2023-09-30 22:14:38 INFO  LogerClass:28 - validate homepage current url 
2023-09-30 22:14:38 INFO  LogerClass:26 - login with valid crendetial
2023-09-30 22:14:38 INFO  LogerClass:28 - validate homepage current url 
2023-09-30 22:14:38 INFO  LogerClass:26 - login with valid crendetial
2023-09-30 22:14:38 INFO  LogerClass:28 - validate homepage current url 
2023-09-30 22:14:38 INFO  LogerClass:26 - login with valid crendetial
2023-09-30 22:14:38 INFO  LogerClass:28 - validate homepage current url 
2023-09-30 22:14:38 INFO  LogerClass:26 - login with valid crendetial
2023-09-30 22:14:38 INFO  LogerClass:28 - validate homepage current url 
2023-09-30 22:14:38 INFO  LogerClass:26 - login with valid crendetial
2023-09-30 22:14:38 INFO  LogerClass:28 - validate homepage current url 
2023-09-30 22:14:38 INFO  LogerClass:26 - login with valid crendetial
2023-09-30 22:14:38 INFO  LogerClass:28 - validate homepage current url 
2023-09-30 22:14:38 INFO  LogerClass:26 - login with valid crendetial
2023-09-30 22:14:38 INFO  LogerClass:28 - validate homepage current url 
2023-09-30 22:14:38 INFO  LogerClass:26 - login with valid crendetial
2023-09-30 22:14:38 INFO  LogerClass:28 - validate homepage current url 
2023-09-30 22:14:38 INFO  LogerClass:26 - login with valid crendetial
2023-09-30 22:14:38 INFO  LogerClass:28 - validate homepage current url 
2023-09-30 22:14:38 INFO  LogerClass:26 - login with valid crendetial
2023-09-30 22:14:38 INFO  LogerClass:28 - validate homepage current url 
2023-09-30 22:14:38 INFO  LogerClass:26 - login with valid crendetial
2023-09-30 22:14:38 INFO  LogerClass:28 - validate homepage current url 
2023-09-30 22:14:38 INFO  LogerClass:26 - login with valid crendetial
2023-09-30 22:14:38 INFO  LogerClass:28 - validate homepage current url 
2023-09-30 22:14:38 INFO  LogerClass:26 - login with valid crendetial
2023-09-30 22:14:38 INFO  LogerClass:28 - validate homepage current url 
2023-09-30 22:14:38 INFO  LogerClass:26 - login with valid crendetial
2023-09-30 22:14:38 INFO  LogerClass:28 - validate homepage current url 
2023-09-30 22:14:38 INFO  LogerClass:26 - login with valid crendetial
2023-09-30 22:14:38 INFO  LogerClass:28 - validate homepage current url 
2023-09-30 22:14:38 INFO  LogerClass:26 - login with valid crendetial
2023-09-30 22:14:38 INFO  LogerClass:28 - validate homepage current url 
2023-09-30 22:14:38 INFO  LogerClass:26 - login with valid crendetial
2023-09-30 22:14:38 INFO  LogerClass:28 - validate homepage current url 
2023-09-30 22:14:38 INFO  LogerClass:26 - login with valid crendetial
2023-09-30 22:14:38 INFO  LogerClass:28 - validate homepage current url 
2023-09-30 22:14:38 INFO  LogerClass:26 - login with valid crendetial
2023-09-30 22:14:38 INFO  LogerClass:28 - validate homepage current url 
2023-09-30 22:14:38 INFO  LogerClass:26 - login with valid crendetial
2023-09-30 22:14:38 INFO  LogerClass:28 - validate homepage current url 
2023-09-30 22:14:38 INFO  LogerClass:26 - login with valid crendetial
2023-09-30 22:14:38 INFO  LogerClass:28 - validate homepage current url 
2023-09-30 22:14:38 INFO  LogerClass:26 - login with valid crendetial
2023-09-30 22:14:38 INFO  LogerClass:28 - validate homepage current url 
2023-09-30 22:14:38 INFO  LogerClass:26 - login with valid crendetial
2023-09-30 22:14:38 INFO  LogerClass:28 - validate homepage current url 
2023-09-30 22:14:38 INFO  LogerClass:26 - login with valid crendetial
2023-09-30 22:14:38 INFO  LogerClass:28 - validate homepage current url 
2023-09-30 22:14:38 INFO  LogerClass:26 - login with valid crendetial
2023-09-30 22:14:38 INFO  LogerClass:28 - validate homepage current url 
2023-09-30 22:14:38 INFO  LogerClass:26 - login with valid crendetial
2023-09-30 22:14:38 INFO  LogerClass:28 - validate homepage current url 
2023-09-30 22:14:38 INFO  LogerClass:26 - login with valid crendetial
2023-09-30 22:14:38 INFO  LogerClass:28 - validate homepage current url 
2023-09-30 22:14:38 INFO  LogerClass:26 - login with valid crendetial
2023-09-30 22:14:38 INFO  LogerClass:28 - validate homepage current url 
2023-09-30 22:14:38 INFO  LogerClass:26 - login with valid crendetial
2023-09-30 22:14:38 INFO  LogerClass:28 - validate homepage current url 
2023-09-30 22:14:38 INFO  LogerClass:26 - login with valid crendetial
2023-09-30 22:14:38 INFO  LogerClass:28 - validate homepage current url 
2023-09-30 22:14:38 INFO  LogerClass:26 - login with valid crendetial
2023-09-30 22:14:38 INFO  LogerClass:28 - validate homepage current url 
2023-09-30 22:14:38 INFO  LogerClass:26 - login with valid crendetial
2023-09-30 22:14:38 INFO  LogerClass:28 - validate homepage current url 
2023-09-30 22:14:38 INFO  LogerClass:26 - login with valid crendetial
2023-09-30 22:14:38 INFO  LogerClass:28 - validate homepage current url 
2023-09-30 22:14:38 INFO  LogerClass:26 - login with valid crendetial
2023-09-30 22:14:38 INFO  LogerClass:28 - validate homepage current url 
2023-09-30 22:14:38 INFO  LogerClass:26 - login with valid crendetial
2023-09-30 22:14:38 INFO  LogerClass:28 - validate homepage current url 
2023-09-30 22:14:38 INFO  LogerClass:26 - login with valid crendetial
2023-09-30 22:14:38 INFO  LogerClass:28 - validate homepage current url 
2023-09-30 22:14:38 INFO  LogerClass:26 - login with valid crendetial
2023-09-30 22:14:38 INFO  LogerClass:28 - validate homepage current url 
2023-09-30 22:14:38 INFO  LogerClass:26 - login with valid crendetial
2023-09-30 22:14:38 INFO  LogerClass:28 - validate homepage current url 
2023-09-30 22:14:38 INFO  LogerClass:26 - login with valid crendetial
2023-09-30 22:14:38 INFO  LogerClass:28 - validate homepage current url 
2023-09-30 22:14:38 INFO  LogerClass:26 - login with valid crendetial
2023-09-30 22:14:38 INFO  LogerClass:28 - validate homepage current url 
2023-09-30 22:14:38 INFO  LogerClass:26 - login with valid crendetial
2023-09-30 22:14:38 INFO  LogerClass:28 - validate homepage current url 
2023-09-30 22:14:38 INFO  LogerClass:26 - login with valid crendetial
2023-09-30 22:14:38 INFO  LogerClass:28 - validate homepage current url 
2023-09-30 22:14:38 INFO  LogerClass:26 - login with valid crendetial
2023-09-30 22:14:38 INFO  LogerClass:28 - validate homepage current url 
2023-09-30 22:14:38 INFO  LogerClass:26 - login with valid crendetial
2023-09-30 22:14:38 INFO  LogerClass:28 - validate homepage current url 
2023-09-30 22:14:38 INFO  LogerClass:26 - login with valid crendetial
2023-09-30 22:14:38 INFO  LogerClass:28 - validate homepage current url 
2023-09-30 22:14:38 INFO  LogerClass:26 - login with valid crendetial
2023-09-30 22:14:38 INFO  LogerClass:28 - validate homepage current url 
2023-09-30 22:14:38 INFO  LogerClass:26 - login with valid crendetial
2023-09-30 22:14:38 INFO  LogerClass:28 - validate homepage current url 
2023-09-30 22:14:38 INFO  LogerClass:26 - login with valid crendetial
2023-09-30 22:14:38 INFO  LogerClass:28 - validate homepage current url 
2023-09-30 22:14:38 INFO  LogerClass:26 - login with valid crendetial
2023-09-30 22:14:38 INFO  LogerClass:28 - validate homepage current url 
2023-09-30 22:14:38 INFO  LogerClass:26 - login with valid crendetial
2023-09-30 22:14:38 INFO  LogerClass:28 - validate homepage current url 
2023-09-30 22:14:38 INFO  LogerClass:26 - login with valid crendetial
2023-09-30 22:14:38 INFO  LogerClass:28 - validate homepage current url 
2023-09-30 22:14:38 INFO  LogerClass:26 - login with valid crendetial
2023-09-30 22:14:38 INFO  LogerClass:28 - validate homepage current url 
2023-09-30 22:14:38 INFO  LogerClass:26 - login with valid crendetial
2023-09-30 22:14:38 INFO  LogerClass:28 - validate homepage current url 
2023-09-30 22:14:38 INFO  LogerClass:26 - login with valid crendetial
2023-09-30 22:14:38 INFO  LogerClass:28 - validate homepage current url 
2023-09-30 22:14:38 INFO  LogerClass:26 - login with valid crendetial
2023-09-30 22:14:38 INFO  LogerClass:28 - validate homepage current url 
2023-09-30 22:14:38 INFO  LogerClass:26 - login with valid crendetial
2023-09-30 22:14:38 INFO  LogerClass:28 - validate homepage current url 
2023-09-30 22:14:38 INFO  LogerClass:26 - login with valid crendetial
2023-09-30 22:14:38 INFO  LogerClass:28 - validate homepage current url 
2023-09-30 22:14:38 INFO  LogerClass:26 - login with valid crendetial
2023-09-30 22:14:38 INFO  LogerClass:28 - validate homepage current url 
2023-09-30 22:14:38 INFO  LogerClass:26 - login with valid crendetial
2023-09-30 22:14:38 INFO  LogerClass:28 - validate homepage current url 
2023-09-30 22:14:38 INFO  LogerClass:26 - login with valid crendetial
2023-09-30 22:14:38 INFO  LogerClass:28 - validate homepage current url 
2023-09-30 22:14:38 INFO  LogerClass:26 - login with valid crendetial
2023-09-30 22:14:38 INFO  LogerClass:28 - validate homepage current url 
2023-09-30 22:14:38 INFO  LogerClass:26 - login with valid crendetial
2023-09-30 22:14:38 INFO  LogerClass:28 - validate homepage current url 
2023-09-30 22:14:38 INFO  LogerClass:26 - login with valid crendetial
2023-09-30 22:14:38 INFO  LogerClass:28 - validate homepage current url 
2023-09-30 22:14:38 INFO  LogerClass:26 - login with valid crendetial
2023-09-30 22:14:38 INFO  LogerClass:28 - validate homepage current url 
2023-09-30 22:14:38 INFO  LogerClass:26 - login with valid crendetial
2023-09-30 22:14:38 INFO  LogerClass:28 - validate homepage current url 
2023-09-30 22:14:38 INFO  LogerClass:26 - login with valid crendetial
2023-09-30 22:14:38 INFO  LogerClass:28 - validate homepage current url 
2023-09-30 22:14:38 INFO  LogerClass:26 - login with valid crendetial
2023-09-30 22:14:38 INFO  LogerClass:28 - validate homepage current url 
2023-09-30 22:14:38 INFO  LogerClass:26 - login with valid crendetial
2023-09-30 22:14:38 INFO  LogerClass:28 - validate homepage current url 
2023-09-30 22:14:38 INFO  LogerClass:26 - login with valid crendetial
2023-09-30 22:14:38 INFO  LogerClass:28 - validate homepage current url 
2023-09-30 22:14:38 INFO  LogerClass:26 - login with valid crendetial
2023-09-30 22:14:38 INFO  LogerClass:28 - validate homepage current url 
2023-09-30 22:14:38 INFO  LogerClass:26 - login with valid crendetial
2023-09-30 22:14:38 INFO  LogerClass:28 - validate homepage current url 
2023-09-30 22:14:38 INFO  LogerClass:26 - login with valid crendetial
2023-09-30 22:14:38 INFO  LogerClass:28 - validate homepage current url 
2023-09-30 22:14:38 INFO  LogerClass:26 - login with valid crendetial
2023-09-30 22:14:38 INFO  LogerClass:28 - validate homepage current url 
2023-09-30 22:14:38 INFO  LogerClass:26 - login with valid crendetial
2023-09-30 22:14:38 INFO  LogerClass:28 - validate homepage current url 
2023-09-30 22:14:38 INFO  LogerClass:26 - login with valid crendetial
2023-09-30 22:14:38 INFO  LogerClass:28 - validate homepage current url 
2023-09-30 22:14:38 INFO  LogerClass:26 - login with valid crendetial
2023-09-30 22:14:38 INFO  LogerClass:28 - validate homepage current url 
2023-09-30 22:14:38 INFO  LogerClass:26 - login with valid crendetial
2023-09-30 22:14:38 INFO  LogerClass:28 - validate homepage current url 
2023-09-30 22:14:38 INFO  LogerClass:26 - login with valid crendetial
2023-09-30 22:14:38 INFO  LogerClass:28 - validate homepage current url 
2023-09-30 22:14:38 INFO  LogerClass:26 - login with valid crendetial
2023-09-30 22:14:38 INFO  LogerClass:28 - validate homepage current url 
2023-09-30 22:14:38 INFO  LogerClass:26 - login with valid crendetial
2023-09-30 22:14:38 INFO  LogerClass:28 - validate homepage current url 
2023-09-30 22:14:38 INFO  LogerClass:26 - login with valid crendetial
2023-09-30 22:14:38 INFO  LogerClass:28 - validate homepage current url 
2023-09-30 22:14:38 INFO  LogerClass:26 - login with valid crendetial
2023-09-30 22:14:38 INFO  LogerClass:28 - validate homepage current url 
2023-09-30 22:14:49 INFO  LogerClass:26 - login with valid crendetial
2023-09-30 22:14:49 INFO  LogerClass:28 - validate homepage current url 
2023-09-30 22:14:49 INFO  LogerClass:26 - login with valid crendetial
2023-09-30 22:14:49 INFO  LogerClass:28 - validate homepage current url 
2023-09-30 22:14:49 INFO  LogerClass:26 - login with valid crendetial
2023-09-30 22:14:49 INFO  LogerClass:28 - validate homepage current url 
2023-09-30 22:14:49 INFO  LogerClass:26 - login with valid crendetial
2023-09-30 22:14:49 INFO  LogerClass:28 - validate homepage current url 
2023-09-30 22:14:49 INFO  LogerClass:26 - login with valid crendetial
2023-09-30 22:14:49 INFO  LogerClass:28 - validate homepage current url 
2023-09-30 22:14:49 INFO  LogerClass:26 - login with valid crendetial
2023-09-30 22:14:49 INFO  LogerClass:28 - validate homepage current url 
2023-09-30 22:14:49 INFO  LogerClass:26 - login with valid crendetial
2023-09-30 22:14:49 INFO  LogerClass:28 - validate homepage current url 
2023-09-30 22:14:49 INFO  LogerClass:26 - login with valid crendetial
2023-09-30 22:14:49 INFO  LogerClass:28 - validate homepage current url 
2023-09-30 22:14:49 INFO  LogerClass:26 - login with valid crendetial
2023-09-30 22:14:49 INFO  LogerClass:28 - validate homepage current url 
2023-09-30 22:14:49 INFO  LogerClass:26 - login with valid crendetial
2023-09-30 22:14:49 INFO  LogerClass:28 - validate homepage current url 
2023-09-30 22:14:49 INFO  LogerClass:26 - login with valid crendetial
2023-09-30 22:14:49 INFO  LogerClass:28 - validate homepage current url 
2023-09-30 22:14:49 INFO  LogerClass:26 - login with valid crendetial
2023-09-30 22:14:49 INFO  LogerClass:28 - validate homepage current url 
2023-09-30 22:14:49 INFO  LogerClass:26 - login with valid crendetial
2023-09-30 22:14:49 INFO  LogerClass:28 - validate homepage current url 
2023-09-30 22:14:49 INFO  LogerClass:26 - login with valid crendetial
2023-09-30 22:14:49 INFO  LogerClass:28 - validate homepage current url 
2023-09-30 22:14:49 INFO  LogerClass:26 - login with valid crendetial
2023-09-30 22:14:49 INFO  LogerClass:28 - validate homepage current url 
2023-09-30 22:14:49 INFO  LogerClass:26 - login with valid crendetial
2023-09-30 22:14:49 INFO  LogerClass:28 - validate homepage current url 
2023-09-30 22:14:49 INFO  LogerClass:26 - login with valid crendetial
2023-09-30 22:14:49 INFO  LogerClass:28 - validate homepage current url 
2023-09-30 22:14:49 INFO  LogerClass:26 - login with valid crendetial
2023-09-30 22:14:49 INFO  LogerClass:28 - validate homepage current url 
2023-09-30 22:14:49 INFO  LogerClass:26 - login with valid crendetial
2023-09-30 22:14:49 INFO  LogerClass:28 - validate homepage current url 
2023-09-30 22:14:49 INFO  LogerClass:26 - login with valid crendetial
2023-09-30 22:14:49 INFO  LogerClass:28 - validate homepage current url 
2023-09-30 22:14:49 INFO  LogerClass:26 - login with valid crendetial
2023-09-30 22:14:49 INFO  LogerClass:28 - validate homepage current url 
2023-09-30 22:14:49 INFO  LogerClass:26 - login with valid crendetial
2023-09-30 22:14:49 INFO  LogerClass:28 - validate homepage current url 
2023-09-30 22:14:49 INFO  LogerClass:26 - login with valid crendetial
2023-09-30 22:14:49 INFO  LogerClass:28 - validate homepage current url 
2023-09-30 22:14:49 INFO  LogerClass:26 - login with valid crendetial
2023-09-30 22:14:49 INFO  LogerClass:28 - validate homepage current url 
2023-09-30 22:14:49 INFO  LogerClass:26 - login with valid crendetial
2023-09-30 22:14:49 INFO  LogerClass:28 - validate homepage current url 
2023-09-30 22:14:49 INFO  LogerClass:26 - login with valid crendetial
2023-09-30 22:14:49 INFO  LogerClass:28 - validate homepage current url 
2023-09-30 22:14:49 INFO  LogerClass:26 - login with valid crendetial
2023-09-30 22:14:49 INFO  LogerClass:28 - validate homepage current url 
2023-09-30 22:14:49 INFO  LogerClass:26 - login with valid crendetial
2023-09-30 22:14:49 INFO  LogerClass:28 - validate homepage current url 
2023-09-30 22:14:49 INFO  LogerClass:26 - login with valid crendetial
2023-09-30 22:14:49 INFO  LogerClass:28 - validate homepage current url 
2023-09-30 22:14:49 INFO  LogerClass:26 - login with valid crendetial
2023-09-30 22:14:49 INFO  LogerClass:28 - validate homepage current url 
2023-09-30 22:14:49 INFO  LogerClass:26 - login with valid crendetial
2023-09-30 22:14:49 INFO  LogerClass:28 - validate homepage current url 
2023-09-30 22:14:49 INFO  LogerClass:26 - login with valid crendetial
2023-09-30 22:14:49 INFO  LogerClass:28 - validate homepage current url 
2023-09-30 22:14:49 INFO  LogerClass:26 - login with valid crendetial
2023-09-30 22:14:49 INFO  LogerClass:28 - validate homepage current url 
2023-09-30 22:14:49 INFO  LogerClass:26 - login with valid crendetial
2023-09-30 22:14:49 INFO  LogerClass:28 - validate homepage current url 
2023-09-30 22:14:49 INFO  LogerClass:26 - login with valid crendetial
2023-09-30 22:14:49 INFO  LogerClass:28 - validate homepage current url 
2023-09-30 22:14:49 INFO  LogerClass:26 - login with valid crendetial
2023-09-30 22:14:49 INFO  LogerClass:28 - validate homepage current url 
2023-09-30 22:14:49 INFO  LogerClass:26 - login with valid crendetial
2023-09-30 22:14:49 INFO  LogerClass:28 - validate homepage current url 
2023-09-30 22:14:49 INFO  LogerClass:26 - login with valid crendetial
2023-09-30 22:14:49 INFO  LogerClass:28 - validate homepage current url 
2023-09-30 22:14:49 INFO  LogerClass:26 - login with valid crendetial
2023-09-30 22:14:49 INFO  LogerClass:28 - validate homepage current url 
2023-09-30 22:14:49 INFO  LogerClass:26 - login with valid crendetial
2023-09-30 22:14:49 INFO  LogerClass:28 - validate homepage current url 
2023-09-30 22:14:49 INFO  LogerClass:26 - login with valid crendetial
2023-09-30 22:14:49 INFO  LogerClass:28 - validate homepage current url 
2023-09-30 22:14:49 INFO  LogerClass:26 - login with valid crendetial
2023-09-30 22:14:49 INFO  LogerClass:28 - validate homepage current url 
2023-09-30 22:14:49 INFO  LogerClass:26 - login with valid crendetial
2023-09-30 22:14:49 INFO  LogerClass:28 - validate homepage current url 
2023-09-30 22:14:49 INFO  LogerClass:26 - login with valid crendetial
2023-09-30 22:14:49 INFO  LogerClass:28 - validate homepage current url 
2023-09-30 22:14:49 INFO  LogerClass:26 - login with valid crendetial
2023-09-30 22:14:49 INFO  LogerClass:28 - validate homepage current url 
2023-09-30 22:14:49 INFO  LogerClass:26 - login with valid crendetial
2023-09-30 22:14:49 INFO  LogerClass:28 - validate homepage current url 
2023-09-30 22:14:49 INFO  LogerClass:26 - login with valid crendetial
2023-09-30 22:14:49 INFO  LogerClass:28 - validate homepage current url 
2023-09-30 22:14:49 INFO  LogerClass:26 - login with valid crendetial
2023-09-30 22:14:49 INFO  LogerClass:28 - validate homepage current url 
2023-09-30 22:14:49 INFO  LogerClass:26 - login with valid crendetial
2023-09-30 22:14:49 INFO  LogerClass:28 - validate homepage current url 
2023-09-30 22:14:49 INFO  LogerClass:26 - login with valid crendetial
2023-09-30 22:14:49 INFO  LogerClass:28 - validate homepage current url 
2023-09-30 22:14:49 INFO  LogerClass:26 - login with valid crendetial
2023-09-30 22:14:49 INFO  LogerClass:28 - validate homepage current url 
2023-09-30 22:14:49 INFO  LogerClass:26 - login with valid crendetial
2023-09-30 22:14:49 INFO  LogerClass:28 - validate homepage current url 
2023-09-30 22:14:49 INFO  LogerClass:26 - login with valid crendetial
2023-09-30 22:14:49 INFO  LogerClass:28 - validate homepage current url 
2023-09-30 22:14:49 INFO  LogerClass:26 - login with valid crendetial
2023-09-30 22:14:49 INFO  LogerClass:28 - validate homepage current url 
2023-09-30 22:14:49 INFO  LogerClass:26 - login with valid crendetial
2023-09-30 22:14:49 INFO  LogerClass:28 - validate homepage current url 
2023-09-30 22:14:49 INFO  LogerClass:26 - login with valid crendetial
2023-09-30 22:14:49 INFO  LogerClass:28 - validate homepage current url 
2023-09-30 22:14:49 INFO  LogerClass:26 - login with valid crendetial
2023-09-30 22:14:49 INFO  LogerClass:28 - validate homepage current url 
2023-09-30 22:14:49 INFO  LogerClass:26 - login with valid crendetial
2023-09-30 22:14:49 INFO  LogerClass:28 - validate homepage current url 
2023-09-30 22:14:49 INFO  LogerClass:26 - login with valid crendetial
2023-09-30 22:14:49 INFO  LogerClass:28 - validate homepage current url 
2023-09-30 22:14:49 INFO  LogerClass:26 - login with valid crendetial
2023-09-30 22:14:49 INFO  LogerClass:28 - validate homepage current url 
2023-09-30 22:14:49 INFO  LogerClass:26 - login with valid crendetial
2023-09-30 22:14:49 INFO  LogerClass:28 - validate homepage current url 
2023-09-30 22:14:49 INFO  LogerClass:26 - login with valid crendetial
2023-09-30 22:14:49 INFO  LogerClass:28 - validate homepage current url 
2023-09-30 22:14:49 INFO  LogerClass:26 - login with valid crendetial
2023-09-30 22:14:49 INFO  LogerClass:28 - validate homepage current url 
2023-09-30 22:14:49 INFO  LogerClass:26 - login with valid crendetial
2023-09-30 22:14:49 INFO  LogerClass:28 - validate homepage current url 
2023-09-30 22:14:49 INFO  LogerClass:26 - login with valid crendetial
2023-09-30 22:14:49 INFO  LogerClass:28 - validate homepage current url 
2023-09-30 22:14:49 INFO  LogerClass:26 - login with valid crendetial
2023-09-30 22:14:49 INFO  LogerClass:28 - validate homepage current url 
2023-09-30 22:14:49 INFO  LogerClass:26 - login with valid crendetial
2023-09-30 22:14:49 INFO  LogerClass:28 - validate homepage current url 
2023-09-30 22:14:49 INFO  LogerClass:26 - login with valid crendetial
2023-09-30 22:14:49 INFO  LogerClass:28 - validate homepage current url 
2023-09-30 22:14:49 INFO  LogerClass:26 - login with valid crendetial
2023-09-30 22:14:49 INFO  LogerClass:28 - validate homepage current url 
2023-09-30 22:14:49 INFO  LogerClass:26 - login with valid crendetial
2023-09-30 22:14:49 INFO  LogerClass:28 - validate homepage current url 
2023-09-30 22:14:49 INFO  LogerClass:26 - login with valid crendetial
2023-09-30 22:14:49 INFO  LogerClass:28 - validate homepage current url 
2023-09-30 22:14:49 INFO  LogerClass:26 - login with valid crendetial
2023-09-30 22:14:49 INFO  LogerClass:28 - validate homepage current url 
2023-09-30 22:14:49 INFO  LogerClass:26 - login with valid crendetial
2023-09-30 22:14:49 INFO  LogerClass:28 - validate homepage current url 
2023-09-30 22:14:49 INFO  LogerClass:26 - login with valid crendetial
2023-09-30 22:14:49 INFO  LogerClass:28 - validate homepage current url 
2023-09-30 22:14:49 INFO  LogerClass:26 - login with valid crendetial
2023-09-30 22:14:49 INFO  LogerClass:28 - validate homepage current url 
2023-09-30 22:14:49 INFO  LogerClass:26 - login with valid crendetial
2023-09-30 22:14:49 INFO  LogerClass:28 - validate homepage current url 
2023-09-30 22:14:49 INFO  LogerClass:26 - login with valid crendetial
2023-09-30 22:14:49 INFO  LogerClass:28 - validate homepage current url 
2023-09-30 22:14:49 INFO  LogerClass:26 - login with valid crendetial
2023-09-30 22:14:49 INFO  LogerClass:28 - validate homepage current url 
2023-09-30 22:14:49 INFO  LogerClass:26 - login with valid crendetial
2023-09-30 22:14:49 INFO  LogerClass:28 - validate homepage current url 
2023-09-30 22:14:49 INFO  LogerClass:26 - login with valid crendetial
2023-09-30 22:14:49 INFO  LogerClass:28 - validate homepage current url 
2023-09-30 22:14:49 INFO  LogerClass:26 - login with valid crendetial
2023-09-30 22:14:49 INFO  LogerClass:28 - validate homepage current url 
2023-09-30 22:14:49 INFO  LogerClass:26 - login with valid crendetial
2023-09-30 22:14:49 INFO  LogerClass:28 - validate homepage current url 
2023-09-30 22:14:49 INFO  LogerClass:26 - login with valid crendetial
2023-09-30 22:14:49 INFO  LogerClass:28 - validate homepage current url 
2023-09-30 22:14:49 INFO  LogerClass:26 - login with valid crendetial
2023-09-30 22:14:49 INFO  LogerClass:28 - validate homepage current url 
2023-09-30 22:14:49 INFO  LogerClass:26 - login with valid crendetial
2023-09-30 22:14:49 INFO  LogerClass:28 - validate homepage current url 
2023-09-30 22:14:49 INFO  LogerClass:26 - login with valid crendetial
2023-09-30 22:14:49 INFO  LogerClass:28 - validate homepage current url 
2023-09-30 22:14:49 INFO  LogerClass:26 - login with valid crendetial
2023-09-30 22:14:49 INFO  LogerClass:28 - validate homepage current url 
2023-09-30 22:14:49 INFO  LogerClass:26 - login with valid crendetial
2023-09-30 22:14:49 INFO  LogerClass:28 - validate homepage current url 
2023-09-30 22:14:49 INFO  LogerClass:26 - login with valid crendetial
2023-09-30 22:14:49 INFO  LogerClass:28 - validate homepage current url 
2023-09-30 22:14:49 INFO  LogerClass:26 - login with valid crendetial
2023-09-30 22:14:49 INFO  LogerClass:28 - validate homepage current url 
2023-09-30 22:14:49 INFO  LogerClass:26 - login with valid crendetial
2023-09-30 22:14:49 INFO  LogerClass:28 - validate homepage current url 
2023-09-30 22:14:49 INFO  LogerClass:26 - login with valid crendetial
2023-09-30 22:14:49 INFO  LogerClass:28 - validate homepage current url 
2023-09-30 22:14:49 INFO  LogerClass:26 - login with valid crendetial
2023-09-30 22:14:49 INFO  LogerClass:28 - validate homepage current url 
2023-09-30 22:14:49 INFO  LogerClass:26 - login with valid crendetial
2023-09-30 22:14:49 INFO  LogerClass:28 - validate homepage current url 
2023-09-30 22:14:49 INFO  LogerClass:26 - login with valid crendetial
2023-09-30 22:14:49 INFO  LogerClass:28 - validate homepage current url 
2023-09-30 22:14:49 INFO  LogerClass:26 - login with valid crendetial
2023-09-30 22:14:49 INFO  LogerClass:28 - validate homepage current url 
2023-09-30 22:14:49 INFO  LogerClass:26 - login with valid crendetial
2023-09-30 22:14:49 INFO  LogerClass:28 - validate homepage current url 
2023-09-30 22:14:49 INFO  LogerClass:26 - login with valid crendetial
2023-09-30 22:14:49 INFO  LogerClass:28 - validate homepage current url 
2023-09-30 22:14:49 INFO  LogerClass:26 - login with valid crendetial
2023-09-30 22:14:49 INFO  LogerClass:28 - validate homepage current url 
2023-09-30 22:14:49 INFO  LogerClass:26 - login with valid crendetial
2023-09-30 22:14:49 INFO  LogerClass:28 - validate homepage current url 
2023-09-30 22:14:49 INFO  LogerClass:26 - login with valid crendetial
2023-09-30 22:14:49 INFO  LogerClass:28 - validate homepage current url 
2023-09-30 22:14:49 INFO  LogerClass:26 - login with valid crendetial
2023-09-30 22:14:49 INFO  LogerClass:28 - validate homepage current url 
2023-09-30 22:14:49 INFO  LogerClass:26 - login with valid crendetial
2023-09-30 22:14:49 INFO  LogerClass:28 - validate homepage current url 
2023-09-30 22:14:49 INFO  LogerClass:26 - login with valid crendetial
2023-09-30 22:14:49 INFO  LogerClass:28 - validate homepage current url 
2023-09-30 22:14:49 INFO  LogerClass:26 - login with valid crendetial
2023-09-30 22:14:49 INFO  LogerClass:28 - validate homepage current url 
2023-09-30 22:14:49 INFO  LogerClass:26 - login with valid crendetial
2023-09-30 22:14:49 INFO  LogerClass:28 - validate homepage current url 
2023-09-30 22:14:49 INFO  LogerClass:26 - login with valid crendetial
2023-09-30 22:14:49 INFO  LogerClass:28 - validate homepage current url 
2023-09-30 22:14:49 INFO  LogerClass:26 - login with valid crendetial
2023-09-30 22:14:49 INFO  LogerClass:28 - validate homepage current url 
2023-09-30 22:14:49 INFO  LogerClass:26 - login with valid crendetial
2023-09-30 22:14:49 INFO  LogerClass:28 - validate homepage current url 
2023-09-30 22:14:49 INFO  LogerClass:26 - login with valid crendetial
2023-09-30 22:14:49 INFO  LogerClass:28 - validate homepage current url 
2023-09-30 22:14:49 INFO  LogerClass:26 - login with valid crendetial
2023-09-30 22:14:49 INFO  LogerClass:28 - validate homepage current url 
2023-09-30 22:14:49 INFO  LogerClass:26 - login with valid crendetial
2023-09-30 22:14:49 INFO  LogerClass:28 - validate homepage current url 
2023-09-30 22:14:49 INFO  LogerClass:26 - login with valid crendetial
2023-09-30 22:14:49 INFO  LogerClass:28 - validate homepage current url 
2023-09-30 22:14:49 INFO  LogerClass:26 - login with valid crendetial
2023-09-30 22:14:49 INFO  LogerClass:28 - validate homepage current url 
2023-09-30 22:14:49 INFO  LogerClass:26 - login with valid crendetial
2023-09-30 22:14:49 INFO  LogerClass:28 - validate homepage current url 
2023-09-30 22:14:49 INFO  LogerClass:26 - login with valid crendetial
2023-09-30 22:14:49 INFO  LogerClass:28 - validate homepage current url 
2023-09-30 22:14:49 INFO  LogerClass:26 - login with valid crendetial
2023-09-30 22:14:49 INFO  LogerClass:28 - validate homepage current url 
2023-09-30 22:14:49 INFO  LogerClass:26 - login with valid crendetial
2023-09-30 22:14:49 INFO  LogerClass:28 - validate homepage current url 
2023-09-30 22:14:49 INFO  LogerClass:26 - login with valid crendetial
2023-09-30 22:14:49 INFO  LogerClass:28 - validate homepage current url 
2023-09-30 22:14:49 INFO  LogerClass:26 - login with valid crendetial
2023-09-30 22:14:49 INFO  LogerClass:28 - validate homepage current url 
2023-09-30 22:14:49 INFO  LogerClass:26 - login with valid crendetial
2023-09-30 22:14:49 INFO  LogerClass:28 - validate homepage current url 
2023-09-30 22:14:49 INFO  LogerClass:26 - login with valid crendetial
2023-09-30 22:14:49 INFO  LogerClass:28 - validate homepage current url 
2023-09-30 22:14:49 INFO  LogerClass:26 - login with valid crendetial
2023-09-30 22:14:49 INFO  LogerClass:28 - validate homepage current url 
2023-09-30 22:14:49 INFO  LogerClass:26 - login with valid crendetial
2023-09-30 22:14:49 INFO  LogerClass:28 - validate homepage current url 
2023-09-30 22:14:49 INFO  LogerClass:26 - login with valid crendetial
2023-09-30 22:14:49 INFO  LogerClass:28 - validate homepage current url 
2023-09-30 22:14:49 INFO  LogerClass:26 - login with valid crendetial
2023-09-30 22:14:49 INFO  LogerClass:28 - validate homepage current url 
2023-09-30 22:14:49 INFO  LogerClass:26 - login with valid crendetial
2023-09-30 22:14:49 INFO  LogerClass:28 - validate homepage current url 
2023-09-30 22:14:49 INFO  LogerClass:26 - login with valid crendetial
2023-09-30 22:14:49 INFO  LogerClass:28 - validate homepage current url 
2023-09-30 22:14:49 INFO  LogerClass:26 - login with valid crendetial
2023-09-30 22:14:49 INFO  LogerClass:28 - validate homepage current url 
2023-09-30 22:14:49 INFO  LogerClass:26 - login with valid crendetial
2023-09-30 22:14:49 INFO  LogerClass:28 - validate homepage current url 
2023-09-30 22:14:49 INFO  LogerClass:26 - login with valid crendetial
2023-09-30 22:14:49 INFO  LogerClass:28 - validate homepage current url 
2023-09-30 22:14:49 INFO  LogerClass:26 - login with valid crendetial
2023-09-30 22:14:49 INFO  LogerClass:28 - validate homepage current url 
2023-09-30 22:14:49 INFO  LogerClass:26 - login with valid crendetial
2023-09-30 22:14:49 INFO  LogerClass:28 - validate homepage current url 
2023-09-30 22:14:49 INFO  LogerClass:26 - login with valid crendetial
2023-09-30 22:14:49 INFO  LogerClass:28 - validate homepage current url 
2023-09-30 22:14:49 INFO  LogerClass:26 - login with valid crendetial
2023-09-30 22:14:49 INFO  LogerClass:28 - validate homepage current url 
2023-09-30 22:14:49 INFO  LogerClass:26 - login with valid crendetial
2023-09-30 22:14:49 INFO  LogerClass:28 - validate homepage current url 
2023-09-30 22:14:49 INFO  LogerClass:26 - login with valid crendetial
2023-09-30 22:14:49 INFO  LogerClass:28 - validate homepage current url 
2023-09-30 22:14:49 INFO  LogerClass:26 - login with valid crendetial
2023-09-30 22:14:49 INFO  LogerClass:28 - validate homepage current url 
2023-09-30 22:14:49 INFO  LogerClass:26 - login with valid crendetial
2023-09-30 22:14:49 INFO  LogerClass:28 - validate homepage current url 
2023-09-30 22:14:49 INFO  LogerClass:26 - login with valid crendetial
2023-09-30 22:14:49 INFO  LogerClass:28 - validate homepage current url 
2023-09-30 22:14:49 INFO  LogerClass:26 - login with valid crendetial
2023-09-30 22:14:49 INFO  LogerClass:28 - validate homepage current url 
2023-09-30 22:14:49 INFO  LogerClass:26 - login with valid crendetial
2023-09-30 22:14:49 INFO  LogerClass:28 - validate homepage current url 
2023-09-30 22:14:49 INFO  LogerClass:26 - login with valid crendetial
2023-09-30 22:14:49 INFO  LogerClass:28 - validate homepage current url 
2023-09-30 22:14:49 INFO  LogerClass:26 - login with valid crendetial
2023-09-30 22:14:49 INFO  LogerClass:28 - validate homepage current url 
2023-09-30 22:14:49 INFO  LogerClass:26 - login with valid crendetial
2023-09-30 22:14:49 INFO  LogerClass:28 - validate homepage current url 
2023-09-30 22:14:49 INFO  LogerClass:26 - login with valid crendetial
2023-09-30 22:14:49 INFO  LogerClass:28 - validate homepage current url 
2023-09-30 22:14:49 INFO  LogerClass:26 - login with valid crendetial
2023-09-30 22:14:49 INFO  LogerClass:28 - validate homepage current url 
2023-09-30 22:14:49 INFO  LogerClass:26 - login with valid crendetial
2023-09-30 22:14:49 INFO  LogerClass:28 - validate homepage current url 
2023-09-30 22:14:49 INFO  LogerClass:26 - login with valid crendetial
2023-09-30 22:14:49 INFO  LogerClass:28 - validate homepage current url 
2023-09-30 22:14:49 INFO  LogerClass:26 - login with valid crendetial
2023-09-30 22:14:49 INFO  LogerClass:28 - validate homepage current url 
2023-09-30 22:14:49 INFO  LogerClass:26 - login with valid crendetial
2023-09-30 22:14:49 INFO  LogerClass:28 - validate homepage current url 
2023-09-30 22:14:49 INFO  LogerClass:26 - login with valid crendetial
2023-09-30 22:14:49 INFO  LogerClass:28 - validate homepage current url 
2023-09-30 22:14:49 INFO  LogerClass:26 - login with valid crendetial
2023-09-30 22:14:49 INFO  LogerClass:28 - validate homepage current url 
2023-09-30 22:14:49 INFO  LogerClass:26 - login with valid crendetial
2023-09-30 22:14:49 INFO  LogerClass:28 - validate homepage current url 
2023-09-30 22:14:49 INFO  LogerClass:26 - login with valid crendetial
2023-09-30 22:14:49 INFO  LogerClass:28 - validate homepage current url 
2023-09-30 22:14:49 INFO  LogerClass:26 - login with valid crendetial
2023-09-30 22:14:49 INFO  LogerClass:28 - validate homepage current url 
2023-09-30 22:14:49 INFO  LogerClass:26 - login with valid crendetial
2023-09-30 22:14:49 INFO  LogerClass:28 - validate homepage current url 
2023-09-30 22:14:49 INFO  LogerClass:26 - login with valid crendetial
2023-09-30 22:14:49 INFO  LogerClass:28 - validate homepage current url 
2023-09-30 22:14:49 INFO  LogerClass:26 - login with valid crendetial
2023-09-30 22:14:49 INFO  LogerClass:28 - validate homepage current url 
2023-09-30 22:14:49 INFO  LogerClass:26 - login with valid crendetial
2023-09-30 22:14:49 INFO  LogerClass:28 - validate homepage current url 
2023-09-30 22:14:49 INFO  LogerClass:26 - login with valid crendetial
2023-09-30 22:14:49 INFO  LogerClass:28 - validate homepage current url 
2023-09-30 22:14:49 INFO  LogerClass:26 - login with valid crendetial
2023-09-30 22:14:49 INFO  LogerClass:28 - validate homepage current url 
2023-09-30 22:14:49 INFO  LogerClass:26 - login with valid crendetial
2023-09-30 22:14:49 INFO  LogerClass:28 - validate homepage current url 
2023-09-30 22:14:49 INFO  LogerClass:26 - login with valid crendetial
2023-09-30 22:14:49 INFO  LogerClass:28 - validate homepage current url 
2023-09-30 22:14:49 INFO  LogerClass:26 - login with valid crendetial
2023-09-30 22:14:49 INFO  LogerClass:28 - validate homepage current url 
2023-09-30 22:14:49 INFO  LogerClass:26 - login with valid crendetial
2023-09-30 22:14:49 INFO  LogerClass:28 - validate homepage current url 
2023-09-30 22:14:49 INFO  LogerClass:26 - login with valid crendetial
2023-09-30 22:14:49 INFO  LogerClass:28 - validate homepage current url 
2023-09-30 22:14:49 INFO  LogerClass:26 - login with valid crendetial
2023-09-30 22:14:49 INFO  LogerClass:28 - validate homepage current url 
2023-09-30 22:14:49 INFO  LogerClass:26 - login with valid crendetial
2023-09-30 22:14:49 INFO  LogerClass:28 - validate homepage current url 
2023-09-30 22:14:49 INFO  LogerClass:26 - login with valid crendetial
2023-09-30 22:14:49 INFO  LogerClass:28 - validate homepage current url 
2023-09-30 22:14:49 INFO  LogerClass:26 - login with valid crendetial
2023-09-30 22:14:49 INFO  LogerClass:28 - validate homepage current url 
2023-09-30 22:14:49 INFO  LogerClass:26 - login with valid crendetial
2023-09-30 22:14:49 INFO  LogerClass:28 - validate homepage current url 
2023-09-30 22:14:49 INFO  LogerClass:26 - login with valid crendetial
2023-09-30 22:14:49 INFO  LogerClass:28 - validate homepage current url 
2023-09-30 22:14:49 INFO  LogerClass:26 - login with valid crendetial
2023-09-30 22:14:49 INFO  LogerClass:28 - validate homepage current url 
2023-09-30 22:14:49 INFO  LogerClass:26 - login with valid crendetial
2023-09-30 22:14:49 INFO  LogerClass:28 - validate homepage current url 
2023-09-30 22:14:49 INFO  LogerClass:26 - login with valid crendetial
2023-09-30 22:14:49 INFO  LogerClass:28 - validate homepage current url 
2023-09-30 22:14:49 INFO  LogerClass:26 - login with valid crendetial
2023-09-30 22:14:49 INFO  LogerClass:28 - validate homepage current url 
2023-09-30 22:14:49 INFO  LogerClass:26 - login with valid crendetial
2023-09-30 22:14:49 INFO  LogerClass:28 - validate homepage current url 
2023-09-30 22:14:49 INFO  LogerClass:26 - login with valid crendetial
2023-09-30 22:14:49 INFO  LogerClass:28 - validate homepage current url 
2023-09-30 22:14:49 INFO  LogerClass:26 - login with valid crendetial
2023-09-30 22:14:49 INFO  LogerClass:28 - validate homepage current url 
2023-09-30 22:14:49 INFO  LogerClass:26 - login with valid crendetial
2023-09-30 22:14:49 INFO  LogerClass:28 - validate homepage current url 
2023-09-30 22:14:49 INFO  LogerClass:26 - login with valid crendetial
2023-09-30 22:14:49 INFO  LogerClass:28 - validate homepage current url 
2023-09-30 22:14:49 INFO  LogerClass:26 - login with valid crendetial
2023-09-30 22:14:49 INFO  LogerClass:28 - validate homepage current url 
2023-09-30 22:14:49 INFO  LogerClass:26 - login with valid crendetial
2023-09-30 22:14:49 INFO  LogerClass:28 - validate homepage current url 
2023-09-30 22:14:49 INFO  LogerClass:26 - login with valid crendetial
2023-09-30 22:14:49 INFO  LogerClass:28 - validate homepage current url 
2023-09-30 22:14:49 INFO  LogerClass:26 - login with valid crendetial
2023-09-30 22:14:49 INFO  LogerClass:28 - validate homepage current url 
2023-09-30 22:14:49 INFO  LogerClass:26 - login with valid crendetial
2023-09-30 22:14:49 INFO  LogerClass:28 - validate homepage current url 
2023-09-30 22:14:49 INFO  LogerClass:26 - login with valid crendetial
2023-09-30 22:14:49 INFO  LogerClass:28 - validate homepage current url 
2023-09-30 22:14:49 INFO  LogerClass:26 - login with valid crendetial
2023-09-30 22:14:49 INFO  LogerClass:28 - validate homepage current url 
2023-09-30 22:14:49 INFO  LogerClass:26 - login with valid crendetial
2023-09-30 22:14:49 INFO  LogerClass:28 - validate homepage current url 
2023-09-30 22:14:49 INFO  LogerClass:26 - login with valid crendetial
2023-09-30 22:14:49 INFO  LogerClass:28 - validate homepage current url 
2023-09-30 22:14:49 INFO  LogerClass:26 - login with valid crendetial
2023-09-30 22:14:49 INFO  LogerClass:28 - validate homepage current url 
2023-09-30 22:14:49 INFO  LogerClass:26 - login with valid crendetial
2023-09-30 22:14:49 INFO  LogerClass:28 - validate homepage current url 
2023-09-30 22:14:49 INFO  LogerClass:26 - login with valid crendetial
2023-09-30 22:14:49 INFO  LogerClass:28 - validate homepage current url 
2023-09-30 22:14:49 INFO  LogerClass:26 - login with valid crendetial
2023-09-30 22:14:49 INFO  LogerClass:28 - validate homepage current url 
2023-09-30 22:14:49 INFO  LogerClass:26 - login with valid crendetial
2023-09-30 22:14:49 INFO  LogerClass:28 - validate homepage current url 
2023-09-30 22:14:49 INFO  LogerClass:26 - login with valid crendetial
2023-09-30 22:14:49 INFO  LogerClass:28 - validate homepage current url 
2023-09-30 22:14:52 INFO  LogerClass:26 - login with valid crendetial
2023-09-30 22:14:52 INFO  LogerClass:28 - validate homepage current url 
2023-09-30 22:14:52 INFO  LogerClass:26 - login with valid crendetial
2023-09-30 22:14:52 INFO  LogerClass:28 - validate homepage current url 
2023-09-30 22:14:52 INFO  LogerClass:26 - login with valid crendetial
2023-09-30 22:14:52 INFO  LogerClass:28 - validate homepage current url 
2023-09-30 22:14:52 INFO  LogerClass:26 - login with valid crendetial
2023-09-30 22:14:52 INFO  LogerClass:28 - validate homepage current url 
2023-09-30 22:14:52 INFO  LogerClass:26 - login with valid crendetial
2023-09-30 22:14:52 INFO  LogerClass:28 - validate homepage current url 
2023-09-30 22:14:52 INFO  LogerClass:26 - login with valid crendetial
2023-09-30 22:14:52 INFO  LogerClass:28 - validate homepage current url 
2023-09-30 22:14:52 INFO  LogerClass:26 - login with valid crendetial
2023-09-30 22:14:52 INFO  LogerClass:28 - validate homepage current url 
2023-09-30 22:14:52 INFO  LogerClass:26 - login with valid crendetial
2023-09-30 22:14:52 INFO  LogerClass:28 - validate homepage current url 
2023-09-30 22:14:52 INFO  LogerClass:26 - login with valid crendetial
2023-09-30 22:14:52 INFO  LogerClass:28 - validate homepage current url 
2023-09-30 22:14:52 INFO  LogerClass:26 - login with valid crendetial
2023-09-30 22:14:52 INFO  LogerClass:28 - validate homepage current url 
2023-09-30 22:14:52 INFO  LogerClass:26 - login with valid crendetial
2023-09-30 22:14:52 INFO  LogerClass:28 - validate homepage current url 
2023-09-30 22:14:52 INFO  LogerClass:26 - login with valid crendetial
2023-09-30 22:14:52 INFO  LogerClass:28 - validate homepage current url 
2023-09-30 22:14:52 INFO  LogerClass:26 - login with valid crendetial
2023-09-30 22:14:52 INFO  LogerClass:28 - validate homepage current url 
2023-09-30 22:14:52 INFO  LogerClass:26 - login with valid crendetial
2023-09-30 22:14:52 INFO  LogerClass:28 - validate homepage current url 
2023-09-30 22:14:52 INFO  LogerClass:26 - login with valid crendetial
2023-09-30 22:14:52 INFO  LogerClass:28 - validate homepage current url 
2023-09-30 22:14:52 INFO  LogerClass:26 - login with valid crendetial
2023-09-30 22:14:52 INFO  LogerClass:28 - validate homepage current url 
2023-09-30 22:14:52 INFO  LogerClass:26 - login with valid crendetial
2023-09-30 22:14:52 INFO  LogerClass:28 - validate homepage current url 
2023-09-30 22:14:52 INFO  LogerClass:26 - login with valid crendetial
2023-09-30 22:14:52 INFO  LogerClass:28 - validate homepage current url 
2023-09-30 22:14:52 INFO  LogerClass:26 - login with valid crendetial
2023-09-30 22:14:52 INFO  LogerClass:28 - validate homepage current url 
2023-09-30 22:14:52 INFO  LogerClass:26 - login with valid crendetial
2023-09-30 22:14:52 INFO  LogerClass:28 - validate homepage current url 
2023-09-30 22:14:52 INFO  LogerClass:26 - login with valid crendetial
2023-09-30 22:14:52 INFO  LogerClass:28 - validate homepage current url 
2023-09-30 22:14:52 INFO  LogerClass:26 - login with valid crendetial
2023-09-30 22:14:52 INFO  LogerClass:28 - validate homepage current url 
2023-09-30 22:14:52 INFO  LogerClass:26 - login with valid crendetial
2023-09-30 22:14:52 INFO  LogerClass:28 - validate homepage current url 
2023-09-30 22:14:52 INFO  LogerClass:26 - login with valid crendetial
2023-09-30 22:14:52 INFO  LogerClass:28 - validate homepage current url 
2023-09-30 22:14:52 INFO  LogerClass:26 - login with valid crendetial
2023-09-30 22:14:52 INFO  LogerClass:28 - validate homepage current url 
2023-09-30 22:14:52 INFO  LogerClass:26 - login with valid crendetial
2023-09-30 22:14:52 INFO  LogerClass:28 - validate homepage current url 
2023-09-30 22:14:52 INFO  LogerClass:26 - login with valid crendetial
2023-09-30 22:14:52 INFO  LogerClass:28 - validate homepage current url 
2023-09-30 22:14:52 INFO  LogerClass:26 - login with valid crendetial
2023-09-30 22:14:52 INFO  LogerClass:28 - validate homepage current url 
2023-09-30 22:14:52 INFO  LogerClass:26 - login with valid crendetial
2023-09-30 22:14:52 INFO  LogerClass:28 - validate homepage current url 
2023-09-30 22:14:52 INFO  LogerClass:26 - login with valid crendetial
2023-09-30 22:14:52 INFO  LogerClass:28 - validate homepage current url 
2023-09-30 22:14:52 INFO  LogerClass:26 - login with valid crendetial
2023-09-30 22:14:52 INFO  LogerClass:28 - validate homepage current url 
2023-09-30 22:14:52 INFO  LogerClass:26 - login with valid crendetial
2023-09-30 22:14:52 INFO  LogerClass:28 - validate homepage current url 
2023-09-30 22:14:52 INFO  LogerClass:26 - login with valid crendetial
2023-09-30 22:14:52 INFO  LogerClass:28 - validate homepage current url 
2023-09-30 22:14:52 INFO  LogerClass:26 - login with valid crendetial
2023-09-30 22:14:52 INFO  LogerClass:28 - validate homepage current url 
2023-09-30 22:14:52 INFO  LogerClass:26 - login with valid crendetial
2023-09-30 22:14:52 INFO  LogerClass:28 - validate homepage current url 
2023-09-30 22:14:52 INFO  LogerClass:26 - login with valid crendetial
2023-09-30 22:14:52 INFO  LogerClass:28 - validate homepage current url 
2023-09-30 22:14:52 INFO  LogerClass:26 - login with valid crendetial
2023-09-30 22:14:52 INFO  LogerClass:28 - validate homepage current url 
2023-09-30 22:14:52 INFO  LogerClass:26 - login with valid crendetial
2023-09-30 22:14:52 INFO  LogerClass:28 - validate homepage current url 
2023-09-30 22:14:52 INFO  LogerClass:26 - login with valid crendetial
2023-09-30 22:14:52 INFO  LogerClass:28 - validate homepage current url 
2023-09-30 22:14:52 INFO  LogerClass:26 - login with valid crendetial
2023-09-30 22:14:52 INFO  LogerClass:28 - validate homepage current url 
2023-09-30 22:14:52 INFO  LogerClass:26 - login with valid crendetial
2023-09-30 22:14:52 INFO  LogerClass:28 - validate homepage current url 
2023-09-30 22:14:52 INFO  LogerClass:26 - login with valid crendetial
2023-09-30 22:14:52 INFO  LogerClass:28 - validate homepage current url 
2023-09-30 22:14:52 INFO  LogerClass:26 - login with valid crendetial
2023-09-30 22:14:52 INFO  LogerClass:28 - validate homepage current url 
2023-09-30 22:14:52 INFO  LogerClass:26 - login with valid crendetial
2023-09-30 22:14:52 INFO  LogerClass:28 - validate homepage current url 
2023-09-30 22:14:52 INFO  LogerClass:26 - login with valid crendetial
2023-09-30 22:14:52 INFO  LogerClass:28 - validate homepage current url 
2023-09-30 22:14:52 INFO  LogerClass:26 - login with valid crendetial
2023-09-30 22:14:52 INFO  LogerClass:28 - validate homepage current url 
2023-09-30 22:14:52 INFO  LogerClass:26 - login with valid crendetial
2023-09-30 22:14:52 INFO  LogerClass:28 - validate homepage current url 
2023-09-30 22:14:52 INFO  LogerClass:26 - login with valid crendetial
2023-09-30 22:14:52 INFO  LogerClass:28 - validate homepage current url 
2023-09-30 22:14:52 INFO  LogerClass:26 - login with valid crendetial
2023-09-30 22:14:52 INFO  LogerClass:28 - validate homepage current url 
2023-09-30 22:14:52 INFO  LogerClass:26 - login with valid crendetial
2023-09-30 22:14:52 INFO  LogerClass:28 - validate homepage current url 
2023-09-30 22:14:52 INFO  LogerClass:26 - login with valid crendetial
2023-09-30 22:14:52 INFO  LogerClass:28 - validate homepage current url 
2023-09-30 22:14:52 INFO  LogerClass:26 - login with valid crendetial
2023-09-30 22:14:52 INFO  LogerClass:28 - validate homepage current url 
2023-09-30 22:14:52 INFO  LogerClass:26 - login with valid crendetial
2023-09-30 22:14:52 INFO  LogerClass:28 - validate homepage current url 
2023-09-30 22:14:52 INFO  LogerClass:26 - login with valid crendetial
2023-09-30 22:14:52 INFO  LogerClass:28 - validate homepage current url 
2023-09-30 22:14:52 INFO  LogerClass:26 - login with valid crendetial
2023-09-30 22:14:52 INFO  LogerClass:28 - validate homepage current url 
2023-09-30 22:14:52 INFO  LogerClass:26 - login with valid crendetial
2023-09-30 22:14:52 INFO  LogerClass:28 - validate homepage current url 
2023-09-30 22:14:52 INFO  LogerClass:26 - login with valid crendetial
2023-09-30 22:14:52 INFO  LogerClass:28 - validate homepage current url 
2023-09-30 22:14:52 INFO  LogerClass:26 - login with valid crendetial
2023-09-30 22:14:52 INFO  LogerClass:28 - validate homepage current url 
2023-09-30 22:14:52 INFO  LogerClass:26 - login with valid crendetial
2023-09-30 22:14:52 INFO  LogerClass:28 - validate homepage current url 
2023-09-30 22:14:52 INFO  LogerClass:26 - login with valid crendetial
2023-09-30 22:14:52 INFO  LogerClass:28 - validate homepage current url 
2023-09-30 22:14:52 INFO  LogerClass:26 - login with valid crendetial
2023-09-30 22:14:52 INFO  LogerClass:28 - validate homepage current url 
2023-09-30 22:14:52 INFO  LogerClass:26 - login with valid crendetial
2023-09-30 22:14:52 INFO  LogerClass:28 - validate homepage current url 
2023-09-30 22:14:52 INFO  LogerClass:26 - login with valid crendetial
2023-09-30 22:14:52 INFO  LogerClass:28 - validate homepage current url 
2023-09-30 22:14:52 INFO  LogerClass:26 - login with valid crendetial
2023-09-30 22:14:52 INFO  LogerClass:28 - validate homepage current url 
2023-09-30 22:14:52 INFO  LogerClass:26 - login with valid crendetial
2023-09-30 22:14:52 INFO  LogerClass:28 - validate homepage current url 
2023-09-30 22:14:52 INFO  LogerClass:26 - login with valid crendetial
2023-09-30 22:14:52 INFO  LogerClass:28 - validate homepage current url 
2023-09-30 22:14:52 INFO  LogerClass:26 - login with valid crendetial
2023-09-30 22:14:52 INFO  LogerClass:28 - validate homepage current url 
2023-09-30 22:14:52 INFO  LogerClass:26 - login with valid crendetial
2023-09-30 22:14:52 INFO  LogerClass:28 - validate homepage current url 
2023-09-30 22:14:52 INFO  LogerClass:26 - login with valid crendetial
2023-09-30 22:14:52 INFO  LogerClass:28 - validate homepage current url 
2023-09-30 22:14:52 INFO  LogerClass:26 - login with valid crendetial
2023-09-30 22:14:52 INFO  LogerClass:28 - validate homepage current url 
2023-09-30 22:14:52 INFO  LogerClass:26 - login with valid crendetial
2023-09-30 22:14:52 INFO  LogerClass:28 - validate homepage current url 
2023-09-30 22:14:52 INFO  LogerClass:26 - login with valid crendetial
2023-09-30 22:14:52 INFO  LogerClass:28 - validate homepage current url 
2023-09-30 22:14:52 INFO  LogerClass:26 - login with valid crendetial
2023-09-30 22:14:52 INFO  LogerClass:28 - validate homepage current url 
2023-09-30 22:14:52 INFO  LogerClass:26 - login with valid crendetial
2023-09-30 22:14:52 INFO  LogerClass:28 - validate homepage current url 
2023-09-30 22:14:52 INFO  LogerClass:26 - login with valid crendetial
2023-09-30 22:14:52 INFO  LogerClass:28 - validate homepage current url 
2023-09-30 22:14:52 INFO  LogerClass:26 - login with valid crendetial
2023-09-30 22:14:52 INFO  LogerClass:28 - validate homepage current url 
2023-09-30 22:14:52 INFO  LogerClass:26 - login with valid crendetial
2023-09-30 22:14:52 INFO  LogerClass:28 - validate homepage current url 
2023-09-30 22:14:52 INFO  LogerClass:26 - login with valid crendetial
2023-09-30 22:14:52 INFO  LogerClass:28 - validate homepage current url 
2023-09-30 22:14:52 INFO  LogerClass:26 - login with valid crendetial
2023-09-30 22:14:52 INFO  LogerClass:28 - validate homepage current url 
2023-09-30 22:14:52 INFO  LogerClass:26 - login with valid crendetial
2023-09-30 22:14:52 INFO  LogerClass:28 - validate homepage current url 
2023-09-30 22:14:52 INFO  LogerClass:26 - login with valid crendetial
2023-09-30 22:14:52 INFO  LogerClass:28 - validate homepage current url 
2023-09-30 22:14:52 INFO  LogerClass:26 - login with valid crendetial
2023-09-30 22:14:52 INFO  LogerClass:28 - validate homepage current url 
2023-09-30 22:14:52 INFO  LogerClass:26 - login with valid crendetial
2023-09-30 22:14:52 INFO  LogerClass:28 - validate homepage current url 
2023-09-30 22:14:52 INFO  LogerClass:26 - login with valid crendetial
2023-09-30 22:14:52 INFO  LogerClass:28 - validate homepage current url 
2023-09-30 22:14:52 INFO  LogerClass:26 - login with valid crendetial
2023-09-30 22:14:52 INFO  LogerClass:28 - validate homepage current url 
2023-09-30 22:14:52 INFO  LogerClass:26 - login with valid crendetial
2023-09-30 22:14:52 INFO  LogerClass:28 - validate homepage current url 
2023-09-30 22:14:52 INFO  LogerClass:26 - login with valid crendetial
2023-09-30 22:14:52 INFO  LogerClass:28 - validate homepage current url 
2023-09-30 22:14:52 INFO  LogerClass:26 - login with valid crendetial
2023-09-30 22:14:52 INFO  LogerClass:28 - validate homepage current url 
2023-09-30 22:14:52 INFO  LogerClass:26 - login with valid crendetial
2023-09-30 22:14:52 INFO  LogerClass:28 - validate homepage current url 
2023-09-30 22:14:52 INFO  LogerClass:26 - login with valid crendetial
2023-09-30 22:14:52 INFO  LogerClass:28 - validate homepage current url 
2023-09-30 22:14:52 INFO  LogerClass:26 - login with valid crendetial
2023-09-30 22:14:52 INFO  LogerClass:28 - validate homepage current url 
2023-09-30 22:14:52 INFO  LogerClass:26 - login with valid crendetial
2023-09-30 22:14:52 INFO  LogerClass:28 - validate homepage current url 
2023-09-30 22:14:52 INFO  LogerClass:26 - login with valid crendetial
2023-09-30 22:14:52 INFO  LogerClass:28 - validate homepage current url 
2023-09-30 22:14:52 INFO  LogerClass:26 - login with valid crendetial
2023-09-30 22:14:52 INFO  LogerClass:28 - validate homepage current url 
2023-09-30 22:14:52 INFO  LogerClass:26 - login with valid crendetial
2023-09-30 22:14:52 INFO  LogerClass:28 - validate homepage current url 
2023-09-30 22:14:52 INFO  LogerClass:26 - login with valid crendetial
2023-09-30 22:14:52 INFO  LogerClass:28 - validate homepage current url 
2023-09-30 22:14:52 INFO  LogerClass:26 - login with valid crendetial
2023-09-30 22:14:52 INFO  LogerClass:28 - validate homepage current url 
2023-09-30 22:14:52 INFO  LogerClass:26 - login with valid crendetial
2023-09-30 22:14:52 INFO  LogerClass:28 - validate homepage current url 
2023-09-30 22:14:52 INFO  LogerClass:26 - login with valid crendetial
2023-09-30 22:14:52 INFO  LogerClass:28 - validate homepage current url 
2023-09-30 22:14:52 INFO  LogerClass:26 - login with valid crendetial
2023-09-30 22:14:52 INFO  LogerClass:28 - validate homepage current url 
2023-09-30 22:14:52 INFO  LogerClass:26 - login with valid crendetial
2023-09-30 22:14:52 INFO  LogerClass:28 - validate homepage current url 
2023-09-30 22:14:52 INFO  LogerClass:26 - login with valid crendetial
2023-09-30 22:14:52 INFO  LogerClass:28 - validate homepage current url 
2023-09-30 22:14:52 INFO  LogerClass:26 - login with valid crendetial
2023-09-30 22:14:52 INFO  LogerClass:28 - validate homepage current url 
2023-09-30 22:14:52 INFO  LogerClass:26 - login with valid crendetial
2023-09-30 22:14:52 INFO  LogerClass:28 - validate homepage current url 
2023-09-30 22:14:52 INFO  LogerClass:26 - login with valid crendetial
2023-09-30 22:14:52 INFO  LogerClass:28 - validate homepage current url 
2023-09-30 22:14:52 INFO  LogerClass:26 - login with valid crendetial
2023-09-30 22:14:52 INFO  LogerClass:28 - validate homepage current url 
2023-09-30 22:14:52 INFO  LogerClass:26 - login with valid crendetial
2023-09-30 22:14:52 INFO  LogerClass:28 - validate homepage current url 
2023-09-30 22:14:52 INFO  LogerClass:26 - login with valid crendetial
2023-09-30 22:14:52 INFO  LogerClass:28 - validate homepage current url 
2023-09-30 22:14:52 INFO  LogerClass:26 - login with valid crendetial
2023-09-30 22:14:52 INFO  LogerClass:28 - validate homepage current url 
2023-09-30 22:14:52 INFO  LogerClass:26 - login with valid crendetial
2023-09-30 22:14:52 INFO  LogerClass:28 - validate homepage current url 
2023-09-30 22:14:52 INFO  LogerClass:26 - login with valid crendetial
2023-09-30 22:14:52 INFO  LogerClass:28 - validate homepage current url 
2023-09-30 22:14:52 INFO  LogerClass:26 - login with valid crendetial
2023-09-30 22:14:52 INFO  LogerClass:28 - validate homepage current url 
2023-09-30 22:14:52 INFO  LogerClass:26 - login with valid crendetial
2023-09-30 22:14:52 INFO  LogerClass:28 - validate homepage current url 
2023-09-30 22:14:52 INFO  LogerClass:26 - login with valid crendetial
2023-09-30 22:14:52 INFO  LogerClass:28 - validate homepage current url 
2023-09-30 22:14:52 INFO  LogerClass:26 - login with valid crendetial
2023-09-30 22:14:52 INFO  LogerClass:28 - validate homepage current url 
2023-09-30 22:14:52 INFO  LogerClass:26 - login with valid crendetial
2023-09-30 22:14:52 INFO  LogerClass:28 - validate homepage current url 
2023-09-30 22:14:52 INFO  LogerClass:26 - login with valid crendetial
2023-09-30 22:14:52 INFO  LogerClass:28 - validate homepage current url 
2023-09-30 22:14:52 INFO  LogerClass:26 - login with valid crendetial
2023-09-30 22:14:52 INFO  LogerClass:28 - validate homepage current url 
2023-09-30 22:14:52 INFO  LogerClass:26 - login with valid crendetial
2023-09-30 22:14:52 INFO  LogerClass:28 - validate homepage current url 
2023-09-30 22:14:52 INFO  LogerClass:26 - login with valid crendetial
2023-09-30 22:14:52 INFO  LogerClass:28 - validate homepage current url 
2023-09-30 22:14:52 INFO  LogerClass:26 - login with valid crendetial
2023-09-30 22:14:52 INFO  LogerClass:28 - validate homepage current url 
2023-09-30 22:14:52 INFO  LogerClass:26 - login with valid crendetial
2023-09-30 22:14:52 INFO  LogerClass:28 - validate homepage current url 
2023-09-30 22:14:52 INFO  LogerClass:26 - login with valid crendetial
2023-09-30 22:14:52 INFO  LogerClass:28 - validate homepage current url 
2023-09-30 22:14:52 INFO  LogerClass:26 - login with valid crendetial
2023-09-30 22:14:52 INFO  LogerClass:28 - validate homepage current url 
2023-09-30 22:14:52 INFO  LogerClass:26 - login with valid crendetial
2023-09-30 22:14:52 INFO  LogerClass:28 - validate homepage current url 
2023-09-30 22:14:52 INFO  LogerClass:26 - login with valid crendetial
2023-09-30 22:14:52 INFO  LogerClass:28 - validate homepage current url 
2023-09-30 22:14:52 INFO  LogerClass:26 - login with valid crendetial
2023-09-30 22:14:52 INFO  LogerClass:28 - validate homepage current url 
2023-09-30 22:14:52 INFO  LogerClass:26 - login with valid crendetial
2023-09-30 22:14:52 INFO  LogerClass:28 - validate homepage current url 
2023-09-30 22:14:52 INFO  LogerClass:26 - login with valid crendetial
2023-09-30 22:14:52 INFO  LogerClass:28 - validate homepage current url 
2023-09-30 22:14:52 INFO  LogerClass:26 - login with valid crendetial
2023-09-30 22:14:52 INFO  LogerClass:28 - validate homepage current url 
2023-09-30 22:14:52 INFO  LogerClass:26 - login with valid crendetial
2023-09-30 22:14:52 INFO  LogerClass:28 - validate homepage current url 
2023-09-30 22:14:52 INFO  LogerClass:26 - login with valid crendetial
2023-09-30 22:14:52 INFO  LogerClass:28 - validate homepage current url 
2023-09-30 22:14:52 INFO  LogerClass:26 - login with valid crendetial
2023-09-30 22:14:52 INFO  LogerClass:28 - validate homepage current url 
2023-09-30 22:14:52 INFO  LogerClass:26 - login with valid crendetial
2023-09-30 22:14:52 INFO  LogerClass:28 - validate homepage current url 
2023-09-30 22:14:52 INFO  LogerClass:26 - login with valid crendetial
2023-09-30 22:14:52 INFO  LogerClass:28 - validate homepage current url 
2023-09-30 22:14:52 INFO  LogerClass:26 - login with valid crendetial
2023-09-30 22:14:52 INFO  LogerClass:28 - validate homepage current url 
2023-09-30 22:14:52 INFO  LogerClass:26 - login with valid crendetial
2023-09-30 22:14:52 INFO  LogerClass:28 - validate homepage current url 
2023-09-30 22:14:52 INFO  LogerClass:26 - login with valid crendetial
2023-09-30 22:14:52 INFO  LogerClass:28 - validate homepage current url 
2023-09-30 22:14:52 INFO  LogerClass:26 - login with valid crendetial
2023-09-30 22:14:52 INFO  LogerClass:28 - validate homepage current url 
2023-09-30 22:14:52 INFO  LogerClass:26 - login with valid crendetial
2023-09-30 22:14:52 INFO  LogerClass:28 - validate homepage current url 
2023-09-30 22:14:52 INFO  LogerClass:26 - login with valid crendetial
2023-09-30 22:14:52 INFO  LogerClass:28 - validate homepage current url 
2023-09-30 22:14:52 INFO  LogerClass:26 - login with valid crendetial
2023-09-30 22:14:52 INFO  LogerClass:28 - validate homepage current url 
2023-09-30 22:14:52 INFO  LogerClass:26 - login with valid crendetial
2023-09-30 22:14:52 INFO  LogerClass:28 - validate homepage current url 
2023-09-30 22:14:52 INFO  LogerClass:26 - login with valid crendetial
2023-09-30 22:14:52 INFO  LogerClass:28 - validate homepage current url 
2023-09-30 22:14:52 INFO  LogerClass:26 - login with valid crendetial
2023-09-30 22:14:52 INFO  LogerClass:28 - validate homepage current url 
2023-09-30 22:14:52 INFO  LogerClass:26 - login with valid crendetial
2023-09-30 22:14:52 INFO  LogerClass:28 - validate homepage current url 
2023-09-30 22:14:52 INFO  LogerClass:26 - login with valid crendetial
2023-09-30 22:14:52 INFO  LogerClass:28 - validate homepage current url 
2023-09-30 22:14:52 INFO  LogerClass:26 - login with valid crendetial
2023-09-30 22:14:52 INFO  LogerClass:28 - validate homepage current url 
2023-09-30 22:14:52 INFO  LogerClass:26 - login with valid crendetial
2023-09-30 22:14:52 INFO  LogerClass:28 - validate homepage current url 
2023-09-30 22:14:52 INFO  LogerClass:26 - login with valid crendetial
2023-09-30 22:14:52 INFO  LogerClass:28 - validate homepage current url 
2023-09-30 22:14:52 INFO  LogerClass:26 - login with valid crendetial
2023-09-30 22:14:52 INFO  LogerClass:28 - validate homepage current url 
2023-09-30 22:14:52 INFO  LogerClass:26 - login with valid crendetial
2023-09-30 22:14:52 INFO  LogerClass:28 - validate homepage current url 
2023-09-30 22:14:52 INFO  LogerClass:26 - login with valid crendetial
2023-09-30 22:14:52 INFO  LogerClass:28 - validate homepage current url 
2023-09-30 22:14:52 INFO  LogerClass:26 - login with valid crendetial
2023-09-30 22:14:52 INFO  LogerClass:28 - validate homepage current url 
2023-09-30 22:14:52 INFO  LogerClass:26 - login with valid crendetial
2023-09-30 22:14:52 INFO  LogerClass:28 - validate homepage current url 
2023-09-30 22:14:52 INFO  LogerClass:26 - login with valid crendetial
2023-09-30 22:14:52 INFO  LogerClass:28 - validate homepage current url 
2023-09-30 22:14:52 INFO  LogerClass:26 - login with valid crendetial
2023-09-30 22:14:52 INFO  LogerClass:28 - validate homepage current url 
2023-09-30 22:14:52 INFO  LogerClass:26 - login with valid crendetial
2023-09-30 22:14:52 INFO  LogerClass:28 - validate homepage current url 
2023-09-30 22:14:52 INFO  LogerClass:26 - login with valid crendetial
2023-09-30 22:14:52 INFO  LogerClass:28 - validate homepage current url 
2023-09-30 22:14:52 INFO  LogerClass:26 - login with valid crendetial
2023-09-30 22:14:52 INFO  LogerClass:28 - validate homepage current url 
2023-09-30 22:14:52 INFO  LogerClass:26 - login with valid crendetial
2023-09-30 22:14:52 INFO  LogerClass:28 - validate homepage current url 
2023-09-30 22:14:52 INFO  LogerClass:26 - login with valid crendetial
2023-09-30 22:14:52 INFO  LogerClass:28 - validate homepage current url 
2023-09-30 22:14:52 INFO  LogerClass:26 - login with valid crendetial
2023-09-30 22:14:52 INFO  LogerClass:28 - validate homepage current url 
2023-09-30 22:14:52 INFO  LogerClass:26 - login with valid crendetial
2023-09-30 22:14:52 INFO  LogerClass:28 - validate homepage current url 
2023-09-30 22:14:52 INFO  LogerClass:26 - login with valid crendetial
2023-09-30 22:14:52 INFO  LogerClass:28 - validate homepage current url 
2023-09-30 22:14:52 INFO  LogerClass:26 - login with valid crendetial
2023-09-30 22:14:52 INFO  LogerClass:28 - validate homepage current url 
2023-09-30 22:14:52 INFO  LogerClass:26 - login with valid crendetial
2023-09-30 22:14:52 INFO  LogerClass:28 - validate homepage current url 
2023-09-30 22:14:52 INFO  LogerClass:26 - login with valid crendetial
2023-09-30 22:14:52 INFO  LogerClass:28 - validate homepage current url 
2023-09-30 22:14:52 INFO  LogerClass:26 - login with valid crendetial
2023-09-30 22:14:52 INFO  LogerClass:28 - validate homepage current url 
2023-09-30 22:14:52 INFO  LogerClass:26 - login with valid crendetial
2023-09-30 22:14:52 INFO  LogerClass:28 - validate homepage current url 
2023-09-30 22:14:52 INFO  LogerClass:26 - login with valid crendetial
2023-09-30 22:14:52 INFO  LogerClass:28 - validate homepage current url 
2023-09-30 22:14:52 INFO  LogerClass:26 - login with valid crendetial
2023-09-30 22:14:52 INFO  LogerClass:28 - validate homepage current url 
2023-09-30 22:14:52 INFO  LogerClass:26 - login with valid crendetial
2023-09-30 22:14:52 INFO  LogerClass:28 - validate homepage current url 
2023-09-30 22:14:52 INFO  LogerClass:26 - login with valid crendetial
2023-09-30 22:14:52 INFO  LogerClass:28 - validate homepage current url 
2023-09-30 22:14:52 INFO  LogerClass:26 - login with valid crendetial
2023-09-30 22:14:52 INFO  LogerClass:28 - validate homepage current url 
2023-09-30 22:14:52 INFO  LogerClass:26 - login with valid crendetial
2023-09-30 22:14:52 INFO  LogerClass:28 - validate homepage current url 
2023-09-30 22:14:52 INFO  LogerClass:26 - login with valid crendetial
2023-09-30 22:14:52 INFO  LogerClass:28 - validate homepage current url 
2023-09-30 22:14:52 INFO  LogerClass:26 - login with valid crendetial
2023-09-30 22:14:52 INFO  LogerClass:28 - validate homepage current url 
2023-09-30 22:14:52 INFO  LogerClass:26 - login with valid crendetial
2023-09-30 22:14:52 INFO  LogerClass:28 - validate homepage current url 
2023-09-30 22:14:52 INFO  LogerClass:26 - login with valid crendetial
2023-09-30 22:14:52 INFO  LogerClass:28 - validate homepage current url 
2023-09-30 22:14:52 INFO  LogerClass:26 - login with valid crendetial
2023-09-30 22:14:52 INFO  LogerClass:28 - validate homepage current url 
2023-09-30 22:14:52 INFO  LogerClass:26 - login with valid crendetial
2023-09-30 22:14:52 INFO  LogerClass:28 - validate homepage current url 
2023-09-30 22:14:52 INFO  LogerClass:26 - login with valid crendetial
2023-09-30 22:14:52 INFO  LogerClass:28 - validate homepage current url 
2023-09-30 22:14:52 INFO  LogerClass:26 - login with valid crendetial
2023-09-30 22:14:52 INFO  LogerClass:28 - validate homepage current url 
2023-09-30 22:14:52 INFO  LogerClass:26 - login with valid crendetial
2023-09-30 22:14:52 INFO  LogerClass:28 - validate homepage current url 
2023-09-30 22:14:52 INFO  LogerClass:26 - login with valid crendetial
2023-09-30 22:14:52 INFO  LogerClass:28 - validate homepage current url 
2023-09-30 22:14:52 INFO  LogerClass:26 - login with valid crendetial
2023-09-30 22:14:52 INFO  LogerClass:28 - validate homepage current url 
2023-09-30 22:14:52 INFO  LogerClass:26 - login with valid crendetial
2023-09-30 22:14:52 INFO  LogerClass:28 - validate homepage current url 
2023-09-30 22:14:52 INFO  LogerClass:26 - login with valid crendetial
2023-09-30 22:14:52 INFO  LogerClass:28 - validate homepage current url 
2023-09-30 22:14:52 INFO  LogerClass:26 - login with valid crendetial
2023-09-30 22:14:52 INFO  LogerClass:28 - validate homepage current url 
2023-09-30 22:14:52 INFO  LogerClass:26 - login with valid crendetial
2023-09-30 22:14:52 INFO  LogerClass:28 - validate homepage current url 
2023-09-30 22:14:52 INFO  LogerClass:26 - login with valid crendetial
2023-09-30 22:14:52 INFO  LogerClass:28 - validate homepage current url 
2023-09-30 22:14:52 INFO  LogerClass:26 - login with valid crendetial
2023-09-30 22:14:52 INFO  LogerClass:28 - validate homepage current url 
2023-09-30 22:14:52 INFO  LogerClass:26 - login with valid crendetial
2023-09-30 22:14:52 INFO  LogerClass:28 - validate homepage current url 
2023-09-30 22:14:52 INFO  LogerClass:26 - login with valid crendetial
2023-09-30 22:14:52 INFO  LogerClass:28 - validate homepage current url 
2023-09-30 22:14:52 INFO  LogerClass:26 - login with valid crendetial
2023-09-30 22:14:52 INFO  LogerClass:28 - validate homepage current url 
2023-09-30 22:14:52 INFO  LogerClass:26 - login with valid crendetial
2023-09-30 22:14:52 INFO  LogerClass:28 - validate homepage current url 
2023-09-30 22:14:52 INFO  LogerClass:26 - login with valid crendetial
2023-09-30 22:14:52 INFO  LogerClass:28 - validate homepage current url 
2023-09-30 22:14:52 INFO  LogerClass:26 - login with valid crendetial
2023-09-30 22:14:52 INFO  LogerClass:28 - validate homepage current url 
2023-09-30 22:14:52 INFO  LogerClass:26 - login with valid crendetial
2023-09-30 22:14:52 INFO  LogerClass:28 - validate homepage current url 
2023-09-30 22:14:52 INFO  LogerClass:26 - login with valid crendetial
2023-09-30 22:14:52 INFO  LogerClass:28 - validate homepage current url 
2023-09-30 22:14:52 INFO  LogerClass:26 - login with valid crendetial
2023-09-30 22:14:52 INFO  LogerClass:28 - validate homepage current url 
2023-09-30 22:14:52 INFO  LogerClass:26 - login with valid crendetial
2023-09-30 22:14:52 INFO  LogerClass:28 - validate homepage current url 
2023-09-30 22:14:52 INFO  LogerClass:26 - login with valid crendetial
2023-09-30 22:14:52 INFO  LogerClass:28 - validate homepage current url 
2023-09-30 22:14:52 INFO  LogerClass:26 - login with valid crendetial
2023-09-30 22:14:52 INFO  LogerClass:28 - validate homepage current url 
2023-09-30 22:14:52 INFO  LogerClass:26 - login with valid crendetial
2023-09-30 22:14:52 INFO  LogerClass:28 - validate homepage current url 
2023-09-30 22:14:52 INFO  LogerClass:26 - login with valid crendetial
2023-09-30 22:14:52 INFO  LogerClass:28 - validate homepage current url 
2023-09-30 22:14:52 INFO  LogerClass:26 - login with valid crendetial
2023-09-30 22:14:52 INFO  LogerClass:28 - validate homepage current url 
2023-09-30 22:14:52 INFO  LogerClass:26 - login with valid crendetial
2023-09-30 22:14:52 INFO  LogerClass:28 - validate homepage current url 
2023-09-30 22:14:52 INFO  LogerClass:26 - login with valid crendetial
2023-09-30 22:14:52 INFO  LogerClass:28 - validate homepage current url 
2023-09-30 22:14:52 INFO  LogerClass:26 - login with valid crendetial
2023-09-30 22:14:52 INFO  LogerClass:28 - validate homepage current url 
2023-09-30 22:14:52 INFO  LogerClass:26 - login with valid crendetial
2023-09-30 22:14:52 INFO  LogerClass:28 - validate homepage current url 
2023-09-30 22:14:52 INFO  LogerClass:26 - login with valid crendetial
2023-09-30 22:14:52 INFO  LogerClass:28 - validate homepage current url 
2023-09-30 22:14:52 INFO  LogerClass:26 - login with valid crendetial
2023-09-30 22:14:52 INFO  LogerClass:28 - validate homepage current url 
2023-09-30 22:14:52 INFO  LogerClass:26 - login with valid crendetial
2023-09-30 22:14:52 INFO  LogerClass:28 - validate homepage current url 
2023-09-30 22:14:52 INFO  LogerClass:26 - login with valid crendetial
2023-09-30 22:14:52 INFO  LogerClass:28 - validate homepage current url 
2023-09-30 22:14:52 INFO  LogerClass:26 - login with valid crendetial
2023-09-30 22:14:52 INFO  LogerClass:28 - validate homepage current url 
2023-09-30 22:14:52 INFO  LogerClass:26 - login with valid crendetial
2023-09-30 22:14:52 INFO  LogerClass:28 - validate homepage current url 
2023-09-30 22:14:52 INFO  LogerClass:26 - login with valid crendetial
2023-09-30 22:14:52 INFO  LogerClass:28 - validate homepage current url 
2023-09-30 22:14:52 INFO  LogerClass:26 - login with valid crendetial
2023-09-30 22:14:52 INFO  LogerClass:28 - validate homepage current url 
2023-09-30 22:14:52 INFO  LogerClass:26 - login with valid crendetial
2023-09-30 22:14:52 INFO  LogerClass:28 - validate homepage current url 
2023-09-30 22:14:52 INFO  LogerClass:26 - login with valid crendetial
2023-09-30 22:14:52 INFO  LogerClass:28 - validate homepage current url 
2023-09-30 22:14:52 INFO  LogerClass:26 - login with valid crendetial
2023-09-30 22:14:52 INFO  LogerClass:28 - validate homepage current url 
2023-09-30 22:14:52 INFO  LogerClass:26 - login with valid crendetial
2023-09-30 22:14:52 INFO  LogerClass:28 - validate homepage current url 
2023-09-30 22:14:52 INFO  LogerClass:26 - login with valid crendetial
2023-09-30 22:14:52 INFO  LogerClass:28 - validate homepage current url 
2023-09-30 22:14:52 INFO  LogerClass:26 - login with valid crendetial
2023-09-30 22:14:52 INFO  LogerClass:28 - validate homepage current url 
2023-09-30 22:14:52 INFO  LogerClass:26 - login with valid crendetial
2023-09-30 22:14:52 INFO  LogerClass:28 - validate homepage current url 
2023-09-30 22:14:52 INFO  LogerClass:26 - login with valid crendetial
2023-09-30 22:14:52 INFO  LogerClass:28 - validate homepage current url 
2023-09-30 22:14:52 INFO  LogerClass:26 - login with valid crendetial
2023-09-30 22:14:52 INFO  LogerClass:28 - validate homepage current url 
2023-09-30 22:14:52 INFO  LogerClass:26 - login with valid crendetial
2023-09-30 22:14:52 INFO  LogerClass:28 - validate homepage current url 
2023-09-30 22:14:52 INFO  LogerClass:26 - login with valid crendetial
2023-09-30 22:14:52 INFO  LogerClass:28 - validate homepage current url 
2023-09-30 22:14:52 INFO  LogerClass:26 - login with valid crendetial
2023-09-30 22:14:52 INFO  LogerClass:28 - validate homepage current url 
2023-09-30 22:14:52 INFO  LogerClass:26 - login with valid crendetial
2023-09-30 22:14:52 INFO  LogerClass:28 - validate homepage current url 
2023-09-30 22:14:52 INFO  LogerClass:26 - login with valid crendetial
2023-09-30 22:14:52 INFO  LogerClass:28 - validate homepage current url 
2023-09-30 22:14:52 INFO  LogerClass:26 - login with valid crendetial
2023-09-30 22:14:52 INFO  LogerClass:28 - validate homepage current url 
2023-09-30 22:14:52 INFO  LogerClass:26 - login with valid crendetial
2023-09-30 22:14:52 INFO  LogerClass:28 - validate homepage current url 
2023-09-30 22:14:52 INFO  LogerClass:26 - login with valid crendetial
2023-09-30 22:14:52 INFO  LogerClass:28 - validate homepage current url 
2023-09-30 22:14:52 INFO  LogerClass:26 - login with valid crendetial
2023-09-30 22:14:52 INFO  LogerClass:28 - validate homepage current url 
2023-09-30 22:14:52 INFO  LogerClass:26 - login with valid crendetial
2023-09-30 22:14:52 INFO  LogerClass:28 - validate homepage current url 
2023-09-30 22:14:52 INFO  LogerClass:26 - login with valid crendetial
2023-09-30 22:14:52 INFO  LogerClass:28 - validate homepage current url 
2023-09-30 22:14:52 INFO  LogerClass:26 - login with valid crendetial
2023-09-30 22:14:52 INFO  LogerClass:28 - validate homepage current url 
2023-09-30 22:14:52 INFO  LogerClass:26 - login with valid crendetial
2023-09-30 22:14:52 INFO  LogerClass:28 - validate homepage current url 
2023-09-30 22:14:52 INFO  LogerClass:26 - login with valid crendetial
2023-09-30 22:14:52 INFO  LogerClass:28 - validate homepage current url 
2023-09-30 22:14:52 INFO  LogerClass:26 - login with valid crendetial
2023-09-30 22:14:52 INFO  LogerClass:28 - validate homepage current url 
2023-09-30 22:14:52 INFO  LogerClass:26 - login with valid crendetial
2023-09-30 22:14:52 INFO  LogerClass:28 - validate homepage current url 
2023-09-30 22:14:52 INFO  LogerClass:26 - login with valid crendetial
2023-09-30 22:14:52 INFO  LogerClass:28 - validate homepage current url 
2023-09-30 22:14:52 INFO  LogerClass:26 - login with valid crendetial
2023-09-30 22:14:52 INFO  LogerClass:28 - validate homepage current url 
2023-09-30 22:14:52 INFO  LogerClass:26 - login with valid crendetial
2023-09-30 22:14:52 INFO  LogerClass:28 - validate homepage current url 
2023-09-30 22:14:52 INFO  LogerClass:26 - login with valid crendetial
2023-09-30 22:14:52 INFO  LogerClass:28 - validate homepage current url 
2023-09-30 22:14:52 INFO  LogerClass:26 - login with valid crendetial
2023-09-30 22:14:52 INFO  LogerClass:28 - validate homepage current url 
2023-09-30 22:14:52 INFO  LogerClass:26 - login with valid crendetial
2023-09-30 22:14:52 INFO  LogerClass:28 - validate homepage current url 
2023-09-30 22:14:52 INFO  LogerClass:26 - login with valid crendetial
2023-09-30 22:14:52 INFO  LogerClass:28 - validate homepage current url 
2023-09-30 22:14:52 INFO  LogerClass:26 - login with valid crendetial
2023-09-30 22:14:52 INFO  LogerClass:28 - validate homepage current url 
2023-09-30 22:14:52 INFO  LogerClass:26 - login with valid crendetial
2023-09-30 22:14:52 INFO  LogerClass:28 - validate homepage current url 
2023-09-30 22:14:52 INFO  LogerClass:26 - login with valid crendetial
2023-09-30 22:14:52 INFO  LogerClass:28 - validate homepage current url 
2023-09-30 22:14:52 INFO  LogerClass:26 - login with valid crendetial
2023-09-30 22:14:52 INFO  LogerClass:28 - validate homepage current url 
2023-09-30 22:14:52 INFO  LogerClass:26 - login with valid crendetial
2023-09-30 22:14:52 INFO  LogerClass:28 - validate homepage current url 
2023-09-30 22:14:52 INFO  LogerClass:26 - login with valid crendetial
2023-09-30 22:14:52 INFO  LogerClass:28 - validate homepage current url 
2023-09-30 22:14:52 INFO  LogerClass:26 - login with valid crendetial
2023-09-30 22:14:52 INFO  LogerClass:28 - validate homepage current url 
2023-09-30 22:14:52 INFO  LogerClass:26 - login with valid crendetial
2023-09-30 22:14:52 INFO  LogerClass:28 - validate homepage current url 
2023-09-30 22:14:52 INFO  LogerClass:26 - login with valid crendetial
2023-09-30 22:14:52 INFO  LogerClass:28 - validate homepage current url 
2023-09-30 22:14:52 INFO  LogerClass:26 - login with valid crendetial
2023-09-30 22:14:52 INFO  LogerClass:28 - validate homepage current url 
2023-09-30 22:14:52 INFO  LogerClass:26 - login with valid crendetial
2023-09-30 22:14:52 INFO  LogerClass:28 - validate homepage current url 
2023-09-30 22:14:52 INFO  LogerClass:26 - login with valid crendetial
2023-09-30 22:14:52 INFO  LogerClass:28 - validate homepage current url 
2023-09-30 22:14:52 INFO  LogerClass:26 - login with valid crendetial
2023-09-30 22:14:52 INFO  LogerClass:28 - validate homepage current url 
2023-09-30 22:14:52 INFO  LogerClass:26 - login with valid crendetial
2023-09-30 22:14:52 INFO  LogerClass:28 - validate homepage current url 
2023-09-30 22:14:52 INFO  LogerClass:26 - login with valid crendetial
2023-09-30 22:14:52 INFO  LogerClass:28 - validate homepage current url 
2023-09-30 22:14:52 INFO  LogerClass:26 - login with valid crendetial
2023-09-30 22:14:52 INFO  LogerClass:28 - validate homepage current url 
2023-09-30 22:14:52 INFO  LogerClass:26 - login with valid crendetial
2023-09-30 22:14:52 INFO  LogerClass:28 - validate homepage current url 
2023-09-30 22:14:52 INFO  LogerClass:26 - login with valid crendetial
2023-09-30 22:14:52 INFO  LogerClass:28 - validate homepage current url 
2023-09-30 22:14:52 INFO  LogerClass:26 - login with valid crendetial
2023-09-30 22:14:52 INFO  LogerClass:28 - validate homepage current url 
2023-09-30 22:14:52 INFO  LogerClass:26 - login with valid crendetial
2023-09-30 22:14:52 INFO  LogerClass:28 - validate homepage current url 
2023-09-30 22:14:52 INFO  LogerClass:26 - login with valid crendetial
2023-09-30 22:14:52 INFO  LogerClass:28 - validate homepage current url 
2023-09-30 22:14:52 INFO  LogerClass:26 - login with valid crendetial
2023-09-30 22:14:52 INFO  LogerClass:28 - validate homepage current url 
2023-09-30 22:14:52 INFO  LogerClass:26 - login with valid crendetial
2023-09-30 22:14:52 INFO  LogerClass:28 - validate homepage current url 
2023-09-30 22:14:52 INFO  LogerClass:26 - login with valid crendetial
2023-09-30 22:14:52 INFO  LogerClass:28 - validate homepage current url 
2023-09-30 22:14:52 INFO  LogerClass:26 - login with valid crendetial
2023-09-30 22:14:52 INFO  LogerClass:28 - validate homepage current url 
2023-09-30 22:14:52 INFO  LogerClass:26 - login with valid crendetial
2023-09-30 22:14:52 INFO  LogerClass:28 - validate homepage current url 
2023-09-30 22:14:52 INFO  LogerClass:26 - login with valid crendetial
2023-09-30 22:14:52 INFO  LogerClass:28 - validate homepage current url 
2023-09-30 22:14:52 INFO  LogerClass:26 - login with valid crendetial
2023-09-30 22:14:52 INFO  LogerClass:28 - validate homepage current url 
2023-09-30 22:14:52 INFO  LogerClass:26 - login with valid crendetial
2023-09-30 22:14:52 INFO  LogerClass:28 - validate homepage current url 
2023-09-30 22:14:52 INFO  LogerClass:26 - login with valid crendetial
2023-09-30 22:14:52 INFO  LogerClass:28 - validate homepage current url 
2023-09-30 22:14:52 INFO  LogerClass:26 - login with valid crendetial
2023-09-30 22:14:52 INFO  LogerClass:28 - validate homepage current url 
2023-09-30 22:14:52 INFO  LogerClass:26 - login with valid crendetial
2023-09-30 22:14:52 INFO  LogerClass:28 - validate homepage current url 
2023-09-30 22:14:52 INFO  LogerClass:26 - login with valid crendetial
2023-09-30 22:14:52 INFO  LogerClass:28 - validate homepage current url 
2023-09-30 22:14:52 INFO  LogerClass:26 - login with valid crendetial
2023-09-30 22:14:52 INFO  LogerClass:28 - validate homepage current url 
2023-09-30 22:14:52 INFO  LogerClass:26 - login with valid crendetial
2023-09-30 22:14:52 INFO  LogerClass:28 - validate homepage current url 
2023-09-30 22:14:52 INFO  LogerClass:26 - login with valid crendetial
2023-09-30 22:14:52 INFO  LogerClass:28 - validate homepage current url 
2023-09-30 22:14:52 INFO  LogerClass:26 - login with valid crendetial
2023-09-30 22:14:52 INFO  LogerClass:28 - validate homepage current url 
2023-09-30 22:14:52 INFO  LogerClass:26 - login with valid crendetial
2023-09-30 22:14:52 INFO  LogerClass:28 - validate homepage current url 
2023-09-30 22:14:52 INFO  LogerClass:26 - login with valid crendetial
2023-09-30 22:14:52 INFO  LogerClass:28 - validate homepage current url 
2023-09-30 22:14:52 INFO  LogerClass:26 - login with valid crendetial
2023-09-30 22:14:52 INFO  LogerClass:28 - validate homepage current url 
2023-09-30 22:14:52 INFO  LogerClass:26 - login with valid crendetial
2023-09-30 22:14:52 INFO  LogerClass:28 - validate homepage current url 
2023-09-30 22:14:52 INFO  LogerClass:26 - login with valid crendetial
2023-09-30 22:14:52 INFO  LogerClass:28 - validate homepage current url 
2023-09-30 22:14:52 INFO  LogerClass:26 - login with valid crendetial
2023-09-30 22:14:52 INFO  LogerClass:28 - validate homepage current url 
2023-09-30 22:14:52 INFO  LogerClass:26 - login with valid crendetial
2023-09-30 22:14:52 INFO  LogerClass:28 - validate homepage current url 
2023-09-30 22:14:52 INFO  LogerClass:26 - login with valid crendetial
2023-09-30 22:14:52 INFO  LogerClass:28 - validate homepage current url 
2023-09-30 22:14:52 INFO  LogerClass:26 - login with valid crendetial
2023-09-30 22:14:52 INFO  LogerClass:28 - validate homepage current url 
2023-09-30 22:14:52 INFO  LogerClass:26 - login with valid crendetial
2023-09-30 22:14:52 INFO  LogerClass:28 - validate homepage current url 
2023-09-30 22:14:52 INFO  LogerClass:26 - login with valid crendetial
2023-09-30 22:14:52 INFO  LogerClass:28 - validate homepage current url 
2023-09-30 22:14:52 INFO  LogerClass:26 - login with valid crendetial
2023-09-30 22:14:52 INFO  LogerClass:28 - validate homepage current url 
2023-09-30 22:14:52 INFO  LogerClass:26 - login with valid crendetial
2023-09-30 22:14:52 INFO  LogerClass:28 - validate homepage current url 
2023-09-30 22:14:52 INFO  LogerClass:26 - login with valid crendetial
2023-09-30 22:14:52 INFO  LogerClass:28 - validate homepage current url 
2023-09-30 22:14:52 INFO  LogerClass:26 - login with valid crendetial
2023-09-30 22:14:52 INFO  LogerClass:28 - validate homepage current url 
2023-09-30 22:14:52 INFO  LogerClass:26 - login with valid crendetial
2023-09-30 22:14:52 INFO  LogerClass:28 - validate homepage current url 
2023-09-30 22:14:52 INFO  LogerClass:26 - login with valid crendetial
2023-09-30 22:14:52 INFO  LogerClass:28 - validate homepage current url 
2023-09-30 22:14:52 INFO  LogerClass:26 - login with valid crendetial
2023-09-30 22:14:52 INFO  LogerClass:28 - validate homepage current url 
2023-09-30 22:14:52 INFO  LogerClass:26 - login with valid crendetial
2023-09-30 22:14:52 INFO  LogerClass:28 - validate homepage current url 
2023-09-30 22:14:52 INFO  LogerClass:26 - login with valid crendetial
2023-09-30 22:14:52 INFO  LogerClass:28 - validate homepage current url 
2023-09-30 22:14:52 INFO  LogerClass:26 - login with valid crendetial
2023-09-30 22:14:52 INFO  LogerClass:28 - validate homepage current url 
2023-09-30 22:14:52 INFO  LogerClass:26 - login with valid crendetial
2023-09-30 22:14:52 INFO  LogerClass:28 - validate homepage current url 
2023-09-30 22:14:52 INFO  LogerClass:26 - login with valid crendetial
2023-09-30 22:14:52 INFO  LogerClass:28 - validate homepage current url 
2023-09-30 22:14:52 INFO  LogerClass:26 - login with valid crendetial
2023-09-30 22:14:52 INFO  LogerClass:28 - validate homepage current url 
2023-09-30 22:14:52 INFO  LogerClass:26 - login with valid crendetial
2023-09-30 22:14:52 INFO  LogerClass:28 - validate homepage current url 
2023-09-30 22:14:52 INFO  LogerClass:26 - login with valid crendetial
2023-09-30 22:14:52 INFO  LogerClass:28 - validate homepage current url 
2023-09-30 22:14:52 INFO  LogerClass:26 - login with valid crendetial
2023-09-30 22:14:52 INFO  LogerClass:28 - validate homepage current url 
2023-09-30 22:14:52 INFO  LogerClass:26 - login with valid crendetial
2023-09-30 22:14:52 INFO  LogerClass:28 - validate homepage current url 
2023-09-30 22:14:52 INFO  LogerClass:26 - login with valid crendetial
2023-09-30 22:14:52 INFO  LogerClass:28 - validate homepage current url 
2023-09-30 22:14:52 INFO  LogerClass:26 - login with valid crendetial
2023-09-30 22:14:52 INFO  LogerClass:28 - validate homepage current url 
2023-09-30 22:14:52 INFO  LogerClass:26 - login with valid crendetial
2023-09-30 22:14:52 INFO  LogerClass:28 - validate homepage current url 
2023-09-30 22:14:52 INFO  LogerClass:26 - login with valid crendetial
2023-09-30 22:14:52 INFO  LogerClass:28 - validate homepage current url 
2023-09-30 22:14:52 INFO  LogerClass:26 - login with valid crendetial
2023-09-30 22:14:52 INFO  LogerClass:28 - validate homepage current url 
2023-09-30 22:14:52 INFO  LogerClass:26 - login with valid crendetial
2023-09-30 22:14:52 INFO  LogerClass:28 - validate homepage current url 
2023-09-30 22:14:52 INFO  LogerClass:26 - login with valid crendetial
2023-09-30 22:14:52 INFO  LogerClass:28 - validate homepage current url 
2023-09-30 22:14:52 INFO  LogerClass:26 - login with valid crendetial
2023-09-30 22:14:52 INFO  LogerClass:28 - validate homepage current url 
2023-09-30 22:14:52 INFO  LogerClass:26 - login with valid crendetial
2023-09-30 22:14:52 INFO  LogerClass:28 - validate homepage current url 
2023-09-30 22:14:52 INFO  LogerClass:26 - login with valid crendetial
2023-09-30 22:14:52 INFO  LogerClass:28 - validate homepage current url 
2023-09-30 22:14:52 INFO  LogerClass:26 - login with valid crendetial
2023-09-30 22:14:52 INFO  LogerClass:28 - validate homepage current url 
2023-09-30 22:14:52 INFO  LogerClass:26 - login with valid crendetial
2023-09-30 22:14:52 INFO  LogerClass:28 - validate homepage current url 
2023-09-30 22:14:52 INFO  LogerClass:26 - login with valid crendetial
2023-09-30 22:14:52 INFO  LogerClass:28 - validate homepage current url 
2023-09-30 22:14:52 INFO  LogerClass:26 - login with valid crendetial
2023-09-30 22:14:52 INFO  LogerClass:28 - validate homepage current url 
2023-09-30 22:14:52 INFO  LogerClass:26 - login with valid crendetial
2023-09-30 22:14:52 INFO  LogerClass:28 - validate homepage current url 
2023-09-30 22:14:53 INFO  LogerClass:26 - login with valid crendetial
2023-09-30 22:14:53 INFO  LogerClass:28 - validate homepage current url 
2023-09-30 22:14:53 INFO  LogerClass:26 - login with valid crendetial
2023-09-30 22:14:53 INFO  LogerClass:28 - validate homepage current url 
2023-09-30 22:14:53 INFO  LogerClass:26 - login with valid crendetial
2023-09-30 22:14:53 INFO  LogerClass:28 - validate homepage current url 
2023-09-30 22:14:53 INFO  LogerClass:26 - login with valid crendetial
2023-09-30 22:14:53 INFO  LogerClass:28 - validate homepage current url 
2023-09-30 22:14:53 INFO  LogerClass:26 - login with valid crendetial
2023-09-30 22:14:53 INFO  LogerClass:28 - validate homepage current url 
2023-09-30 22:14:53 INFO  LogerClass:26 - login with valid crendetial
2023-09-30 22:14:53 INFO  LogerClass:28 - validate homepage current url 
2023-09-30 22:14:53 INFO  LogerClass:26 - login with valid crendetial
2023-09-30 22:14:53 INFO  LogerClass:28 - validate homepage current url 
2023-09-30 22:14:53 INFO  LogerClass:26 - login with valid crendetial
2023-09-30 22:14:53 INFO  LogerClass:28 - validate homepage current url 
2023-09-30 22:14:53 INFO  LogerClass:26 - login with valid crendetial
2023-09-30 22:14:53 INFO  LogerClass:28 - validate homepage current url 
2023-09-30 22:14:53 INFO  LogerClass:26 - login with valid crendetial
2023-09-30 22:14:53 INFO  LogerClass:28 - validate homepage current url 
2023-09-30 22:14:53 INFO  LogerClass:26 - login with valid crendetial
2023-09-30 22:14:53 INFO  LogerClass:28 - validate homepage current url 
2023-09-30 22:14:53 INFO  LogerClass:26 - login with valid crendetial
2023-09-30 22:14:53 INFO  LogerClass:28 - validate homepage current url 
2023-09-30 22:14:53 INFO  LogerClass:26 - login with valid crendetial
2023-09-30 22:14:53 INFO  LogerClass:28 - validate homepage current url 
2023-09-30 22:14:53 INFO  LogerClass:26 - login with valid crendetial
2023-09-30 22:14:53 INFO  LogerClass:28 - validate homepage current url 
2023-09-30 22:14:53 INFO  LogerClass:26 - login with valid crendetial
2023-09-30 22:14:53 INFO  LogerClass:28 - validate homepage current url 
2023-09-30 22:14:53 INFO  LogerClass:26 - login with valid crendetial
2023-09-30 22:14:53 INFO  LogerClass:28 - validate homepage current url 
2023-09-30 22:14:53 INFO  LogerClass:26 - login with valid crendetial
2023-09-30 22:14:53 INFO  LogerClass:28 - validate homepage current url 
2023-09-30 22:14:53 INFO  LogerClass:26 - login with valid crendetial
2023-09-30 22:14:53 INFO  LogerClass:28 - validate homepage current url 
2023-09-30 22:14:53 INFO  LogerClass:26 - login with valid crendetial
2023-09-30 22:14:53 INFO  LogerClass:28 - validate homepage current url 
2023-09-30 22:14:53 INFO  LogerClass:26 - login with valid crendetial
2023-09-30 22:14:53 INFO  LogerClass:28 - validate homepage current url 
2023-09-30 22:14:53 INFO  LogerClass:26 - login with valid crendetial
2023-09-30 22:14:53 INFO  LogerClass:28 - validate homepage current url 
2023-09-30 22:14:53 INFO  LogerClass:26 - login with valid crendetial
2023-09-30 22:14:53 INFO  LogerClass:28 - validate homepage current url 
2023-09-30 22:14:53 INFO  LogerClass:26 - login with valid crendetial
2023-09-30 22:14:53 INFO  LogerClass:28 - validate homepage current url 
2023-09-30 22:14:53 INFO  LogerClass:26 - login with valid crendetial
2023-09-30 22:14:53 INFO  LogerClass:28 - validate homepage current url 
2023-09-30 22:14:53 INFO  LogerClass:26 - login with valid crendetial
2023-09-30 22:14:53 INFO  LogerClass:28 - validate homepage current url 
2023-09-30 22:14:53 INFO  LogerClass:26 - login with valid crendetial
2023-09-30 22:14:53 INFO  LogerClass:28 - validate homepage current url 
2023-09-30 22:14:53 INFO  LogerClass:26 - login with valid crendetial
2023-09-30 22:14:53 INFO  LogerClass:28 - validate homepage current url 
2023-09-30 22:14:53 INFO  LogerClass:26 - login with valid crendetial
2023-09-30 22:14:53 INFO  LogerClass:28 - validate homepage current url 
2023-09-30 22:14:53 INFO  LogerClass:26 - login with valid crendetial
2023-09-30 22:14:53 INFO  LogerClass:28 - validate homepage current url 
2023-09-30 22:14:53 INFO  LogerClass:26 - login with valid crendetial
2023-09-30 22:14:53 INFO  LogerClass:28 - validate homepage current url 
2023-09-30 22:14:53 INFO  LogerClass:26 - login with valid crendetial
2023-09-30 22:14:53 INFO  LogerClass:28 - validate homepage current url 
2023-09-30 22:14:53 INFO  LogerClass:26 - login with valid crendetial
2023-09-30 22:14:53 INFO  LogerClass:28 - validate homepage current url 
2023-09-30 22:14:53 INFO  LogerClass:26 - login with valid crendetial
2023-09-30 22:14:53 INFO  LogerClass:28 - validate homepage current url 
2023-09-30 22:14:53 INFO  LogerClass:26 - login with valid crendetial
2023-09-30 22:14:53 INFO  LogerClass:28 - validate homepage current url 
2023-09-30 22:14:53 INFO  LogerClass:26 - login with valid crendetial
2023-09-30 22:14:53 INFO  LogerClass:28 - validate homepage current url 
2023-09-30 22:14:53 INFO  LogerClass:26 - login with valid crendetial
2023-09-30 22:14:53 INFO  LogerClass:28 - validate homepage current url 
2023-09-30 22:14:53 INFO  LogerClass:26 - login with valid crendetial
2023-09-30 22:14:53 INFO  LogerClass:28 - validate homepage current url 
2023-09-30 22:14:53 INFO  LogerClass:26 - login with valid crendetial
2023-09-30 22:14:53 INFO  LogerClass:28 - validate homepage current url 
2023-09-30 22:14:53 INFO  LogerClass:26 - login with valid crendetial
2023-09-30 22:14:53 INFO  LogerClass:28 - validate homepage current url 
2023-09-30 22:14:53 INFO  LogerClass:26 - login with valid crendetial
2023-09-30 22:14:53 INFO  LogerClass:28 - validate homepage current url 
2023-09-30 22:14:53 INFO  LogerClass:26 - login with valid crendetial
2023-09-30 22:14:53 INFO  LogerClass:28 - validate homepage current url 
2023-09-30 22:14:53 INFO  LogerClass:26 - login with valid crendetial
2023-09-30 22:14:53 INFO  LogerClass:28 - validate homepage current url 
2023-09-30 22:14:53 INFO  LogerClass:26 - login with valid crendetial
2023-09-30 22:14:53 INFO  LogerClass:28 - validate homepage current url 
2023-09-30 22:14:53 INFO  LogerClass:26 - login with valid crendetial
2023-09-30 22:14:53 INFO  LogerClass:28 - validate homepage current url 
2023-09-30 22:14:53 INFO  LogerClass:26 - login with valid crendetial
2023-09-30 22:14:53 INFO  LogerClass:28 - validate homepage current url 
2023-09-30 22:14:53 INFO  LogerClass:26 - login with valid crendetial
2023-09-30 22:14:53 INFO  LogerClass:28 - validate homepage current url 
2023-09-30 22:14:53 INFO  LogerClass:26 - login with valid crendetial
2023-09-30 22:14:53 INFO  LogerClass:28 - validate homepage current url 
2023-09-30 22:14:53 INFO  LogerClass:26 - login with valid crendetial
2023-09-30 22:14:53 INFO  LogerClass:28 - validate homepage current url 
2023-09-30 22:14:53 INFO  LogerClass:26 - login with valid crendetial
2023-09-30 22:14:53 INFO  LogerClass:28 - validate homepage current url 
2023-09-30 22:14:53 INFO  LogerClass:26 - login with valid crendetial
2023-09-30 22:14:53 INFO  LogerClass:28 - validate homepage current url 
2023-09-30 22:14:53 INFO  LogerClass:26 - login with valid crendetial
2023-09-30 22:14:53 INFO  LogerClass:28 - validate homepage current url 
2023-09-30 22:14:53 INFO  LogerClass:26 - login with valid crendetial
2023-09-30 22:14:53 INFO  LogerClass:28 - validate homepage current url 
2023-09-30 22:14:53 INFO  LogerClass:26 - login with valid crendetial
2023-09-30 22:14:53 INFO  LogerClass:28 - validate homepage current url 
2023-09-30 22:14:53 INFO  LogerClass:26 - login with valid crendetial
2023-09-30 22:14:53 INFO  LogerClass:28 - validate homepage current url 
2023-09-30 22:14:53 INFO  LogerClass:26 - login with valid crendetial
2023-09-30 22:14:53 INFO  LogerClass:28 - validate homepage current url 
2023-09-30 22:14:53 INFO  LogerClass:26 - login with valid crendetial
2023-09-30 22:14:53 INFO  LogerClass:28 - validate homepage current url 
2023-09-30 22:14:53 INFO  LogerClass:26 - login with valid crendetial
2023-09-30 22:14:53 INFO  LogerClass:28 - validate homepage current url 
2023-09-30 22:14:53 INFO  LogerClass:26 - login with valid crendetial
2023-09-30 22:14:53 INFO  LogerClass:28 - validate homepage current url 
2023-09-30 22:14:53 INFO  LogerClass:26 - login with valid crendetial
2023-09-30 22:14:53 INFO  LogerClass:28 - validate homepage current url 
2023-09-30 22:14:53 INFO  LogerClass:26 - login with valid crendetial
2023-09-30 22:14:53 INFO  LogerClass:28 - validate homepage current url 
2023-09-30 22:14:53 INFO  LogerClass:26 - login with valid crendetial
2023-09-30 22:14:53 INFO  LogerClass:28 - validate homepage current url 
2023-09-30 22:14:53 INFO  LogerClass:26 - login with valid crendetial
2023-09-30 22:14:53 INFO  LogerClass:28 - validate homepage current url 
2023-09-30 22:14:53 INFO  LogerClass:26 - login with valid crendetial
2023-09-30 22:14:53 INFO  LogerClass:28 - validate homepage current url 
2023-09-30 22:14:53 INFO  LogerClass:26 - login with valid crendetial
2023-09-30 22:14:53 INFO  LogerClass:28 - validate homepage current url 
2023-09-30 22:14:53 INFO  LogerClass:26 - login with valid crendetial
2023-09-30 22:14:53 INFO  LogerClass:28 - validate homepage current url 
2023-09-30 22:14:53 INFO  LogerClass:26 - login with valid crendetial
2023-09-30 22:14:53 INFO  LogerClass:28 - validate homepage current url 
2023-09-30 22:14:53 INFO  LogerClass:26 - login with valid crendetial
2023-09-30 22:14:53 INFO  LogerClass:28 - validate homepage current url 
2023-09-30 22:14:53 INFO  LogerClass:26 - login with valid crendetial
2023-09-30 22:14:53 INFO  LogerClass:28 - validate homepage current url 
2023-09-30 22:14:53 INFO  LogerClass:26 - login with valid crendetial
2023-09-30 22:14:53 INFO  LogerClass:28 - validate homepage current url 
2023-09-30 22:14:53 INFO  LogerClass:26 - login with valid crendetial
2023-09-30 22:14:53 INFO  LogerClass:28 - validate homepage current url 
2023-09-30 22:14:53 INFO  LogerClass:26 - login with valid crendetial
2023-09-30 22:14:53 INFO  LogerClass:28 - validate homepage current url 
2023-09-30 22:14:53 INFO  LogerClass:26 - login with valid crendetial
2023-09-30 22:14:53 INFO  LogerClass:28 - validate homepage current url 
2023-09-30 22:14:53 INFO  LogerClass:26 - login with valid crendetial
2023-09-30 22:14:53 INFO  LogerClass:28 - validate homepage current url 
2023-09-30 22:14:53 INFO  LogerClass:26 - login with valid crendetial
2023-09-30 22:14:53 INFO  LogerClass:28 - validate homepage current url 
2023-09-30 22:14:53 INFO  LogerClass:26 - login with valid crendetial
2023-09-30 22:14:53 INFO  LogerClass:28 - validate homepage current url 
2023-09-30 22:14:53 INFO  LogerClass:26 - login with valid crendetial
2023-09-30 22:14:53 INFO  LogerClass:28 - validate homepage current url 
2023-09-30 22:14:53 INFO  LogerClass:26 - login with valid crendetial
2023-09-30 22:14:53 INFO  LogerClass:28 - validate homepage current url 
2023-09-30 22:14:53 INFO  LogerClass:26 - login with valid crendetial
2023-09-30 22:14:53 INFO  LogerClass:28 - validate homepage current url 
2023-09-30 22:14:53 INFO  LogerClass:26 - login with valid crendetial
2023-09-30 22:14:53 INFO  LogerClass:28 - validate homepage current url 
2023-09-30 22:14:53 INFO  LogerClass:26 - login with valid crendetial
2023-09-30 22:14:53 INFO  LogerClass:28 - validate homepage current url 
2023-09-30 22:14:53 INFO  LogerClass:26 - login with valid crendetial
2023-09-30 22:14:53 INFO  LogerClass:28 - validate homepage current url 
2023-09-30 22:14:53 INFO  LogerClass:26 - login with valid crendetial
2023-09-30 22:14:53 INFO  LogerClass:28 - validate homepage current url 
2023-09-30 22:14:53 INFO  LogerClass:26 - login with valid crendetial
2023-09-30 22:14:53 INFO  LogerClass:28 - validate homepage current url 
2023-09-30 22:14:53 INFO  LogerClass:26 - login with valid crendetial
2023-09-30 22:14:53 INFO  LogerClass:28 - validate homepage current url 
2023-09-30 22:14:53 INFO  LogerClass:26 - login with valid crendetial
2023-09-30 22:14:53 INFO  LogerClass:28 - validate homepage current url 
2023-09-30 22:14:53 INFO  LogerClass:26 - login with valid crendetial
2023-09-30 22:14:53 INFO  LogerClass:28 - validate homepage current url 
2023-09-30 22:14:53 INFO  LogerClass:26 - login with valid crendetial
2023-09-30 22:14:53 INFO  LogerClass:28 - validate homepage current url 
2023-09-30 22:14:53 INFO  LogerClass:26 - login with valid crendetial
2023-09-30 22:14:53 INFO  LogerClass:28 - validate homepage current url 
2023-09-30 22:14:53 INFO  LogerClass:26 - login with valid crendetial
2023-09-30 22:14:53 INFO  LogerClass:28 - validate homepage current url 
2023-09-30 22:14:53 INFO  LogerClass:26 - login with valid crendetial
2023-09-30 22:14:53 INFO  LogerClass:28 - validate homepage current url 
2023-09-30 22:14:53 INFO  LogerClass:26 - login with valid crendetial
2023-09-30 22:14:53 INFO  LogerClass:28 - validate homepage current url 
2023-09-30 22:14:53 INFO  LogerClass:26 - login with valid crendetial
2023-09-30 22:14:53 INFO  LogerClass:28 - validate homepage current url 
2023-09-30 22:14:53 INFO  LogerClass:26 - login with valid crendetial
2023-09-30 22:14:53 INFO  LogerClass:28 - validate homepage current url 
2023-09-30 22:14:53 INFO  LogerClass:26 - login with valid crendetial
2023-09-30 22:14:53 INFO  LogerClass:28 - validate homepage current url 
2023-09-30 22:14:53 INFO  LogerClass:26 - login with valid crendetial
2023-09-30 22:14:53 INFO  LogerClass:28 - validate homepage current url 
2023-09-30 22:14:53 INFO  LogerClass:26 - login with valid crendetial
2023-09-30 22:14:53 INFO  LogerClass:28 - validate homepage current url 
2023-09-30 22:14:53 INFO  LogerClass:26 - login with valid crendetial
2023-09-30 22:14:53 INFO  LogerClass:28 - validate homepage current url 
2023-09-30 22:14:53 INFO  LogerClass:26 - login with valid crendetial
2023-09-30 22:14:53 INFO  LogerClass:28 - validate homepage current url 
2023-09-30 22:14:53 INFO  LogerClass:26 - login with valid crendetial
2023-09-30 22:14:53 INFO  LogerClass:28 - validate homepage current url 
2023-09-30 22:14:53 INFO  LogerClass:26 - login with valid crendetial
2023-09-30 22:14:53 INFO  LogerClass:28 - validate homepage current url 
2023-09-30 22:14:53 INFO  LogerClass:26 - login with valid crendetial
2023-09-30 22:14:53 INFO  LogerClass:28 - validate homepage current url 
2023-09-30 22:14:53 INFO  LogerClass:26 - login with valid crendetial
2023-09-30 22:14:53 INFO  LogerClass:28 - validate homepage current url 
2023-09-30 22:14:53 INFO  LogerClass:26 - login with valid crendetial
2023-09-30 22:14:53 INFO  LogerClass:28 - validate homepage current url 
2023-09-30 22:14:53 INFO  LogerClass:26 - login with valid crendetial
2023-09-30 22:14:53 INFO  LogerClass:28 - validate homepage current url 
2023-09-30 22:14:53 INFO  LogerClass:26 - login with valid crendetial
2023-09-30 22:14:53 INFO  LogerClass:28 - validate homepage current url 
2023-09-30 22:14:53 INFO  LogerClass:26 - login with valid crendetial
2023-09-30 22:14:53 INFO  LogerClass:28 - validate homepage current url 
2023-09-30 22:14:53 INFO  LogerClass:26 - login with valid crendetial
2023-09-30 22:14:53 INFO  LogerClass:28 - validate homepage current url 
2023-09-30 22:14:53 INFO  LogerClass:26 - login with valid crendetial
2023-09-30 22:14:53 INFO  LogerClass:28 - validate homepage current url 
2023-09-30 22:14:53 INFO  LogerClass:26 - login with valid crendetial
2023-09-30 22:14:53 INFO  LogerClass:28 - validate homepage current url 
2023-09-30 22:14:53 INFO  LogerClass:26 - login with valid crendetial
2023-09-30 22:14:53 INFO  LogerClass:28 - validate homepage current url 
2023-09-30 22:14:53 INFO  LogerClass:26 - login with valid crendetial
2023-09-30 22:14:53 INFO  LogerClass:28 - validate homepage current url 
2023-09-30 22:14:53 INFO  LogerClass:26 - login with valid crendetial
2023-09-30 22:14:53 INFO  LogerClass:28 - validate homepage current url 
2023-09-30 22:14:53 INFO  LogerClass:26 - login with valid crendetial
2023-09-30 22:14:53 INFO  LogerClass:28 - validate homepage current url 
2023-09-30 22:14:53 INFO  LogerClass:26 - login with valid crendetial
2023-09-30 22:14:53 INFO  LogerClass:28 - validate homepage current url 
2023-09-30 22:14:53 INFO  LogerClass:26 - login with valid crendetial
2023-09-30 22:14:53 INFO  LogerClass:28 - validate homepage current url 
2023-09-30 22:14:53 INFO  LogerClass:26 - login with valid crendetial
2023-09-30 22:14:53 INFO  LogerClass:28 - validate homepage current url 
2023-09-30 22:14:53 INFO  LogerClass:26 - login with valid crendetial
2023-09-30 22:14:53 INFO  LogerClass:28 - validate homepage current url 
2023-09-30 22:14:53 INFO  LogerClass:26 - login with valid crendetial
2023-09-30 22:14:53 INFO  LogerClass:28 - validate homepage current url 
2023-09-30 22:14:53 INFO  LogerClass:26 - login with valid crendetial
2023-09-30 22:14:53 INFO  LogerClass:28 - validate homepage current url 
2023-09-30 22:14:53 INFO  LogerClass:26 - login with valid crendetial
2023-09-30 22:14:53 INFO  LogerClass:28 - validate homepage current url 
2023-09-30 22:14:53 INFO  LogerClass:26 - login with valid crendetial
2023-09-30 22:14:53 INFO  LogerClass:28 - validate homepage current url 
2023-09-30 22:14:53 INFO  LogerClass:26 - login with valid crendetial
2023-09-30 22:14:53 INFO  LogerClass:28 - validate homepage current url 
2023-09-30 22:14:53 INFO  LogerClass:26 - login with valid crendetial
2023-09-30 22:14:53 INFO  LogerClass:28 - validate homepage current url 
2023-09-30 22:14:53 INFO  LogerClass:26 - login with valid crendetial
2023-09-30 22:14:53 INFO  LogerClass:28 - validate homepage current url 
2023-09-30 22:14:53 INFO  LogerClass:26 - login with valid crendetial
2023-09-30 22:14:53 INFO  LogerClass:28 - validate homepage current url 
2023-09-30 22:14:53 INFO  LogerClass:26 - login with valid crendetial
2023-09-30 22:14:53 INFO  LogerClass:28 - validate homepage current url 
2023-09-30 22:14:53 INFO  LogerClass:26 - login with valid crendetial
2023-09-30 22:14:53 INFO  LogerClass:28 - validate homepage current url 
2023-09-30 22:14:53 INFO  LogerClass:26 - login with valid crendetial
2023-09-30 22:14:53 INFO  LogerClass:28 - validate homepage current url 
2023-09-30 22:14:53 INFO  LogerClass:26 - login with valid crendetial
2023-09-30 22:14:53 INFO  LogerClass:28 - validate homepage current url 
2023-09-30 22:14:53 INFO  LogerClass:26 - login with valid crendetial
2023-09-30 22:14:53 INFO  LogerClass:28 - validate homepage current url 
2023-09-30 22:14:53 INFO  LogerClass:26 - login with valid crendetial
2023-09-30 22:14:53 INFO  LogerClass:28 - validate homepage current url 
2023-09-30 22:14:53 INFO  LogerClass:26 - login with valid crendetial
2023-09-30 22:14:53 INFO  LogerClass:28 - validate homepage current url 
2023-09-30 22:14:53 INFO  LogerClass:26 - login with valid crendetial
2023-09-30 22:14:53 INFO  LogerClass:28 - validate homepage current url 
2023-09-30 22:14:53 INFO  LogerClass:26 - login with valid crendetial
2023-09-30 22:14:53 INFO  LogerClass:28 - validate homepage current url 
2023-09-30 22:14:53 INFO  LogerClass:26 - login with valid crendetial
2023-09-30 22:14:53 INFO  LogerClass:28 - validate homepage current url 
2023-09-30 22:14:53 INFO  LogerClass:26 - login with valid crendetial
2023-09-30 22:14:53 INFO  LogerClass:28 - validate homepage current url 
2023-09-30 22:14:53 INFO  LogerClass:26 - login with valid crendetial
2023-09-30 22:14:53 INFO  LogerClass:28 - validate homepage current url 
2023-09-30 22:14:53 INFO  LogerClass:26 - login with valid crendetial
2023-09-30 22:14:53 INFO  LogerClass:28 - validate homepage current url 
2023-09-30 22:14:53 INFO  LogerClass:26 - login with valid crendetial
2023-09-30 22:14:53 INFO  LogerClass:28 - validate homepage current url 
2023-09-30 22:14:53 INFO  LogerClass:26 - login with valid crendetial
2023-09-30 22:14:53 INFO  LogerClass:28 - validate homepage current url 
2023-09-30 22:14:53 INFO  LogerClass:26 - login with valid crendetial
2023-09-30 22:14:53 INFO  LogerClass:28 - validate homepage current url 
2023-09-30 22:14:53 INFO  LogerClass:26 - login with valid crendetial
2023-09-30 22:14:53 INFO  LogerClass:28 - validate homepage current url 
2023-09-30 22:14:53 INFO  LogerClass:26 - login with valid crendetial
2023-09-30 22:14:53 INFO  LogerClass:28 - validate homepage current url 
2023-09-30 22:14:53 INFO  LogerClass:26 - login with valid crendetial
2023-09-30 22:14:53 INFO  LogerClass:28 - validate homepage current url 
2023-09-30 22:14:53 INFO  LogerClass:26 - login with valid crendetial
2023-09-30 22:14:53 INFO  LogerClass:28 - validate homepage current url 
2023-09-30 22:14:53 INFO  LogerClass:26 - login with valid crendetial
2023-09-30 22:14:53 INFO  LogerClass:28 - validate homepage current url 
2023-09-30 22:14:53 INFO  LogerClass:26 - login with valid crendetial
2023-09-30 22:14:53 INFO  LogerClass:28 - validate homepage current url 
2023-09-30 22:14:53 INFO  LogerClass:26 - login with valid crendetial
2023-09-30 22:14:53 INFO  LogerClass:28 - validate homepage current url 
2023-09-30 22:14:53 INFO  LogerClass:26 - login with valid crendetial
2023-09-30 22:14:53 INFO  LogerClass:28 - validate homepage current url 
2023-09-30 22:14:53 INFO  LogerClass:26 - login with valid crendetial
2023-09-30 22:14:53 INFO  LogerClass:28 - validate homepage current url 
2023-09-30 22:14:53 INFO  LogerClass:26 - login with valid crendetial
2023-09-30 22:14:53 INFO  LogerClass:28 - validate homepage current url 
2023-09-30 22:14:53 INFO  LogerClass:26 - login with valid crendetial
2023-09-30 22:14:53 INFO  LogerClass:28 - validate homepage current url 
2023-09-30 22:14:53 INFO  LogerClass:26 - login with valid crendetial
2023-09-30 22:14:53 INFO  LogerClass:28 - validate homepage current url 
2023-09-30 22:14:53 INFO  LogerClass:26 - login with valid crendetial
2023-09-30 22:14:53 INFO  LogerClass:28 - validate homepage current url 
2023-09-30 22:14:53 INFO  LogerClass:26 - login with valid crendetial
2023-09-30 22:14:53 INFO  LogerClass:28 - validate homepage current url 
2023-09-30 22:14:53 INFO  LogerClass:26 - login with valid crendetial
2023-09-30 22:14:53 INFO  LogerClass:28 - validate homepage current url 
2023-09-30 22:14:53 INFO  LogerClass:26 - login with valid crendetial
2023-09-30 22:14:53 INFO  LogerClass:28 - validate homepage current url 
2023-09-30 22:14:53 INFO  LogerClass:26 - login with valid crendetial
2023-09-30 22:14:53 INFO  LogerClass:28 - validate homepage current url 
2023-09-30 22:14:53 INFO  LogerClass:26 - login with valid crendetial
2023-09-30 22:14:53 INFO  LogerClass:28 - validate homepage current url 
2023-09-30 22:14:53 INFO  LogerClass:26 - login with valid crendetial
2023-09-30 22:14:53 INFO  LogerClass:28 - validate homepage current url 
2023-09-30 22:14:53 INFO  LogerClass:26 - login with valid crendetial
2023-09-30 22:14:53 INFO  LogerClass:28 - validate homepage current url 
2023-09-30 22:14:53 INFO  LogerClass:26 - login with valid crendetial
2023-09-30 22:14:53 INFO  LogerClass:28 - validate homepage current url 
2023-09-30 22:14:53 INFO  LogerClass:26 - login with valid crendetial
2023-09-30 22:14:53 INFO  LogerClass:28 - validate homepage current url 
2023-09-30 22:14:53 INFO  LogerClass:26 - login with valid crendetial
2023-09-30 22:14:53 INFO  LogerClass:28 - validate homepage current url 
2023-09-30 22:14:53 INFO  LogerClass:26 - login with valid crendetial
2023-09-30 22:14:53 INFO  LogerClass:28 - validate homepage current url 
2023-09-30 22:14:53 INFO  LogerClass:26 - login with valid crendetial
2023-09-30 22:14:53 INFO  LogerClass:28 - validate homepage current url 
2023-09-30 22:14:53 INFO  LogerClass:26 - login with valid crendetial
2023-09-30 22:14:53 INFO  LogerClass:28 - validate homepage current url 
2023-09-30 22:14:53 INFO  LogerClass:26 - login with valid crendetial
2023-09-30 22:14:53 INFO  LogerClass:28 - validate homepage current url 
2023-09-30 22:14:53 INFO  LogerClass:26 - login with valid crendetial
2023-09-30 22:14:53 INFO  LogerClass:28 - validate homepage current url 
2023-09-30 22:14:53 INFO  LogerClass:26 - login with valid crendetial
2023-09-30 22:14:53 INFO  LogerClass:28 - validate homepage current url 
2023-09-30 22:14:53 INFO  LogerClass:26 - login with valid crendetial
2023-09-30 22:14:53 INFO  LogerClass:28 - validate homepage current url 
2023-09-30 22:14:53 INFO  LogerClass:26 - login with valid crendetial
2023-09-30 22:14:53 INFO  LogerClass:28 - validate homepage current url 
2023-09-30 22:14:53 INFO  LogerClass:26 - login with valid crendetial
2023-09-30 22:14:53 INFO  LogerClass:28 - validate homepage current url 
2023-09-30 22:15:01 INFO  LogerClass:26 - login with valid crendetial
2023-09-30 22:15:01 INFO  LogerClass:28 - validate homepage current url 
2023-09-30 22:15:01 INFO  LogerClass:26 - login with valid crendetial
2023-09-30 22:15:01 INFO  LogerClass:28 - validate homepage current url 
2023-09-30 22:15:01 INFO  LogerClass:26 - login with valid crendetial
2023-09-30 22:15:01 INFO  LogerClass:28 - validate homepage current url 
2023-09-30 22:15:01 INFO  LogerClass:26 - login with valid crendetial
2023-09-30 22:15:01 INFO  LogerClass:28 - validate homepage current url 
2023-09-30 22:15:01 INFO  LogerClass:26 - login with valid crendetial
2023-09-30 22:15:01 INFO  LogerClass:28 - validate homepage current url 
2023-09-30 22:15:01 INFO  LogerClass:26 - login with valid crendetial
2023-09-30 22:15:01 INFO  LogerClass:28 - validate homepage current url 
2023-09-30 22:15:01 INFO  LogerClass:26 - login with valid crendetial
2023-09-30 22:15:01 INFO  LogerClass:28 - validate homepage current url 
2023-09-30 22:15:01 INFO  LogerClass:26 - login with valid crendetial
2023-09-30 22:15:01 INFO  LogerClass:28 - validate homepage current url 
2023-09-30 22:15:01 INFO  LogerClass:26 - login with valid crendetial
2023-09-30 22:15:01 INFO  LogerClass:28 - validate homepage current url 
2023-09-30 22:15:01 INFO  LogerClass:26 - login with valid crendetial
2023-09-30 22:15:01 INFO  LogerClass:28 - validate homepage current url 
2023-09-30 22:15:01 INFO  LogerClass:26 - login with valid crendetial
2023-09-30 22:15:01 INFO  LogerClass:28 - validate homepage current url 
2023-09-30 22:15:01 INFO  LogerClass:26 - login with valid crendetial
2023-09-30 22:15:01 INFO  LogerClass:28 - validate homepage current url 
2023-09-30 22:15:01 INFO  LogerClass:26 - login with valid crendetial
2023-09-30 22:15:01 INFO  LogerClass:28 - validate homepage current url 
2023-09-30 22:15:01 INFO  LogerClass:26 - login with valid crendetial
2023-09-30 22:15:01 INFO  LogerClass:28 - validate homepage current url 
2023-09-30 22:15:01 INFO  LogerClass:26 - login with valid crendetial
2023-09-30 22:15:01 INFO  LogerClass:28 - validate homepage current url 
2023-09-30 22:15:01 INFO  LogerClass:26 - login with valid crendetial
2023-09-30 22:15:01 INFO  LogerClass:28 - validate homepage current url 
2023-09-30 22:15:01 INFO  LogerClass:26 - login with valid crendetial
2023-09-30 22:15:01 INFO  LogerClass:28 - validate homepage current url 
2023-09-30 22:15:01 INFO  LogerClass:26 - login with valid crendetial
2023-09-30 22:15:01 INFO  LogerClass:28 - validate homepage current url 
2023-09-30 22:15:01 INFO  LogerClass:26 - login with valid crendetial
2023-09-30 22:15:01 INFO  LogerClass:28 - validate homepage current url 
2023-09-30 22:15:01 INFO  LogerClass:26 - login with valid crendetial
2023-09-30 22:15:01 INFO  LogerClass:28 - validate homepage current url 
2023-09-30 22:15:01 INFO  LogerClass:26 - login with valid crendetial
2023-09-30 22:15:01 INFO  LogerClass:28 - validate homepage current url 
2023-09-30 22:15:01 INFO  LogerClass:26 - login with valid crendetial
2023-09-30 22:15:01 INFO  LogerClass:28 - validate homepage current url 
2023-09-30 22:15:01 INFO  LogerClass:26 - login with valid crendetial
2023-09-30 22:15:01 INFO  LogerClass:28 - validate homepage current url 
2023-09-30 22:15:01 INFO  LogerClass:26 - login with valid crendetial
2023-09-30 22:15:01 INFO  LogerClass:28 - validate homepage current url 
2023-09-30 22:15:01 INFO  LogerClass:26 - login with valid crendetial
2023-09-30 22:15:01 INFO  LogerClass:28 - validate homepage current url 
2023-09-30 22:15:01 INFO  LogerClass:26 - login with valid crendetial
2023-09-30 22:15:01 INFO  LogerClass:28 - validate homepage current url 
2023-09-30 22:15:01 INFO  LogerClass:26 - login with valid crendetial
2023-09-30 22:15:01 INFO  LogerClass:28 - validate homepage current url 
2023-09-30 22:15:01 INFO  LogerClass:26 - login with valid crendetial
2023-09-30 22:15:01 INFO  LogerClass:28 - validate homepage current url 
2023-09-30 22:15:01 INFO  LogerClass:26 - login with valid crendetial
2023-09-30 22:15:01 INFO  LogerClass:28 - validate homepage current url 
2023-09-30 22:15:01 INFO  LogerClass:26 - login with valid crendetial
2023-09-30 22:15:01 INFO  LogerClass:28 - validate homepage current url 
2023-09-30 22:15:01 INFO  LogerClass:26 - login with valid crendetial
2023-09-30 22:15:01 INFO  LogerClass:28 - validate homepage current url 
2023-09-30 22:15:01 INFO  LogerClass:26 - login with valid crendetial
2023-09-30 22:15:01 INFO  LogerClass:28 - validate homepage current url 
2023-09-30 22:15:01 INFO  LogerClass:26 - login with valid crendetial
2023-09-30 22:15:01 INFO  LogerClass:28 - validate homepage current url 
2023-09-30 22:15:01 INFO  LogerClass:26 - login with valid crendetial
2023-09-30 22:15:01 INFO  LogerClass:28 - validate homepage current url 
2023-09-30 22:15:01 INFO  LogerClass:26 - login with valid crendetial
2023-09-30 22:15:01 INFO  LogerClass:28 - validate homepage current url 
2023-09-30 22:15:01 INFO  LogerClass:26 - login with valid crendetial
2023-09-30 22:15:01 INFO  LogerClass:28 - validate homepage current url 
2023-09-30 22:15:01 INFO  LogerClass:26 - login with valid crendetial
2023-09-30 22:15:01 INFO  LogerClass:28 - validate homepage current url 
2023-09-30 22:15:01 INFO  LogerClass:26 - login with valid crendetial
2023-09-30 22:15:01 INFO  LogerClass:28 - validate homepage current url 
2023-09-30 22:15:01 INFO  LogerClass:26 - login with valid crendetial
2023-09-30 22:15:01 INFO  LogerClass:28 - validate homepage current url 
2023-09-30 22:15:01 INFO  LogerClass:26 - login with valid crendetial
2023-09-30 22:15:01 INFO  LogerClass:28 - validate homepage current url 
2023-09-30 22:15:01 INFO  LogerClass:26 - login with valid crendetial
2023-09-30 22:15:01 INFO  LogerClass:28 - validate homepage current url 
2023-09-30 22:15:01 INFO  LogerClass:26 - login with valid crendetial
2023-09-30 22:15:01 INFO  LogerClass:28 - validate homepage current url 
2023-09-30 22:15:01 INFO  LogerClass:26 - login with valid crendetial
2023-09-30 22:15:01 INFO  LogerClass:28 - validate homepage current url 
2023-09-30 22:15:01 INFO  LogerClass:26 - login with valid crendetial
2023-09-30 22:15:01 INFO  LogerClass:28 - validate homepage current url 
2023-09-30 22:15:01 INFO  LogerClass:26 - login with valid crendetial
2023-09-30 22:15:01 INFO  LogerClass:28 - validate homepage current url 
2023-09-30 22:15:01 INFO  LogerClass:26 - login with valid crendetial
2023-09-30 22:15:01 INFO  LogerClass:28 - validate homepage current url 
2023-09-30 22:15:01 INFO  LogerClass:26 - login with valid crendetial
2023-09-30 22:15:01 INFO  LogerClass:28 - validate homepage current url 
2023-09-30 22:15:01 INFO  LogerClass:26 - login with valid crendetial
2023-09-30 22:15:01 INFO  LogerClass:28 - validate homepage current url 
2023-09-30 22:15:01 INFO  LogerClass:26 - login with valid crendetial
2023-09-30 22:15:01 INFO  LogerClass:28 - validate homepage current url 
2023-09-30 22:15:01 INFO  LogerClass:26 - login with valid crendetial
2023-09-30 22:15:01 INFO  LogerClass:28 - validate homepage current url 
2023-09-30 22:15:01 INFO  LogerClass:26 - login with valid crendetial
2023-09-30 22:15:01 INFO  LogerClass:28 - validate homepage current url 
2023-09-30 22:15:01 INFO  LogerClass:26 - login with valid crendetial
2023-09-30 22:15:01 INFO  LogerClass:28 - validate homepage current url 
2023-09-30 22:15:01 INFO  LogerClass:26 - login with valid crendetial
2023-09-30 22:15:01 INFO  LogerClass:28 - validate homepage current url 
2023-09-30 22:15:01 INFO  LogerClass:26 - login with valid crendetial
2023-09-30 22:15:01 INFO  LogerClass:28 - validate homepage current url 
2023-09-30 22:15:01 INFO  LogerClass:26 - login with valid crendetial
2023-09-30 22:15:01 INFO  LogerClass:28 - validate homepage current url 
2023-09-30 22:15:01 INFO  LogerClass:26 - login with valid crendetial
2023-09-30 22:15:01 INFO  LogerClass:28 - validate homepage current url 
2023-09-30 22:15:01 INFO  LogerClass:26 - login with valid crendetial
2023-09-30 22:15:01 INFO  LogerClass:28 - validate homepage current url 
2023-09-30 22:15:01 INFO  LogerClass:26 - login with valid crendetial
2023-09-30 22:15:01 INFO  LogerClass:28 - validate homepage current url 
2023-09-30 22:15:01 INFO  LogerClass:26 - login with valid crendetial
2023-09-30 22:15:01 INFO  LogerClass:28 - validate homepage current url 
2023-09-30 22:15:01 INFO  LogerClass:26 - login with valid crendetial
2023-09-30 22:15:01 INFO  LogerClass:28 - validate homepage current url 
2023-09-30 22:15:01 INFO  LogerClass:26 - login with valid crendetial
2023-09-30 22:15:01 INFO  LogerClass:28 - validate homepage current url 
2023-09-30 22:15:01 INFO  LogerClass:26 - login with valid crendetial
2023-09-30 22:15:01 INFO  LogerClass:28 - validate homepage current url 
2023-09-30 22:15:01 INFO  LogerClass:26 - login with valid crendetial
2023-09-30 22:15:01 INFO  LogerClass:28 - validate homepage current url 
2023-09-30 22:15:01 INFO  LogerClass:26 - login with valid crendetial
2023-09-30 22:15:01 INFO  LogerClass:28 - validate homepage current url 
2023-09-30 22:15:01 INFO  LogerClass:26 - login with valid crendetial
2023-09-30 22:15:01 INFO  LogerClass:28 - validate homepage current url 
2023-09-30 22:15:01 INFO  LogerClass:26 - login with valid crendetial
2023-09-30 22:15:01 INFO  LogerClass:28 - validate homepage current url 
2023-09-30 22:15:01 INFO  LogerClass:26 - login with valid crendetial
2023-09-30 22:15:01 INFO  LogerClass:28 - validate homepage current url 
2023-09-30 22:15:01 INFO  LogerClass:26 - login with valid crendetial
2023-09-30 22:15:01 INFO  LogerClass:28 - validate homepage current url 
2023-09-30 22:15:01 INFO  LogerClass:26 - login with valid crendetial
2023-09-30 22:15:01 INFO  LogerClass:28 - validate homepage current url 
2023-09-30 22:15:01 INFO  LogerClass:26 - login with valid crendetial
2023-09-30 22:15:01 INFO  LogerClass:28 - validate homepage current url 
2023-09-30 22:15:01 INFO  LogerClass:26 - login with valid crendetial
2023-09-30 22:15:01 INFO  LogerClass:28 - validate homepage current url 
2023-09-30 22:15:01 INFO  LogerClass:26 - login with valid crendetial
2023-09-30 22:15:01 INFO  LogerClass:28 - validate homepage current url 
2023-09-30 22:15:01 INFO  LogerClass:26 - login with valid crendetial
2023-09-30 22:15:01 INFO  LogerClass:28 - validate homepage current url 
2023-09-30 22:15:01 INFO  LogerClass:26 - login with valid crendetial
2023-09-30 22:15:01 INFO  LogerClass:28 - validate homepage current url 
2023-09-30 22:15:01 INFO  LogerClass:26 - login with valid crendetial
2023-09-30 22:15:01 INFO  LogerClass:28 - validate homepage current url 
2023-09-30 22:15:01 INFO  LogerClass:26 - login with valid crendetial
2023-09-30 22:15:01 INFO  LogerClass:28 - validate homepage current url 
2023-09-30 22:15:01 INFO  LogerClass:26 - login with valid crendetial
2023-09-30 22:15:01 INFO  LogerClass:28 - validate homepage current url 
2023-09-30 22:15:01 INFO  LogerClass:26 - login with valid crendetial
2023-09-30 22:15:01 INFO  LogerClass:28 - validate homepage current url 
2023-09-30 22:15:01 INFO  LogerClass:26 - login with valid crendetial
2023-09-30 22:15:01 INFO  LogerClass:28 - validate homepage current url 
2023-09-30 22:15:01 INFO  LogerClass:26 - login with valid crendetial
2023-09-30 22:15:01 INFO  LogerClass:28 - validate homepage current url 
2023-09-30 22:15:01 INFO  LogerClass:26 - login with valid crendetial
2023-09-30 22:15:01 INFO  LogerClass:28 - validate homepage current url 
2023-09-30 22:15:01 INFO  LogerClass:26 - login with valid crendetial
2023-09-30 22:15:01 INFO  LogerClass:28 - validate homepage current url 
2023-09-30 22:15:01 INFO  LogerClass:26 - login with valid crendetial
2023-09-30 22:15:01 INFO  LogerClass:28 - validate homepage current url 
2023-09-30 22:15:01 INFO  LogerClass:26 - login with valid crendetial
2023-09-30 22:15:01 INFO  LogerClass:28 - validate homepage current url 
2023-09-30 22:15:01 INFO  LogerClass:26 - login with valid crendetial
2023-09-30 22:15:01 INFO  LogerClass:28 - validate homepage current url 
2023-09-30 22:15:01 INFO  LogerClass:26 - login with valid crendetial
2023-09-30 22:15:01 INFO  LogerClass:28 - validate homepage current url 
2023-09-30 22:15:01 INFO  LogerClass:26 - login with valid crendetial
2023-09-30 22:15:01 INFO  LogerClass:28 - validate homepage current url 
2023-09-30 22:15:01 INFO  LogerClass:26 - login with valid crendetial
2023-09-30 22:15:01 INFO  LogerClass:28 - validate homepage current url 
2023-09-30 22:15:01 INFO  LogerClass:26 - login with valid crendetial
2023-09-30 22:15:01 INFO  LogerClass:28 - validate homepage current url 
2023-09-30 22:15:01 INFO  LogerClass:26 - login with valid crendetial
2023-09-30 22:15:01 INFO  LogerClass:28 - validate homepage current url 
2023-09-30 22:15:01 INFO  LogerClass:26 - login with valid crendetial
2023-09-30 22:15:01 INFO  LogerClass:28 - validate homepage current url 
2023-09-30 22:15:01 INFO  LogerClass:26 - login with valid crendetial
2023-09-30 22:15:01 INFO  LogerClass:28 - validate homepage current url 
2023-09-30 22:15:01 INFO  LogerClass:26 - login with valid crendetial
2023-09-30 22:15:01 INFO  LogerClass:28 - validate homepage current url 
2023-09-30 22:15:01 INFO  LogerClass:26 - login with valid crendetial
2023-09-30 22:15:01 INFO  LogerClass:28 - validate homepage current url 
2023-09-30 22:15:01 INFO  LogerClass:26 - login with valid crendetial
2023-09-30 22:15:01 INFO  LogerClass:28 - validate homepage current url 
2023-09-30 22:15:01 INFO  LogerClass:26 - login with valid crendetial
2023-09-30 22:15:01 INFO  LogerClass:28 - validate homepage current url 
2023-09-30 22:15:01 INFO  LogerClass:26 - login with valid crendetial
2023-09-30 22:15:01 INFO  LogerClass:28 - validate homepage current url 
2023-09-30 22:15:01 INFO  LogerClass:26 - login with valid crendetial
2023-09-30 22:15:01 INFO  LogerClass:28 - validate homepage current url 
2023-09-30 22:15:01 INFO  LogerClass:26 - login with valid crendetial
2023-09-30 22:15:01 INFO  LogerClass:28 - validate homepage current url 
2023-09-30 22:15:01 INFO  LogerClass:26 - login with valid crendetial
2023-09-30 22:15:01 INFO  LogerClass:28 - validate homepage current url 
2023-09-30 22:15:01 INFO  LogerClass:26 - login with valid crendetial
2023-09-30 22:15:01 INFO  LogerClass:28 - validate homepage current url 
2023-09-30 22:15:01 INFO  LogerClass:26 - login with valid crendetial
2023-09-30 22:15:01 INFO  LogerClass:28 - validate homepage current url 
2023-09-30 22:15:01 INFO  LogerClass:26 - login with valid crendetial
2023-09-30 22:15:01 INFO  LogerClass:28 - validate homepage current url 
2023-09-30 22:15:01 INFO  LogerClass:26 - login with valid crendetial
2023-09-30 22:15:01 INFO  LogerClass:28 - validate homepage current url 
2023-09-30 22:15:01 INFO  LogerClass:26 - login with valid crendetial
2023-09-30 22:15:01 INFO  LogerClass:28 - validate homepage current url 
2023-09-30 22:15:01 INFO  LogerClass:26 - login with valid crendetial
2023-09-30 22:15:01 INFO  LogerClass:28 - validate homepage current url 
2023-09-30 22:15:01 INFO  LogerClass:26 - login with valid crendetial
2023-09-30 22:15:01 INFO  LogerClass:28 - validate homepage current url 
2023-09-30 22:15:01 INFO  LogerClass:26 - login with valid crendetial
2023-09-30 22:15:01 INFO  LogerClass:28 - validate homepage current url 
2023-09-30 22:15:01 INFO  LogerClass:26 - login with valid crendetial
2023-09-30 22:15:01 INFO  LogerClass:28 - validate homepage current url 
2023-09-30 22:15:01 INFO  LogerClass:26 - login with valid crendetial
2023-09-30 22:15:01 INFO  LogerClass:28 - validate homepage current url 
2023-09-30 22:15:01 INFO  LogerClass:26 - login with valid crendetial
2023-09-30 22:15:01 INFO  LogerClass:28 - validate homepage current url 
2023-09-30 22:15:01 INFO  LogerClass:26 - login with valid crendetial
2023-09-30 22:15:01 INFO  LogerClass:28 - validate homepage current url 
2023-09-30 22:15:01 INFO  LogerClass:26 - login with valid crendetial
2023-09-30 22:15:01 INFO  LogerClass:28 - validate homepage current url 
2023-09-30 22:15:01 INFO  LogerClass:26 - login with valid crendetial
2023-09-30 22:15:01 INFO  LogerClass:28 - validate homepage current url 
2023-09-30 22:15:01 INFO  LogerClass:26 - login with valid crendetial
2023-09-30 22:15:01 INFO  LogerClass:28 - validate homepage current url 
2023-09-30 22:15:01 INFO  LogerClass:26 - login with valid crendetial
2023-09-30 22:15:01 INFO  LogerClass:28 - validate homepage current url 
2023-09-30 22:15:01 INFO  LogerClass:26 - login with valid crendetial
2023-09-30 22:15:01 INFO  LogerClass:28 - validate homepage current url 
2023-09-30 22:15:01 INFO  LogerClass:26 - login with valid crendetial
2023-09-30 22:15:01 INFO  LogerClass:28 - validate homepage current url 
2023-09-30 22:15:01 INFO  LogerClass:26 - login with valid crendetial
2023-09-30 22:15:01 INFO  LogerClass:28 - validate homepage current url 
2023-09-30 22:15:01 INFO  LogerClass:26 - login with valid crendetial
2023-09-30 22:15:01 INFO  LogerClass:28 - validate homepage current url 
2023-09-30 22:15:01 INFO  LogerClass:26 - login with valid crendetial
2023-09-30 22:15:01 INFO  LogerClass:28 - validate homepage current url 
2023-09-30 22:15:01 INFO  LogerClass:26 - login with valid crendetial
2023-09-30 22:15:01 INFO  LogerClass:28 - validate homepage current url 
2023-09-30 22:15:01 INFO  LogerClass:26 - login with valid crendetial
2023-09-30 22:15:01 INFO  LogerClass:28 - validate homepage current url 
2023-09-30 22:15:01 INFO  LogerClass:26 - login with valid crendetial
2023-09-30 22:15:01 INFO  LogerClass:28 - validate homepage current url 
2023-09-30 22:15:01 INFO  LogerClass:26 - login with valid crendetial
2023-09-30 22:15:01 INFO  LogerClass:28 - validate homepage current url 
2023-09-30 22:15:01 INFO  LogerClass:26 - login with valid crendetial
2023-09-30 22:15:01 INFO  LogerClass:28 - validate homepage current url 
2023-09-30 22:15:01 INFO  LogerClass:26 - login with valid crendetial
2023-09-30 22:15:01 INFO  LogerClass:28 - validate homepage current url 
2023-09-30 22:15:01 INFO  LogerClass:26 - login with valid crendetial
2023-09-30 22:15:01 INFO  LogerClass:28 - validate homepage current url 
2023-09-30 22:15:01 INFO  LogerClass:26 - login with valid crendetial
2023-09-30 22:15:01 INFO  LogerClass:28 - validate homepage current url 
2023-09-30 22:15:01 INFO  LogerClass:26 - login with valid crendetial
2023-09-30 22:15:01 INFO  LogerClass:28 - validate homepage current url 
2023-09-30 22:15:01 INFO  LogerClass:26 - login with valid crendetial
2023-09-30 22:15:01 INFO  LogerClass:28 - validate homepage current url 
2023-09-30 22:15:01 INFO  LogerClass:26 - login with valid crendetial
2023-09-30 22:15:01 INFO  LogerClass:28 - validate homepage current url 
2023-09-30 22:15:01 INFO  LogerClass:26 - login with valid crendetial
2023-09-30 22:15:01 INFO  LogerClass:28 - validate homepage current url 
2023-09-30 22:15:01 INFO  LogerClass:26 - login with valid crendetial
2023-09-30 22:15:01 INFO  LogerClass:28 - validate homepage current url 
2023-09-30 22:15:01 INFO  LogerClass:26 - login with valid crendetial
2023-09-30 22:15:01 INFO  LogerClass:28 - validate homepage current url 
2023-09-30 22:15:01 INFO  LogerClass:26 - login with valid crendetial
2023-09-30 22:15:01 INFO  LogerClass:28 - validate homepage current url 
2023-09-30 22:15:01 INFO  LogerClass:26 - login with valid crendetial
2023-09-30 22:15:01 INFO  LogerClass:28 - validate homepage current url 
2023-09-30 22:15:01 INFO  LogerClass:26 - login with valid crendetial
2023-09-30 22:15:01 INFO  LogerClass:28 - validate homepage current url 
2023-09-30 22:15:01 INFO  LogerClass:26 - login with valid crendetial
2023-09-30 22:15:01 INFO  LogerClass:28 - validate homepage current url 
2023-09-30 22:15:01 INFO  LogerClass:26 - login with valid crendetial
2023-09-30 22:15:01 INFO  LogerClass:28 - validate homepage current url 
2023-09-30 22:15:01 INFO  LogerClass:26 - login with valid crendetial
2023-09-30 22:15:01 INFO  LogerClass:28 - validate homepage current url 
2023-09-30 22:15:01 INFO  LogerClass:26 - login with valid crendetial
2023-09-30 22:15:01 INFO  LogerClass:28 - validate homepage current url 
2023-09-30 22:15:01 INFO  LogerClass:26 - login with valid crendetial
2023-09-30 22:15:01 INFO  LogerClass:28 - validate homepage current url 
2023-09-30 22:15:01 INFO  LogerClass:26 - login with valid crendetial
2023-09-30 22:15:01 INFO  LogerClass:28 - validate homepage current url 
2023-09-30 22:15:01 INFO  LogerClass:26 - login with valid crendetial
2023-09-30 22:15:01 INFO  LogerClass:28 - validate homepage current url 
2023-09-30 22:15:01 INFO  LogerClass:26 - login with valid crendetial
2023-09-30 22:15:01 INFO  LogerClass:28 - validate homepage current url 
2023-09-30 22:15:01 INFO  LogerClass:26 - login with valid crendetial
2023-09-30 22:15:01 INFO  LogerClass:28 - validate homepage current url 
2023-09-30 22:15:01 INFO  LogerClass:26 - login with valid crendetial
2023-09-30 22:15:01 INFO  LogerClass:28 - validate homepage current url 
2023-09-30 22:15:01 INFO  LogerClass:26 - login with valid crendetial
2023-09-30 22:15:01 INFO  LogerClass:28 - validate homepage current url 
2023-09-30 22:15:01 INFO  LogerClass:26 - login with valid crendetial
2023-09-30 22:15:01 INFO  LogerClass:28 - validate homepage current url 
2023-09-30 22:15:01 INFO  LogerClass:26 - login with valid crendetial
2023-09-30 22:15:01 INFO  LogerClass:28 - validate homepage current url 
2023-09-30 22:15:01 INFO  LogerClass:26 - login with valid crendetial
2023-09-30 22:15:01 INFO  LogerClass:28 - validate homepage current url 
2023-09-30 22:15:01 INFO  LogerClass:26 - login with valid crendetial
2023-09-30 22:15:01 INFO  LogerClass:28 - validate homepage current url 
2023-09-30 22:15:01 INFO  LogerClass:26 - login with valid crendetial
2023-09-30 22:15:01 INFO  LogerClass:28 - validate homepage current url 
2023-09-30 22:15:01 INFO  LogerClass:26 - login with valid crendetial
2023-09-30 22:15:01 INFO  LogerClass:28 - validate homepage current url 
2023-09-30 22:15:01 INFO  LogerClass:26 - login with valid crendetial
2023-09-30 22:15:01 INFO  LogerClass:28 - validate homepage current url 
2023-09-30 22:15:01 INFO  LogerClass:26 - login with valid crendetial
2023-09-30 22:15:01 INFO  LogerClass:28 - validate homepage current url 
2023-09-30 22:15:01 INFO  LogerClass:26 - login with valid crendetial
2023-09-30 22:15:01 INFO  LogerClass:28 - validate homepage current url 
2023-09-30 22:15:01 INFO  LogerClass:26 - login with valid crendetial
2023-09-30 22:15:01 INFO  LogerClass:28 - validate homepage current url 
2023-09-30 22:15:01 INFO  LogerClass:26 - login with valid crendetial
2023-09-30 22:15:01 INFO  LogerClass:28 - validate homepage current url 
2023-09-30 22:15:01 INFO  LogerClass:26 - login with valid crendetial
2023-09-30 22:15:01 INFO  LogerClass:28 - validate homepage current url 
2023-09-30 22:15:01 INFO  LogerClass:26 - login with valid crendetial
2023-09-30 22:15:01 INFO  LogerClass:28 - validate homepage current url 
2023-09-30 22:15:01 INFO  LogerClass:26 - login with valid crendetial
2023-09-30 22:15:01 INFO  LogerClass:28 - validate homepage current url 
2023-09-30 22:15:01 INFO  LogerClass:26 - login with valid crendetial
2023-09-30 22:15:01 INFO  LogerClass:28 - validate homepage current url 
2023-09-30 22:15:01 INFO  LogerClass:26 - login with valid crendetial
2023-09-30 22:15:01 INFO  LogerClass:28 - validate homepage current url 
2023-09-30 22:15:01 INFO  LogerClass:26 - login with valid crendetial
2023-09-30 22:15:01 INFO  LogerClass:28 - validate homepage current url 
2023-09-30 22:15:01 INFO  LogerClass:26 - login with valid crendetial
2023-09-30 22:15:01 INFO  LogerClass:28 - validate homepage current url 
2023-09-30 22:15:01 INFO  LogerClass:26 - login with valid crendetial
2023-09-30 22:15:01 INFO  LogerClass:28 - validate homepage current url 
2023-09-30 22:15:01 INFO  LogerClass:26 - login with valid crendetial
2023-09-30 22:15:01 INFO  LogerClass:28 - validate homepage current url 
2023-09-30 22:15:01 INFO  LogerClass:26 - login with valid crendetial
2023-09-30 22:15:01 INFO  LogerClass:28 - validate homepage current url 
2023-09-30 22:15:01 INFO  LogerClass:26 - login with valid crendetial
2023-09-30 22:15:01 INFO  LogerClass:28 - validate homepage current url 
2023-09-30 22:15:01 INFO  LogerClass:26 - login with valid crendetial
2023-09-30 22:15:01 INFO  LogerClass:28 - validate homepage current url 
2023-09-30 22:15:01 INFO  LogerClass:26 - login with valid crendetial
2023-09-30 22:15:01 INFO  LogerClass:28 - validate homepage current url 
2023-09-30 22:15:01 INFO  LogerClass:26 - login with valid crendetial
2023-09-30 22:15:01 INFO  LogerClass:28 - validate homepage current url 
2023-09-30 22:15:01 INFO  LogerClass:26 - login with valid crendetial
2023-09-30 22:15:01 INFO  LogerClass:28 - validate homepage current url 
2023-09-30 22:15:01 INFO  LogerClass:26 - login with valid crendetial
2023-09-30 22:15:01 INFO  LogerClass:28 - validate homepage current url 
2023-09-30 22:15:01 INFO  LogerClass:26 - login with valid crendetial
2023-09-30 22:15:01 INFO  LogerClass:28 - validate homepage current url 
2023-09-30 22:15:01 INFO  LogerClass:26 - login with valid crendetial
2023-09-30 22:15:01 INFO  LogerClass:28 - validate homepage current url 
2023-09-30 22:15:01 INFO  LogerClass:26 - login with valid crendetial
2023-09-30 22:15:01 INFO  LogerClass:28 - validate homepage current url 
2023-09-30 22:15:01 INFO  LogerClass:26 - login with valid crendetial
2023-09-30 22:15:01 INFO  LogerClass:28 - validate homepage current url 
2023-09-30 22:15:01 INFO  LogerClass:26 - login with valid crendetial
2023-09-30 22:15:01 INFO  LogerClass:28 - validate homepage current url 
2023-09-30 22:15:01 INFO  LogerClass:26 - login with valid crendetial
2023-09-30 22:15:01 INFO  LogerClass:28 - validate homepage current url 
2023-09-30 22:15:01 INFO  LogerClass:26 - login with valid crendetial
2023-09-30 22:15:01 INFO  LogerClass:28 - validate homepage current url 
2023-09-30 22:15:01 INFO  LogerClass:26 - login with valid crendetial
2023-09-30 22:15:01 INFO  LogerClass:28 - validate homepage current url 
2023-09-30 22:15:01 INFO  LogerClass:26 - login with valid crendetial
2023-09-30 22:15:01 INFO  LogerClass:28 - validate homepage current url 
2023-09-30 22:15:01 INFO  LogerClass:26 - login with valid crendetial
2023-09-30 22:15:01 INFO  LogerClass:28 - validate homepage current url 
2023-09-30 22:15:01 INFO  LogerClass:26 - login with valid crendetial
2023-09-30 22:15:01 INFO  LogerClass:28 - validate homepage current url 
2023-09-30 22:15:01 INFO  LogerClass:26 - login with valid crendetial
2023-09-30 22:15:01 INFO  LogerClass:28 - validate homepage current url 
2023-09-30 22:15:01 INFO  LogerClass:26 - login with valid crendetial
2023-09-30 22:15:01 INFO  LogerClass:28 - validate homepage current url 
2023-09-30 22:15:01 INFO  LogerClass:26 - login with valid crendetial
2023-09-30 22:15:01 INFO  LogerClass:28 - validate homepage current url 
2023-09-30 22:15:01 INFO  LogerClass:26 - login with valid crendetial
2023-09-30 22:15:01 INFO  LogerClass:28 - validate homepage current url 
2023-09-30 22:15:01 INFO  LogerClass:26 - login with valid crendetial
2023-09-30 22:15:01 INFO  LogerClass:28 - validate homepage current url 
2023-09-30 22:15:01 INFO  LogerClass:26 - login with valid crendetial
2023-09-30 22:15:01 INFO  LogerClass:28 - validate homepage current url 
2023-09-30 22:15:01 INFO  LogerClass:26 - login with valid crendetial
2023-09-30 22:15:01 INFO  LogerClass:28 - validate homepage current url 
2023-09-30 22:15:01 INFO  LogerClass:26 - login with valid crendetial
2023-09-30 22:15:01 INFO  LogerClass:28 - validate homepage current url 
2023-09-30 22:15:01 INFO  LogerClass:26 - login with valid crendetial
2023-09-30 22:15:01 INFO  LogerClass:28 - validate homepage current url 
2023-09-30 22:15:01 INFO  LogerClass:26 - login with valid crendetial
2023-09-30 22:15:01 INFO  LogerClass:28 - validate homepage current url 
2023-09-30 22:15:01 INFO  LogerClass:26 - login with valid crendetial
2023-09-30 22:15:01 INFO  LogerClass:28 - validate homepage current url 
2023-09-30 22:15:04 INFO  LogerClass:26 - login with valid crendetial
2023-09-30 22:15:04 INFO  LogerClass:28 - validate homepage current url 
2023-09-30 22:15:04 INFO  LogerClass:26 - login with valid crendetial
2023-09-30 22:15:04 INFO  LogerClass:28 - validate homepage current url 
2023-09-30 22:15:04 INFO  LogerClass:26 - login with valid crendetial
2023-09-30 22:15:04 INFO  LogerClass:28 - validate homepage current url 
2023-09-30 22:15:04 INFO  LogerClass:26 - login with valid crendetial
2023-09-30 22:15:04 INFO  LogerClass:28 - validate homepage current url 
2023-09-30 22:15:04 INFO  LogerClass:26 - login with valid crendetial
2023-09-30 22:15:04 INFO  LogerClass:28 - validate homepage current url 
2023-09-30 22:15:04 INFO  LogerClass:26 - login with valid crendetial
2023-09-30 22:15:04 INFO  LogerClass:28 - validate homepage current url 
2023-09-30 22:15:04 INFO  LogerClass:26 - login with valid crendetial
2023-09-30 22:15:04 INFO  LogerClass:28 - validate homepage current url 
2023-09-30 22:15:04 INFO  LogerClass:26 - login with valid crendetial
2023-09-30 22:15:04 INFO  LogerClass:28 - validate homepage current url 
2023-09-30 22:15:04 INFO  LogerClass:26 - login with valid crendetial
2023-09-30 22:15:04 INFO  LogerClass:28 - validate homepage current url 
2023-09-30 22:15:04 INFO  LogerClass:26 - login with valid crendetial
2023-09-30 22:15:04 INFO  LogerClass:28 - validate homepage current url 
2023-09-30 22:15:04 INFO  LogerClass:26 - login with valid crendetial
2023-09-30 22:15:04 INFO  LogerClass:28 - validate homepage current url 
2023-09-30 22:15:04 INFO  LogerClass:26 - login with valid crendetial
2023-09-30 22:15:04 INFO  LogerClass:28 - validate homepage current url 
2023-09-30 22:15:04 INFO  LogerClass:26 - login with valid crendetial
2023-09-30 22:15:04 INFO  LogerClass:28 - validate homepage current url 
2023-09-30 22:15:04 INFO  LogerClass:26 - login with valid crendetial
2023-09-30 22:15:04 INFO  LogerClass:28 - validate homepage current url 
2023-09-30 22:15:04 INFO  LogerClass:26 - login with valid crendetial
2023-09-30 22:15:04 INFO  LogerClass:28 - validate homepage current url 
2023-09-30 22:15:04 INFO  LogerClass:26 - login with valid crendetial
2023-09-30 22:15:04 INFO  LogerClass:28 - validate homepage current url 
2023-09-30 22:15:04 INFO  LogerClass:26 - login with valid crendetial
2023-09-30 22:15:04 INFO  LogerClass:28 - validate homepage current url 
2023-09-30 22:15:04 INFO  LogerClass:26 - login with valid crendetial
2023-09-30 22:15:04 INFO  LogerClass:28 - validate homepage current url 
2023-09-30 22:15:04 INFO  LogerClass:26 - login with valid crendetial
2023-09-30 22:15:04 INFO  LogerClass:28 - validate homepage current url 
2023-09-30 22:15:04 INFO  LogerClass:26 - login with valid crendetial
2023-09-30 22:15:04 INFO  LogerClass:28 - validate homepage current url 
2023-09-30 22:15:04 INFO  LogerClass:26 - login with valid crendetial
2023-09-30 22:15:04 INFO  LogerClass:28 - validate homepage current url 
2023-09-30 22:15:04 INFO  LogerClass:26 - login with valid crendetial
2023-09-30 22:15:04 INFO  LogerClass:28 - validate homepage current url 
2023-09-30 22:15:04 INFO  LogerClass:26 - login with valid crendetial
2023-09-30 22:15:04 INFO  LogerClass:28 - validate homepage current url 
2023-09-30 22:15:04 INFO  LogerClass:26 - login with valid crendetial
2023-09-30 22:15:04 INFO  LogerClass:28 - validate homepage current url 
2023-09-30 22:15:04 INFO  LogerClass:26 - login with valid crendetial
2023-09-30 22:15:04 INFO  LogerClass:28 - validate homepage current url 
2023-09-30 22:15:04 INFO  LogerClass:26 - login with valid crendetial
2023-09-30 22:15:04 INFO  LogerClass:28 - validate homepage current url 
2023-09-30 22:15:04 INFO  LogerClass:26 - login with valid crendetial
2023-09-30 22:15:04 INFO  LogerClass:28 - validate homepage current url 
2023-09-30 22:15:04 INFO  LogerClass:26 - login with valid crendetial
2023-09-30 22:15:04 INFO  LogerClass:28 - validate homepage current url 
2023-09-30 22:15:04 INFO  LogerClass:26 - login with valid crendetial
2023-09-30 22:15:04 INFO  LogerClass:28 - validate homepage current url 
2023-09-30 22:15:04 INFO  LogerClass:26 - login with valid crendetial
2023-09-30 22:15:04 INFO  LogerClass:28 - validate homepage current url 
2023-09-30 22:15:04 INFO  LogerClass:26 - login with valid crendetial
2023-09-30 22:15:04 INFO  LogerClass:28 - validate homepage current url 
2023-09-30 22:15:04 INFO  LogerClass:26 - login with valid crendetial
2023-09-30 22:15:04 INFO  LogerClass:28 - validate homepage current url 
2023-09-30 22:15:04 INFO  LogerClass:26 - login with valid crendetial
2023-09-30 22:15:04 INFO  LogerClass:28 - validate homepage current url 
2023-09-30 22:15:04 INFO  LogerClass:26 - login with valid crendetial
2023-09-30 22:15:04 INFO  LogerClass:28 - validate homepage current url 
2023-09-30 22:15:04 INFO  LogerClass:26 - login with valid crendetial
2023-09-30 22:15:04 INFO  LogerClass:28 - validate homepage current url 
2023-09-30 22:15:04 INFO  LogerClass:26 - login with valid crendetial
2023-09-30 22:15:04 INFO  LogerClass:28 - validate homepage current url 
2023-09-30 22:15:04 INFO  LogerClass:26 - login with valid crendetial
2023-09-30 22:15:04 INFO  LogerClass:28 - validate homepage current url 
2023-09-30 22:15:04 INFO  LogerClass:26 - login with valid crendetial
2023-09-30 22:15:04 INFO  LogerClass:28 - validate homepage current url 
2023-09-30 22:15:04 INFO  LogerClass:26 - login with valid crendetial
2023-09-30 22:15:04 INFO  LogerClass:28 - validate homepage current url 
2023-09-30 22:15:04 INFO  LogerClass:26 - login with valid crendetial
2023-09-30 22:15:04 INFO  LogerClass:28 - validate homepage current url 
2023-09-30 22:15:04 INFO  LogerClass:26 - login with valid crendetial
2023-09-30 22:15:04 INFO  LogerClass:28 - validate homepage current url 
2023-09-30 22:15:04 INFO  LogerClass:26 - login with valid crendetial
2023-09-30 22:15:04 INFO  LogerClass:28 - validate homepage current url 
2023-09-30 22:15:04 INFO  LogerClass:26 - login with valid crendetial
2023-09-30 22:15:04 INFO  LogerClass:28 - validate homepage current url 
2023-09-30 22:15:04 INFO  LogerClass:26 - login with valid crendetial
2023-09-30 22:15:04 INFO  LogerClass:28 - validate homepage current url 
2023-09-30 22:15:04 INFO  LogerClass:26 - login with valid crendetial
2023-09-30 22:15:04 INFO  LogerClass:28 - validate homepage current url 
2023-09-30 22:15:04 INFO  LogerClass:26 - login with valid crendetial
2023-09-30 22:15:04 INFO  LogerClass:28 - validate homepage current url 
2023-09-30 22:15:04 INFO  LogerClass:26 - login with valid crendetial
2023-09-30 22:15:04 INFO  LogerClass:28 - validate homepage current url 
2023-09-30 22:15:04 INFO  LogerClass:26 - login with valid crendetial
2023-09-30 22:15:04 INFO  LogerClass:28 - validate homepage current url 
2023-09-30 22:15:04 INFO  LogerClass:26 - login with valid crendetial
2023-09-30 22:15:04 INFO  LogerClass:28 - validate homepage current url 
2023-09-30 22:15:04 INFO  LogerClass:26 - login with valid crendetial
2023-09-30 22:15:04 INFO  LogerClass:28 - validate homepage current url 
2023-09-30 22:15:04 INFO  LogerClass:26 - login with valid crendetial
2023-09-30 22:15:04 INFO  LogerClass:28 - validate homepage current url 
2023-09-30 22:15:04 INFO  LogerClass:26 - login with valid crendetial
2023-09-30 22:15:04 INFO  LogerClass:28 - validate homepage current url 
2023-09-30 22:15:04 INFO  LogerClass:26 - login with valid crendetial
2023-09-30 22:15:04 INFO  LogerClass:28 - validate homepage current url 
2023-09-30 22:15:04 INFO  LogerClass:26 - login with valid crendetial
2023-09-30 22:15:04 INFO  LogerClass:28 - validate homepage current url 
2023-09-30 22:15:04 INFO  LogerClass:26 - login with valid crendetial
2023-09-30 22:15:04 INFO  LogerClass:28 - validate homepage current url 
2023-09-30 22:15:04 INFO  LogerClass:26 - login with valid crendetial
2023-09-30 22:15:04 INFO  LogerClass:28 - validate homepage current url 
2023-09-30 22:15:04 INFO  LogerClass:26 - login with valid crendetial
2023-09-30 22:15:04 INFO  LogerClass:28 - validate homepage current url 
2023-09-30 22:15:04 INFO  LogerClass:26 - login with valid crendetial
2023-09-30 22:15:04 INFO  LogerClass:28 - validate homepage current url 
2023-09-30 22:15:04 INFO  LogerClass:26 - login with valid crendetial
2023-09-30 22:15:04 INFO  LogerClass:28 - validate homepage current url 
2023-09-30 22:15:04 INFO  LogerClass:26 - login with valid crendetial
2023-09-30 22:15:04 INFO  LogerClass:28 - validate homepage current url 
2023-09-30 22:15:04 INFO  LogerClass:26 - login with valid crendetial
2023-09-30 22:15:04 INFO  LogerClass:28 - validate homepage current url 
2023-09-30 22:15:04 INFO  LogerClass:26 - login with valid crendetial
2023-09-30 22:15:04 INFO  LogerClass:28 - validate homepage current url 
2023-09-30 22:15:04 INFO  LogerClass:26 - login with valid crendetial
2023-09-30 22:15:04 INFO  LogerClass:28 - validate homepage current url 
2023-09-30 22:15:04 INFO  LogerClass:26 - login with valid crendetial
2023-09-30 22:15:04 INFO  LogerClass:28 - validate homepage current url 
2023-09-30 22:15:04 INFO  LogerClass:26 - login with valid crendetial
2023-09-30 22:15:04 INFO  LogerClass:28 - validate homepage current url 
2023-09-30 22:15:04 INFO  LogerClass:26 - login with valid crendetial
2023-09-30 22:15:04 INFO  LogerClass:28 - validate homepage current url 
2023-09-30 22:15:04 INFO  LogerClass:26 - login with valid crendetial
2023-09-30 22:15:04 INFO  LogerClass:28 - validate homepage current url 
2023-09-30 22:15:04 INFO  LogerClass:26 - login with valid crendetial
2023-09-30 22:15:04 INFO  LogerClass:28 - validate homepage current url 
2023-09-30 22:15:04 INFO  LogerClass:26 - login with valid crendetial
2023-09-30 22:15:04 INFO  LogerClass:28 - validate homepage current url 
2023-09-30 22:15:04 INFO  LogerClass:26 - login with valid crendetial
2023-09-30 22:15:04 INFO  LogerClass:28 - validate homepage current url 
2023-09-30 22:15:04 INFO  LogerClass:26 - login with valid crendetial
2023-09-30 22:15:04 INFO  LogerClass:28 - validate homepage current url 
2023-09-30 22:15:04 INFO  LogerClass:26 - login with valid crendetial
2023-09-30 22:15:04 INFO  LogerClass:28 - validate homepage current url 
2023-09-30 22:15:04 INFO  LogerClass:26 - login with valid crendetial
2023-09-30 22:15:04 INFO  LogerClass:28 - validate homepage current url 
2023-09-30 22:15:04 INFO  LogerClass:26 - login with valid crendetial
2023-09-30 22:15:04 INFO  LogerClass:28 - validate homepage current url 
2023-09-30 22:15:04 INFO  LogerClass:26 - login with valid crendetial
2023-09-30 22:15:04 INFO  LogerClass:28 - validate homepage current url 
2023-09-30 22:15:04 INFO  LogerClass:26 - login with valid crendetial
2023-09-30 22:15:04 INFO  LogerClass:28 - validate homepage current url 
2023-09-30 22:15:04 INFO  LogerClass:26 - login with valid crendetial
2023-09-30 22:15:04 INFO  LogerClass:28 - validate homepage current url 
2023-09-30 22:15:04 INFO  LogerClass:26 - login with valid crendetial
2023-09-30 22:15:04 INFO  LogerClass:28 - validate homepage current url 
2023-09-30 22:15:04 INFO  LogerClass:26 - login with valid crendetial
2023-09-30 22:15:04 INFO  LogerClass:28 - validate homepage current url 
2023-09-30 22:15:04 INFO  LogerClass:26 - login with valid crendetial
2023-09-30 22:15:04 INFO  LogerClass:28 - validate homepage current url 
2023-09-30 22:15:04 INFO  LogerClass:26 - login with valid crendetial
2023-09-30 22:15:04 INFO  LogerClass:28 - validate homepage current url 
2023-09-30 22:15:04 INFO  LogerClass:26 - login with valid crendetial
2023-09-30 22:15:04 INFO  LogerClass:28 - validate homepage current url 
2023-09-30 22:15:04 INFO  LogerClass:26 - login with valid crendetial
2023-09-30 22:15:04 INFO  LogerClass:28 - validate homepage current url 
2023-09-30 22:15:04 INFO  LogerClass:26 - login with valid crendetial
2023-09-30 22:15:04 INFO  LogerClass:28 - validate homepage current url 
2023-09-30 22:15:04 INFO  LogerClass:26 - login with valid crendetial
2023-09-30 22:15:04 INFO  LogerClass:28 - validate homepage current url 
2023-09-30 22:15:04 INFO  LogerClass:26 - login with valid crendetial
2023-09-30 22:15:04 INFO  LogerClass:28 - validate homepage current url 
2023-09-30 22:15:04 INFO  LogerClass:26 - login with valid crendetial
2023-09-30 22:15:04 INFO  LogerClass:28 - validate homepage current url 
2023-09-30 22:15:04 INFO  LogerClass:26 - login with valid crendetial
2023-09-30 22:15:04 INFO  LogerClass:28 - validate homepage current url 
2023-09-30 22:15:04 INFO  LogerClass:26 - login with valid crendetial
2023-09-30 22:15:04 INFO  LogerClass:28 - validate homepage current url 
2023-09-30 22:15:04 INFO  LogerClass:26 - login with valid crendetial
2023-09-30 22:15:04 INFO  LogerClass:28 - validate homepage current url 
2023-09-30 22:15:04 INFO  LogerClass:26 - login with valid crendetial
2023-09-30 22:15:04 INFO  LogerClass:28 - validate homepage current url 
2023-09-30 22:15:04 INFO  LogerClass:26 - login with valid crendetial
2023-09-30 22:15:04 INFO  LogerClass:28 - validate homepage current url 
2023-09-30 22:15:04 INFO  LogerClass:26 - login with valid crendetial
2023-09-30 22:15:04 INFO  LogerClass:28 - validate homepage current url 
2023-09-30 22:15:04 INFO  LogerClass:26 - login with valid crendetial
2023-09-30 22:15:04 INFO  LogerClass:28 - validate homepage current url 
2023-09-30 22:15:04 INFO  LogerClass:26 - login with valid crendetial
2023-09-30 22:15:04 INFO  LogerClass:28 - validate homepage current url 
2023-09-30 22:15:04 INFO  LogerClass:26 - login with valid crendetial
2023-09-30 22:15:04 INFO  LogerClass:28 - validate homepage current url 
2023-09-30 22:15:04 INFO  LogerClass:26 - login with valid crendetial
2023-09-30 22:15:04 INFO  LogerClass:28 - validate homepage current url 
2023-09-30 22:15:04 INFO  LogerClass:26 - login with valid crendetial
2023-09-30 22:15:04 INFO  LogerClass:28 - validate homepage current url 
2023-09-30 22:15:04 INFO  LogerClass:26 - login with valid crendetial
2023-09-30 22:15:04 INFO  LogerClass:28 - validate homepage current url 
2023-09-30 22:15:04 INFO  LogerClass:26 - login with valid crendetial
2023-09-30 22:15:04 INFO  LogerClass:28 - validate homepage current url 
2023-09-30 22:15:04 INFO  LogerClass:26 - login with valid crendetial
2023-09-30 22:15:04 INFO  LogerClass:28 - validate homepage current url 
2023-09-30 22:15:04 INFO  LogerClass:26 - login with valid crendetial
2023-09-30 22:15:04 INFO  LogerClass:28 - validate homepage current url 
2023-09-30 22:15:04 INFO  LogerClass:26 - login with valid crendetial
2023-09-30 22:15:04 INFO  LogerClass:28 - validate homepage current url 
2023-09-30 22:15:04 INFO  LogerClass:26 - login with valid crendetial
2023-09-30 22:15:04 INFO  LogerClass:28 - validate homepage current url 
2023-09-30 22:15:04 INFO  LogerClass:26 - login with valid crendetial
2023-09-30 22:15:04 INFO  LogerClass:28 - validate homepage current url 
2023-09-30 22:15:04 INFO  LogerClass:26 - login with valid crendetial
2023-09-30 22:15:04 INFO  LogerClass:28 - validate homepage current url 
2023-09-30 22:15:04 INFO  LogerClass:26 - login with valid crendetial
2023-09-30 22:15:04 INFO  LogerClass:28 - validate homepage current url 
2023-09-30 22:15:04 INFO  LogerClass:26 - login with valid crendetial
2023-09-30 22:15:04 INFO  LogerClass:28 - validate homepage current url 
2023-09-30 22:15:04 INFO  LogerClass:26 - login with valid crendetial
2023-09-30 22:15:04 INFO  LogerClass:28 - validate homepage current url 
2023-09-30 22:15:04 INFO  LogerClass:26 - login with valid crendetial
2023-09-30 22:15:04 INFO  LogerClass:28 - validate homepage current url 
2023-09-30 22:15:04 INFO  LogerClass:26 - login with valid crendetial
2023-09-30 22:15:04 INFO  LogerClass:28 - validate homepage current url 
2023-09-30 22:15:04 INFO  LogerClass:26 - login with valid crendetial
2023-09-30 22:15:04 INFO  LogerClass:28 - validate homepage current url 
2023-09-30 22:15:04 INFO  LogerClass:26 - login with valid crendetial
2023-09-30 22:15:04 INFO  LogerClass:28 - validate homepage current url 
2023-09-30 22:15:04 INFO  LogerClass:26 - login with valid crendetial
2023-09-30 22:15:04 INFO  LogerClass:28 - validate homepage current url 
2023-09-30 22:15:04 INFO  LogerClass:26 - login with valid crendetial
2023-09-30 22:15:04 INFO  LogerClass:28 - validate homepage current url 
2023-09-30 22:15:04 INFO  LogerClass:26 - login with valid crendetial
2023-09-30 22:15:04 INFO  LogerClass:28 - validate homepage current url 
2023-09-30 22:15:04 INFO  LogerClass:26 - login with valid crendetial
2023-09-30 22:15:04 INFO  LogerClass:28 - validate homepage current url 
2023-09-30 22:15:04 INFO  LogerClass:26 - login with valid crendetial
2023-09-30 22:15:04 INFO  LogerClass:28 - validate homepage current url 
2023-09-30 22:15:04 INFO  LogerClass:26 - login with valid crendetial
2023-09-30 22:15:04 INFO  LogerClass:28 - validate homepage current url 
2023-09-30 22:15:04 INFO  LogerClass:26 - login with valid crendetial
2023-09-30 22:15:04 INFO  LogerClass:28 - validate homepage current url 
2023-09-30 22:15:04 INFO  LogerClass:26 - login with valid crendetial
2023-09-30 22:15:04 INFO  LogerClass:28 - validate homepage current url 
2023-09-30 22:15:04 INFO  LogerClass:26 - login with valid crendetial
2023-09-30 22:15:05 INFO  LogerClass:28 - validate homepage current url 
2023-09-30 22:15:05 INFO  LogerClass:26 - login with valid crendetial
2023-09-30 22:15:05 INFO  LogerClass:28 - validate homepage current url 
2023-09-30 22:15:05 INFO  LogerClass:26 - login with valid crendetial
2023-09-30 22:15:05 INFO  LogerClass:28 - validate homepage current url 
2023-09-30 22:15:05 INFO  LogerClass:26 - login with valid crendetial
2023-09-30 22:15:05 INFO  LogerClass:28 - validate homepage current url 
2023-09-30 22:15:05 INFO  LogerClass:26 - login with valid crendetial
2023-09-30 22:15:05 INFO  LogerClass:28 - validate homepage current url 
2023-09-30 22:15:05 INFO  LogerClass:26 - login with valid crendetial
2023-09-30 22:15:05 INFO  LogerClass:28 - validate homepage current url 
2023-09-30 22:15:05 INFO  LogerClass:26 - login with valid crendetial
2023-09-30 22:15:05 INFO  LogerClass:28 - validate homepage current url 
2023-09-30 22:15:05 INFO  LogerClass:26 - login with valid crendetial
2023-09-30 22:15:05 INFO  LogerClass:28 - validate homepage current url 
2023-09-30 22:15:05 INFO  LogerClass:26 - login with valid crendetial
2023-09-30 22:15:05 INFO  LogerClass:28 - validate homepage current url 
2023-09-30 22:15:05 INFO  LogerClass:26 - login with valid crendetial
2023-09-30 22:15:05 INFO  LogerClass:28 - validate homepage current url 
2023-09-30 22:15:05 INFO  LogerClass:26 - login with valid crendetial
2023-09-30 22:15:05 INFO  LogerClass:28 - validate homepage current url 
2023-09-30 22:15:05 INFO  LogerClass:26 - login with valid crendetial
2023-09-30 22:15:05 INFO  LogerClass:28 - validate homepage current url 
2023-09-30 22:15:05 INFO  LogerClass:26 - login with valid crendetial
2023-09-30 22:15:05 INFO  LogerClass:28 - validate homepage current url 
2023-09-30 22:15:05 INFO  LogerClass:26 - login with valid crendetial
2023-09-30 22:15:05 INFO  LogerClass:28 - validate homepage current url 
2023-09-30 22:15:05 INFO  LogerClass:26 - login with valid crendetial
2023-09-30 22:15:05 INFO  LogerClass:28 - validate homepage current url 
2023-09-30 22:15:05 INFO  LogerClass:26 - login with valid crendetial
2023-09-30 22:15:05 INFO  LogerClass:28 - validate homepage current url 
2023-09-30 22:15:05 INFO  LogerClass:26 - login with valid crendetial
2023-09-30 22:15:05 INFO  LogerClass:28 - validate homepage current url 
2023-09-30 22:15:05 INFO  LogerClass:26 - login with valid crendetial
2023-09-30 22:15:05 INFO  LogerClass:28 - validate homepage current url 
2023-09-30 22:15:05 INFO  LogerClass:26 - login with valid crendetial
2023-09-30 22:15:05 INFO  LogerClass:28 - validate homepage current url 
2023-09-30 22:15:05 INFO  LogerClass:26 - login with valid crendetial
2023-09-30 22:15:05 INFO  LogerClass:28 - validate homepage current url 
2023-09-30 22:15:05 INFO  LogerClass:26 - login with valid crendetial
2023-09-30 22:15:05 INFO  LogerClass:28 - validate homepage current url 
2023-09-30 22:15:05 INFO  LogerClass:26 - login with valid crendetial
2023-09-30 22:15:05 INFO  LogerClass:28 - validate homepage current url 
2023-09-30 22:15:05 INFO  LogerClass:26 - login with valid crendetial
2023-09-30 22:15:05 INFO  LogerClass:28 - validate homepage current url 
2023-09-30 22:15:05 INFO  LogerClass:26 - login with valid crendetial
2023-09-30 22:15:05 INFO  LogerClass:28 - validate homepage current url 
2023-09-30 22:15:05 INFO  LogerClass:26 - login with valid crendetial
2023-09-30 22:15:05 INFO  LogerClass:28 - validate homepage current url 
2023-09-30 22:15:05 INFO  LogerClass:26 - login with valid crendetial
2023-09-30 22:15:05 INFO  LogerClass:28 - validate homepage current url 
2023-09-30 22:15:05 INFO  LogerClass:26 - login with valid crendetial
2023-09-30 22:15:05 INFO  LogerClass:28 - validate homepage current url 
2023-09-30 22:15:05 INFO  LogerClass:26 - login with valid crendetial
2023-09-30 22:15:05 INFO  LogerClass:28 - validate homepage current url 
2023-09-30 22:15:05 INFO  LogerClass:26 - login with valid crendetial
2023-09-30 22:15:05 INFO  LogerClass:28 - validate homepage current url 
2023-09-30 22:15:05 INFO  LogerClass:26 - login with valid crendetial
2023-09-30 22:15:05 INFO  LogerClass:28 - validate homepage current url 
2023-09-30 22:15:05 INFO  LogerClass:26 - login with valid crendetial
2023-09-30 22:15:05 INFO  LogerClass:28 - validate homepage current url 
2023-09-30 22:15:05 INFO  LogerClass:26 - login with valid crendetial
2023-09-30 22:15:05 INFO  LogerClass:28 - validate homepage current url 
2023-09-30 22:15:05 INFO  LogerClass:26 - login with valid crendetial
2023-09-30 22:15:05 INFO  LogerClass:28 - validate homepage current url 
2023-09-30 22:15:05 INFO  LogerClass:26 - login with valid crendetial
2023-09-30 22:15:05 INFO  LogerClass:28 - validate homepage current url 
2023-09-30 22:15:05 INFO  LogerClass:26 - login with valid crendetial
2023-09-30 22:15:05 INFO  LogerClass:28 - validate homepage current url 
2023-09-30 22:15:05 INFO  LogerClass:26 - login with valid crendetial
2023-09-30 22:15:05 INFO  LogerClass:28 - validate homepage current url 
2023-09-30 22:15:05 INFO  LogerClass:26 - login with valid crendetial
2023-09-30 22:15:05 INFO  LogerClass:28 - validate homepage current url 
2023-09-30 22:15:05 INFO  LogerClass:26 - login with valid crendetial
2023-09-30 22:15:05 INFO  LogerClass:28 - validate homepage current url 
2023-09-30 22:15:05 INFO  LogerClass:26 - login with valid crendetial
2023-09-30 22:15:05 INFO  LogerClass:28 - validate homepage current url 
2023-09-30 22:15:05 INFO  LogerClass:26 - login with valid crendetial
2023-09-30 22:15:05 INFO  LogerClass:28 - validate homepage current url 
2023-09-30 22:15:05 INFO  LogerClass:26 - login with valid crendetial
2023-09-30 22:15:05 INFO  LogerClass:28 - validate homepage current url 
2023-09-30 22:15:05 INFO  LogerClass:26 - login with valid crendetial
2023-09-30 22:15:05 INFO  LogerClass:28 - validate homepage current url 
2023-09-30 22:15:05 INFO  LogerClass:26 - login with valid crendetial
2023-09-30 22:15:05 INFO  LogerClass:28 - validate homepage current url 
2023-09-30 22:15:05 INFO  LogerClass:26 - login with valid crendetial
2023-09-30 22:15:05 INFO  LogerClass:28 - validate homepage current url 
2023-09-30 22:15:05 INFO  LogerClass:26 - login with valid crendetial
2023-09-30 22:15:05 INFO  LogerClass:28 - validate homepage current url 
2023-09-30 22:15:05 INFO  LogerClass:26 - login with valid crendetial
2023-09-30 22:15:05 INFO  LogerClass:28 - validate homepage current url 
2023-09-30 22:15:05 INFO  LogerClass:26 - login with valid crendetial
2023-09-30 22:15:05 INFO  LogerClass:28 - validate homepage current url 
2023-09-30 22:15:05 INFO  LogerClass:26 - login with valid crendetial
2023-09-30 22:15:05 INFO  LogerClass:28 - validate homepage current url 
2023-09-30 22:15:05 INFO  LogerClass:26 - login with valid crendetial
2023-09-30 22:15:05 INFO  LogerClass:28 - validate homepage current url 
2023-09-30 22:15:05 INFO  LogerClass:26 - login with valid crendetial
2023-09-30 22:15:05 INFO  LogerClass:28 - validate homepage current url 
2023-09-30 22:15:05 INFO  LogerClass:26 - login with valid crendetial
2023-09-30 22:15:05 INFO  LogerClass:28 - validate homepage current url 
2023-09-30 22:15:05 INFO  LogerClass:26 - login with valid crendetial
2023-09-30 22:15:05 INFO  LogerClass:28 - validate homepage current url 
2023-09-30 22:15:05 INFO  LogerClass:26 - login with valid crendetial
2023-09-30 22:15:05 INFO  LogerClass:28 - validate homepage current url 
2023-09-30 22:15:05 INFO  LogerClass:26 - login with valid crendetial
2023-09-30 22:15:05 INFO  LogerClass:28 - validate homepage current url 
2023-09-30 22:15:05 INFO  LogerClass:26 - login with valid crendetial
2023-09-30 22:15:05 INFO  LogerClass:28 - validate homepage current url 
2023-09-30 22:15:05 INFO  LogerClass:26 - login with valid crendetial
2023-09-30 22:15:05 INFO  LogerClass:28 - validate homepage current url 
2023-09-30 22:15:05 INFO  LogerClass:26 - login with valid crendetial
2023-09-30 22:15:05 INFO  LogerClass:28 - validate homepage current url 
2023-09-30 22:15:05 INFO  LogerClass:26 - login with valid crendetial
2023-09-30 22:15:05 INFO  LogerClass:28 - validate homepage current url 
2023-09-30 22:15:05 INFO  LogerClass:26 - login with valid crendetial
2023-09-30 22:15:05 INFO  LogerClass:28 - validate homepage current url 
2023-09-30 22:15:05 INFO  LogerClass:26 - login with valid crendetial
2023-09-30 22:15:05 INFO  LogerClass:28 - validate homepage current url 
2023-09-30 22:15:05 INFO  LogerClass:26 - login with valid crendetial
2023-09-30 22:15:05 INFO  LogerClass:28 - validate homepage current url 
2023-09-30 22:15:05 INFO  LogerClass:26 - login with valid crendetial
2023-09-30 22:15:05 INFO  LogerClass:28 - validate homepage current url 
2023-09-30 22:15:05 INFO  LogerClass:26 - login with valid crendetial
2023-09-30 22:15:05 INFO  LogerClass:28 - validate homepage current url 
2023-09-30 22:15:05 INFO  LogerClass:26 - login with valid crendetial
2023-09-30 22:15:05 INFO  LogerClass:28 - validate homepage current url 
2023-09-30 22:15:05 INFO  LogerClass:26 - login with valid crendetial
2023-09-30 22:15:05 INFO  LogerClass:28 - validate homepage current url 
2023-09-30 22:15:05 INFO  LogerClass:26 - login with valid crendetial
2023-09-30 22:15:05 INFO  LogerClass:28 - validate homepage current url 
2023-09-30 22:15:05 INFO  LogerClass:26 - login with valid crendetial
2023-09-30 22:15:05 INFO  LogerClass:28 - validate homepage current url 
2023-09-30 22:15:05 INFO  LogerClass:26 - login with valid crendetial
2023-09-30 22:15:05 INFO  LogerClass:28 - validate homepage current url 
2023-09-30 22:15:05 INFO  LogerClass:26 - login with valid crendetial
2023-09-30 22:15:05 INFO  LogerClass:28 - validate homepage current url 
2023-09-30 22:15:05 INFO  LogerClass:26 - login with valid crendetial
2023-09-30 22:15:05 INFO  LogerClass:28 - validate homepage current url 
2023-09-30 22:15:05 INFO  LogerClass:26 - login with valid crendetial
2023-09-30 22:15:05 INFO  LogerClass:28 - validate homepage current url 
2023-09-30 22:15:05 INFO  LogerClass:26 - login with valid crendetial
2023-09-30 22:15:05 INFO  LogerClass:28 - validate homepage current url 
2023-09-30 22:15:05 INFO  LogerClass:26 - login with valid crendetial
2023-09-30 22:15:05 INFO  LogerClass:28 - validate homepage current url 
2023-09-30 22:15:05 INFO  LogerClass:26 - login with valid crendetial
2023-09-30 22:15:05 INFO  LogerClass:28 - validate homepage current url 
2023-09-30 22:15:05 INFO  LogerClass:26 - login with valid crendetial
2023-09-30 22:15:05 INFO  LogerClass:28 - validate homepage current url 
2023-09-30 22:15:05 INFO  LogerClass:26 - login with valid crendetial
2023-09-30 22:15:05 INFO  LogerClass:28 - validate homepage current url 
2023-09-30 22:15:05 INFO  LogerClass:26 - login with valid crendetial
2023-09-30 22:15:05 INFO  LogerClass:28 - validate homepage current url 
2023-09-30 22:15:05 INFO  LogerClass:26 - login with valid crendetial
2023-09-30 22:15:05 INFO  LogerClass:28 - validate homepage current url 
2023-09-30 22:15:05 INFO  LogerClass:26 - login with valid crendetial
2023-09-30 22:15:05 INFO  LogerClass:28 - validate homepage current url 
2023-09-30 22:15:05 INFO  LogerClass:26 - login with valid crendetial
2023-09-30 22:15:05 INFO  LogerClass:28 - validate homepage current url 
2023-09-30 22:15:05 INFO  LogerClass:26 - login with valid crendetial
2023-09-30 22:15:05 INFO  LogerClass:28 - validate homepage current url 
2023-09-30 22:15:05 INFO  LogerClass:26 - login with valid crendetial
2023-09-30 22:15:05 INFO  LogerClass:28 - validate homepage current url 
2023-09-30 22:15:05 INFO  LogerClass:26 - login with valid crendetial
2023-09-30 22:15:05 INFO  LogerClass:28 - validate homepage current url 
2023-09-30 22:15:05 INFO  LogerClass:26 - login with valid crendetial
2023-09-30 22:15:05 INFO  LogerClass:28 - validate homepage current url 
2023-09-30 22:15:05 INFO  LogerClass:26 - login with valid crendetial
2023-09-30 22:15:05 INFO  LogerClass:28 - validate homepage current url 
2023-09-30 22:15:05 INFO  LogerClass:26 - login with valid crendetial
2023-09-30 22:15:05 INFO  LogerClass:28 - validate homepage current url 
2023-09-30 22:15:05 INFO  LogerClass:26 - login with valid crendetial
2023-09-30 22:15:05 INFO  LogerClass:28 - validate homepage current url 
2023-09-30 22:15:05 INFO  LogerClass:26 - login with valid crendetial
2023-09-30 22:15:05 INFO  LogerClass:28 - validate homepage current url 
2023-09-30 22:15:05 INFO  LogerClass:26 - login with valid crendetial
2023-09-30 22:15:05 INFO  LogerClass:28 - validate homepage current url 
2023-09-30 22:15:05 INFO  LogerClass:26 - login with valid crendetial
2023-09-30 22:15:05 INFO  LogerClass:28 - validate homepage current url 
2023-09-30 22:15:05 INFO  LogerClass:26 - login with valid crendetial
2023-09-30 22:15:05 INFO  LogerClass:28 - validate homepage current url 
2023-09-30 22:15:05 INFO  LogerClass:26 - login with valid crendetial
2023-09-30 22:15:05 INFO  LogerClass:28 - validate homepage current url 
2023-09-30 22:15:05 INFO  LogerClass:26 - login with valid crendetial
2023-09-30 22:15:05 INFO  LogerClass:28 - validate homepage current url 
2023-09-30 22:15:05 INFO  LogerClass:26 - login with valid crendetial
2023-09-30 22:15:05 INFO  LogerClass:28 - validate homepage current url 
2023-09-30 22:15:05 INFO  LogerClass:26 - login with valid crendetial
2023-09-30 22:15:05 INFO  LogerClass:28 - validate homepage current url 
2023-09-30 22:15:05 INFO  LogerClass:26 - login with valid crendetial
2023-09-30 22:15:05 INFO  LogerClass:28 - validate homepage current url 
2023-09-30 22:15:05 INFO  LogerClass:26 - login with valid crendetial
2023-09-30 22:15:05 INFO  LogerClass:28 - validate homepage current url 
2023-09-30 22:15:05 INFO  LogerClass:26 - login with valid crendetial
2023-09-30 22:15:05 INFO  LogerClass:28 - validate homepage current url 
2023-09-30 22:15:05 INFO  LogerClass:26 - login with valid crendetial
2023-09-30 22:15:05 INFO  LogerClass:28 - validate homepage current url 
2023-09-30 22:15:05 INFO  LogerClass:26 - login with valid crendetial
2023-09-30 22:15:05 INFO  LogerClass:28 - validate homepage current url 
2023-09-30 22:15:05 INFO  LogerClass:26 - login with valid crendetial
2023-09-30 22:15:05 INFO  LogerClass:28 - validate homepage current url 
2023-09-30 22:15:05 INFO  LogerClass:26 - login with valid crendetial
2023-09-30 22:15:05 INFO  LogerClass:28 - validate homepage current url 
2023-09-30 22:15:05 INFO  LogerClass:26 - login with valid crendetial
2023-09-30 22:15:05 INFO  LogerClass:28 - validate homepage current url 
2023-09-30 22:15:05 INFO  LogerClass:26 - login with valid crendetial
2023-09-30 22:15:05 INFO  LogerClass:28 - validate homepage current url 
2023-09-30 22:15:05 INFO  LogerClass:26 - login with valid crendetial
2023-09-30 22:15:05 INFO  LogerClass:28 - validate homepage current url 
2023-09-30 22:15:05 INFO  LogerClass:26 - login with valid crendetial
2023-09-30 22:15:05 INFO  LogerClass:28 - validate homepage current url 
2023-09-30 22:15:05 INFO  LogerClass:26 - login with valid crendetial
2023-09-30 22:15:05 INFO  LogerClass:28 - validate homepage current url 
2023-09-30 22:15:05 INFO  LogerClass:26 - login with valid crendetial
2023-09-30 22:15:05 INFO  LogerClass:28 - validate homepage current url 
2023-09-30 22:15:05 INFO  LogerClass:26 - login with valid crendetial
2023-09-30 22:15:05 INFO  LogerClass:28 - validate homepage current url 
2023-09-30 22:15:05 INFO  LogerClass:26 - login with valid crendetial
2023-09-30 22:15:05 INFO  LogerClass:28 - validate homepage current url 
2023-09-30 22:15:05 INFO  LogerClass:26 - login with valid crendetial
2023-09-30 22:15:05 INFO  LogerClass:28 - validate homepage current url 
2023-09-30 22:15:05 INFO  LogerClass:26 - login with valid crendetial
2023-09-30 22:15:05 INFO  LogerClass:28 - validate homepage current url 
2023-09-30 22:15:05 INFO  LogerClass:26 - login with valid crendetial
2023-09-30 22:15:05 INFO  LogerClass:28 - validate homepage current url 
2023-09-30 22:15:05 INFO  LogerClass:26 - login with valid crendetial
2023-09-30 22:15:05 INFO  LogerClass:28 - validate homepage current url 
2023-09-30 22:15:05 INFO  LogerClass:26 - login with valid crendetial
2023-09-30 22:15:05 INFO  LogerClass:28 - validate homepage current url 
2023-09-30 22:15:05 INFO  LogerClass:26 - login with valid crendetial
2023-09-30 22:15:05 INFO  LogerClass:28 - validate homepage current url 
2023-09-30 22:15:05 INFO  LogerClass:26 - login with valid crendetial
2023-09-30 22:15:05 INFO  LogerClass:28 - validate homepage current url 
2023-09-30 22:15:05 INFO  LogerClass:26 - login with valid crendetial
2023-09-30 22:15:05 INFO  LogerClass:28 - validate homepage current url 
2023-09-30 22:15:05 INFO  LogerClass:26 - login with valid crendetial
2023-09-30 22:15:05 INFO  LogerClass:28 - validate homepage current url 
2023-09-30 22:15:05 INFO  LogerClass:26 - login with valid crendetial
2023-09-30 22:15:05 INFO  LogerClass:28 - validate homepage current url 
2023-09-30 22:15:05 INFO  LogerClass:26 - login with valid crendetial
2023-09-30 22:15:05 INFO  LogerClass:28 - validate homepage current url 
2023-09-30 22:15:05 INFO  LogerClass:26 - login with valid crendetial
2023-09-30 22:15:05 INFO  LogerClass:28 - validate homepage current url 
2023-09-30 22:15:05 INFO  LogerClass:26 - login with valid crendetial
2023-09-30 22:15:05 INFO  LogerClass:28 - validate homepage current url 
2023-09-30 22:15:05 INFO  LogerClass:26 - login with valid crendetial
2023-09-30 22:15:05 INFO  LogerClass:28 - validate homepage current url 
2023-09-30 22:15:05 INFO  LogerClass:26 - login with valid crendetial
2023-09-30 22:15:05 INFO  LogerClass:28 - validate homepage current url 
2023-09-30 22:15:05 INFO  LogerClass:26 - login with valid crendetial
2023-09-30 22:15:05 INFO  LogerClass:28 - validate homepage current url 
2023-09-30 22:15:05 INFO  LogerClass:26 - login with valid crendetial
2023-09-30 22:15:05 INFO  LogerClass:28 - validate homepage current url 
2023-09-30 22:15:05 INFO  LogerClass:26 - login with valid crendetial
2023-09-30 22:15:05 INFO  LogerClass:28 - validate homepage current url 
2023-09-30 22:15:05 INFO  LogerClass:26 - login with valid crendetial
2023-09-30 22:15:05 INFO  LogerClass:28 - validate homepage current url 
2023-09-30 22:15:05 INFO  LogerClass:26 - login with valid crendetial
2023-09-30 22:15:05 INFO  LogerClass:28 - validate homepage current url 
2023-09-30 22:15:05 INFO  LogerClass:26 - login with valid crendetial
2023-09-30 22:15:05 INFO  LogerClass:28 - validate homepage current url 
2023-09-30 22:15:05 INFO  LogerClass:26 - login with valid crendetial
2023-09-30 22:15:05 INFO  LogerClass:28 - validate homepage current url 
2023-09-30 22:15:05 INFO  LogerClass:26 - login with valid crendetial
2023-09-30 22:15:05 INFO  LogerClass:28 - validate homepage current url 
2023-09-30 22:15:05 INFO  LogerClass:26 - login with valid crendetial
2023-09-30 22:15:05 INFO  LogerClass:28 - validate homepage current url 
2023-09-30 22:15:05 INFO  LogerClass:26 - login with valid crendetial
2023-09-30 22:15:05 INFO  LogerClass:28 - validate homepage current url 
2023-09-30 22:15:05 INFO  LogerClass:26 - login with valid crendetial
2023-09-30 22:15:05 INFO  LogerClass:28 - validate homepage current url 
2023-09-30 22:15:05 INFO  LogerClass:26 - login with valid crendetial
2023-09-30 22:15:05 INFO  LogerClass:28 - validate homepage current url 
2023-09-30 22:15:05 INFO  LogerClass:26 - login with valid crendetial
2023-09-30 22:15:05 INFO  LogerClass:28 - validate homepage current url 
2023-09-30 22:15:05 INFO  LogerClass:26 - login with valid crendetial
2023-09-30 22:15:05 INFO  LogerClass:28 - validate homepage current url 
2023-09-30 22:15:05 INFO  LogerClass:26 - login with valid crendetial
2023-09-30 22:15:05 INFO  LogerClass:28 - validate homepage current url 
2023-09-30 22:15:05 INFO  LogerClass:26 - login with valid crendetial
2023-09-30 22:15:05 INFO  LogerClass:28 - validate homepage current url 
2023-09-30 22:15:05 INFO  LogerClass:26 - login with valid crendetial
2023-09-30 22:15:05 INFO  LogerClass:28 - validate homepage current url 
2023-09-30 22:15:05 INFO  LogerClass:26 - login with valid crendetial
2023-09-30 22:15:05 INFO  LogerClass:28 - validate homepage current url 
2023-09-30 22:15:05 INFO  LogerClass:26 - login with valid crendetial
2023-09-30 22:15:05 INFO  LogerClass:28 - validate homepage current url 
2023-09-30 22:15:05 INFO  LogerClass:26 - login with valid crendetial
2023-09-30 22:15:05 INFO  LogerClass:28 - validate homepage current url 
2023-09-30 22:15:05 INFO  LogerClass:26 - login with valid crendetial
2023-09-30 22:15:05 INFO  LogerClass:28 - validate homepage current url 
2023-09-30 22:15:05 INFO  LogerClass:26 - login with valid crendetial
2023-09-30 22:15:05 INFO  LogerClass:28 - validate homepage current url 
2023-09-30 22:15:05 INFO  LogerClass:26 - login with valid crendetial
2023-09-30 22:15:05 INFO  LogerClass:28 - validate homepage current url 
2023-09-30 22:15:05 INFO  LogerClass:26 - login with valid crendetial
2023-09-30 22:15:05 INFO  LogerClass:28 - validate homepage current url 
2023-09-30 22:15:05 INFO  LogerClass:26 - login with valid crendetial
2023-09-30 22:15:05 INFO  LogerClass:28 - validate homepage current url 
2023-09-30 22:15:05 INFO  LogerClass:26 - login with valid crendetial
2023-09-30 22:15:05 INFO  LogerClass:28 - validate homepage current url 
2023-09-30 22:15:05 INFO  LogerClass:26 - login with valid crendetial
2023-09-30 22:15:05 INFO  LogerClass:28 - validate homepage current url 
2023-09-30 22:15:05 INFO  LogerClass:26 - login with valid crendetial
2023-09-30 22:15:05 INFO  LogerClass:28 - validate homepage current url 
2023-09-30 22:15:05 INFO  LogerClass:26 - login with valid crendetial
2023-09-30 22:15:05 INFO  LogerClass:28 - validate homepage current url 
2023-09-30 22:15:05 INFO  LogerClass:26 - login with valid crendetial
2023-09-30 22:15:05 INFO  LogerClass:28 - validate homepage current url 
2023-09-30 22:15:05 INFO  LogerClass:26 - login with valid crendetial
2023-09-30 22:15:05 INFO  LogerClass:28 - validate homepage current url 
2023-09-30 22:15:05 INFO  LogerClass:26 - login with valid crendetial
2023-09-30 22:15:05 INFO  LogerClass:28 - validate homepage current url 
2023-09-30 22:15:05 INFO  LogerClass:26 - login with valid crendetial
2023-09-30 22:15:05 INFO  LogerClass:28 - validate homepage current url 
2023-09-30 22:15:05 INFO  LogerClass:26 - login with valid crendetial
2023-09-30 22:15:05 INFO  LogerClass:28 - validate homepage current url 
2023-09-30 22:15:05 INFO  LogerClass:26 - login with valid crendetial
2023-09-30 22:15:05 INFO  LogerClass:28 - validate homepage current url 
2023-09-30 22:15:05 INFO  LogerClass:26 - login with valid crendetial
2023-09-30 22:15:05 INFO  LogerClass:28 - validate homepage current url 
2023-09-30 22:15:05 INFO  LogerClass:26 - login with valid crendetial
2023-09-30 22:15:05 INFO  LogerClass:28 - validate homepage current url 
2023-09-30 22:15:05 INFO  LogerClass:26 - login with valid crendetial
2023-09-30 22:15:05 INFO  LogerClass:28 - validate homepage current url 
2023-09-30 22:15:05 INFO  LogerClass:26 - login with valid crendetial
2023-09-30 22:15:05 INFO  LogerClass:28 - validate homepage current url 
2023-09-30 22:15:05 INFO  LogerClass:26 - login with valid crendetial
2023-09-30 22:15:05 INFO  LogerClass:28 - validate homepage current url 
2023-09-30 22:15:05 INFO  LogerClass:26 - login with valid crendetial
2023-09-30 22:15:05 INFO  LogerClass:28 - validate homepage current url 
2023-09-30 22:15:05 INFO  LogerClass:26 - login with valid crendetial
2023-09-30 22:15:05 INFO  LogerClass:28 - validate homepage current url 
2023-09-30 22:15:05 INFO  LogerClass:26 - login with valid crendetial
2023-09-30 22:15:05 INFO  LogerClass:28 - validate homepage current url 
2023-09-30 22:15:05 INFO  LogerClass:26 - login with valid crendetial
2023-09-30 22:15:05 INFO  LogerClass:28 - validate homepage current url 
2023-09-30 22:15:05 INFO  LogerClass:26 - login with valid crendetial
2023-09-30 22:15:05 INFO  LogerClass:28 - validate homepage current url 
2023-09-30 22:15:05 INFO  LogerClass:26 - login with valid crendetial
2023-09-30 22:15:05 INFO  LogerClass:28 - validate homepage current url 
2023-09-30 22:15:05 INFO  LogerClass:26 - login with valid crendetial
2023-09-30 22:15:05 INFO  LogerClass:28 - validate homepage current url 
2023-09-30 22:15:05 INFO  LogerClass:26 - login with valid crendetial
2023-09-30 22:15:05 INFO  LogerClass:28 - validate homepage current url 
2023-09-30 22:15:05 INFO  LogerClass:26 - login with valid crendetial
2023-09-30 22:15:05 INFO  LogerClass:28 - validate homepage current url 
2023-09-30 22:15:05 INFO  LogerClass:26 - login with valid crendetial
2023-09-30 22:15:05 INFO  LogerClass:28 - validate homepage current url 
2023-09-30 22:15:05 INFO  LogerClass:26 - login with valid crendetial
2023-09-30 22:15:05 INFO  LogerClass:28 - validate homepage current url 
2023-09-30 22:15:05 INFO  LogerClass:26 - login with valid crendetial
2023-09-30 22:15:05 INFO  LogerClass:28 - validate homepage current url 
2023-09-30 22:15:05 INFO  LogerClass:26 - login with valid crendetial
2023-09-30 22:15:05 INFO  LogerClass:28 - validate homepage current url 
2023-09-30 22:15:05 INFO  LogerClass:26 - login with valid crendetial
2023-09-30 22:15:05 INFO  LogerClass:28 - validate homepage current url 
2023-09-30 22:15:05 INFO  LogerClass:26 - login with valid crendetial
2023-09-30 22:15:05 INFO  LogerClass:28 - validate homepage current url 
2023-09-30 22:15:05 INFO  LogerClass:26 - login with valid crendetial
2023-09-30 22:15:05 INFO  LogerClass:28 - validate homepage current url 
2023-09-30 22:15:05 INFO  LogerClass:26 - login with valid crendetial
2023-09-30 22:15:05 INFO  LogerClass:28 - validate homepage current url 
2023-09-30 22:15:05 INFO  LogerClass:26 - login with valid crendetial
2023-09-30 22:15:05 INFO  LogerClass:28 - validate homepage current url 
2023-09-30 22:15:05 INFO  LogerClass:26 - login with valid crendetial
2023-09-30 22:15:05 INFO  LogerClass:28 - validate homepage current url 
2023-09-30 22:15:05 INFO  LogerClass:26 - login with valid crendetial
2023-09-30 22:15:05 INFO  LogerClass:28 - validate homepage current url 
2023-09-30 22:15:05 INFO  LogerClass:26 - login with valid crendetial
2023-09-30 22:15:05 INFO  LogerClass:28 - validate homepage current url 
2023-09-30 22:15:05 INFO  LogerClass:26 - login with valid crendetial
2023-09-30 22:15:05 INFO  LogerClass:28 - validate homepage current url 
2023-09-30 22:15:05 INFO  LogerClass:26 - login with valid crendetial
2023-09-30 22:15:05 INFO  LogerClass:28 - validate homepage current url 
2023-09-30 22:15:05 INFO  LogerClass:26 - login with valid crendetial
2023-09-30 22:15:05 INFO  LogerClass:28 - validate homepage current url 
2023-09-30 22:15:05 INFO  LogerClass:26 - login with valid crendetial
2023-09-30 22:15:05 INFO  LogerClass:28 - validate homepage current url 
2023-09-30 22:15:05 INFO  LogerClass:26 - login with valid crendetial
2023-09-30 22:15:05 INFO  LogerClass:28 - validate homepage current url 
2023-09-30 22:15:05 INFO  LogerClass:26 - login with valid crendetial
2023-09-30 22:15:05 INFO  LogerClass:28 - validate homepage current url 
2023-09-30 22:15:05 INFO  LogerClass:26 - login with valid crendetial
2023-09-30 22:15:05 INFO  LogerClass:28 - validate homepage current url 
2023-09-30 22:15:05 INFO  LogerClass:26 - login with valid crendetial
2023-09-30 22:15:05 INFO  LogerClass:28 - validate homepage current url 
2023-09-30 22:15:05 INFO  LogerClass:26 - login with valid crendetial
2023-09-30 22:15:05 INFO  LogerClass:28 - validate homepage current url 
2023-09-30 22:15:05 INFO  LogerClass:26 - login with valid crendetial
2023-09-30 22:15:05 INFO  LogerClass:28 - validate homepage current url 
2023-09-30 22:15:05 INFO  LogerClass:26 - login with valid crendetial
2023-09-30 22:15:05 INFO  LogerClass:28 - validate homepage current url 
2023-09-30 22:15:05 INFO  LogerClass:26 - login with valid crendetial
2023-09-30 22:15:05 INFO  LogerClass:28 - validate homepage current url 
2023-09-30 22:15:05 INFO  LogerClass:26 - login with valid crendetial
2023-09-30 22:15:05 INFO  LogerClass:28 - validate homepage current url 
2023-09-30 22:15:05 INFO  LogerClass:26 - login with valid crendetial
2023-09-30 22:15:05 INFO  LogerClass:28 - validate homepage current url 
2023-09-30 22:15:05 INFO  LogerClass:26 - login with valid crendetial
2023-09-30 22:15:05 INFO  LogerClass:28 - validate homepage current url 
2023-09-30 22:15:05 INFO  LogerClass:26 - login with valid crendetial
2023-09-30 22:15:05 INFO  LogerClass:28 - validate homepage current url 
2023-09-30 22:15:05 INFO  LogerClass:26 - login with valid crendetial
2023-09-30 22:15:05 INFO  LogerClass:28 - validate homepage current url 
2023-09-30 22:15:05 INFO  LogerClass:26 - login with valid crendetial
2023-09-30 22:15:05 INFO  LogerClass:28 - validate homepage current url 
2023-09-30 22:15:05 INFO  LogerClass:26 - login with valid crendetial
2023-09-30 22:15:05 INFO  LogerClass:28 - validate homepage current url 
2023-09-30 22:15:05 INFO  LogerClass:26 - login with valid crendetial
2023-09-30 22:15:05 INFO  LogerClass:28 - validate homepage current url 
2023-09-30 22:15:05 INFO  LogerClass:26 - login with valid crendetial
2023-09-30 22:15:05 INFO  LogerClass:28 - validate homepage current url 
2023-09-30 22:15:05 INFO  LogerClass:26 - login with valid crendetial
2023-09-30 22:15:05 INFO  LogerClass:28 - validate homepage current url 
2023-09-30 22:15:05 INFO  LogerClass:26 - login with valid crendetial
2023-09-30 22:15:05 INFO  LogerClass:28 - validate homepage current url 
2023-09-30 22:15:05 INFO  LogerClass:26 - login with valid crendetial
2023-09-30 22:15:05 INFO  LogerClass:28 - validate homepage current url 
2023-09-30 22:15:05 INFO  LogerClass:26 - login with valid crendetial
2023-09-30 22:15:05 INFO  LogerClass:28 - validate homepage current url 
2023-09-30 22:15:05 INFO  LogerClass:26 - login with valid crendetial
2023-09-30 22:15:05 INFO  LogerClass:28 - validate homepage current url 
2023-09-30 22:15:05 INFO  LogerClass:26 - login with valid crendetial
2023-09-30 22:15:05 INFO  LogerClass:28 - validate homepage current url 
2023-09-30 22:15:05 INFO  LogerClass:26 - login with valid crendetial
2023-09-30 22:15:05 INFO  LogerClass:28 - validate homepage current url 
2023-09-30 22:15:05 INFO  LogerClass:26 - login with valid crendetial
2023-09-30 22:15:05 INFO  LogerClass:28 - validate homepage current url 
2023-09-30 22:15:05 INFO  LogerClass:26 - login with valid crendetial
2023-09-30 22:15:05 INFO  LogerClass:28 - validate homepage current url 
2023-09-30 22:15:05 INFO  LogerClass:26 - login with valid crendetial
2023-09-30 22:15:05 INFO  LogerClass:28 - validate homepage current url 
2023-09-30 22:15:05 INFO  LogerClass:26 - login with valid crendetial
2023-09-30 22:15:05 INFO  LogerClass:28 - validate homepage current url 
2023-09-30 22:15:05 INFO  LogerClass:26 - login with valid crendetial
2023-09-30 22:15:05 INFO  LogerClass:28 - validate homepage current url 
2023-09-30 22:15:05 INFO  LogerClass:26 - login with valid crendetial
2023-09-30 22:15:05 INFO  LogerClass:28 - validate homepage current url 
2023-09-30 22:15:05 INFO  LogerClass:26 - login with valid crendetial
2023-09-30 22:15:05 INFO  LogerClass:28 - validate homepage current url 
2023-09-30 22:15:05 INFO  LogerClass:26 - login with valid crendetial
2023-09-30 22:15:05 INFO  LogerClass:28 - validate homepage current url 
2023-09-30 22:15:05 INFO  LogerClass:26 - login with valid crendetial
2023-09-30 22:15:05 INFO  LogerClass:28 - validate homepage current url 
2023-09-30 22:15:05 INFO  LogerClass:26 - login with valid crendetial
2023-09-30 22:15:05 INFO  LogerClass:28 - validate homepage current url 
2023-09-30 22:15:05 INFO  LogerClass:26 - login with valid crendetial
2023-09-30 22:15:05 INFO  LogerClass:28 - validate homepage current url 
2023-09-30 22:15:05 INFO  LogerClass:26 - login with valid crendetial
2023-09-30 22:15:05 INFO  LogerClass:28 - validate homepage current url 
2023-09-30 22:15:05 INFO  LogerClass:26 - login with valid crendetial
2023-09-30 22:15:05 INFO  LogerClass:28 - validate homepage current url 
2023-09-30 22:15:05 INFO  LogerClass:26 - login with valid crendetial
2023-09-30 22:15:05 INFO  LogerClass:28 - validate homepage current url 
2023-09-30 22:15:05 INFO  LogerClass:26 - login with valid crendetial
2023-09-30 22:15:05 INFO  LogerClass:28 - validate homepage current url 
2023-09-30 22:15:05 INFO  LogerClass:26 - login with valid crendetial
2023-09-30 22:15:05 INFO  LogerClass:28 - validate homepage current url 
2023-09-30 22:15:05 INFO  LogerClass:26 - login with valid crendetial
2023-09-30 22:15:05 INFO  LogerClass:28 - validate homepage current url 
2023-09-30 22:15:05 INFO  LogerClass:26 - login with valid crendetial
2023-09-30 22:15:05 INFO  LogerClass:28 - validate homepage current url 
2023-09-30 22:15:05 INFO  LogerClass:26 - login with valid crendetial
2023-09-30 22:15:05 INFO  LogerClass:28 - validate homepage current url 
2023-09-30 22:15:05 INFO  LogerClass:26 - login with valid crendetial
2023-09-30 22:15:05 INFO  LogerClass:28 - validate homepage current url 
2023-09-30 22:15:05 INFO  LogerClass:26 - login with valid crendetial
2023-09-30 22:15:05 INFO  LogerClass:28 - validate homepage current url 
2023-09-30 22:15:05 INFO  LogerClass:26 - login with valid crendetial
2023-09-30 22:15:05 INFO  LogerClass:28 - validate homepage current url 
2023-09-30 22:15:05 INFO  LogerClass:26 - login with valid crendetial
2023-09-30 22:15:05 INFO  LogerClass:28 - validate homepage current url 
2023-09-30 22:15:05 INFO  LogerClass:26 - login with valid crendetial
2023-09-30 22:15:05 INFO  LogerClass:28 - validate homepage current url 
2023-09-30 22:15:05 INFO  LogerClass:26 - login with valid crendetial
2023-09-30 22:15:05 INFO  LogerClass:28 - validate homepage current url 
2023-09-30 22:15:05 INFO  LogerClass:26 - login with valid crendetial
2023-09-30 22:15:05 INFO  LogerClass:28 - validate homepage current url 
2023-09-30 22:15:05 INFO  LogerClass:26 - login with valid crendetial
2023-09-30 22:15:05 INFO  LogerClass:28 - validate homepage current url 
2023-09-30 22:15:05 INFO  LogerClass:26 - login with valid crendetial
2023-09-30 22:15:05 INFO  LogerClass:28 - validate homepage current url 
2023-09-30 22:15:05 INFO  LogerClass:26 - login with valid crendetial
2023-09-30 22:15:05 INFO  LogerClass:28 - validate homepage current url 
2023-09-30 22:15:05 INFO  LogerClass:26 - login with valid crendetial
2023-09-30 22:15:05 INFO  LogerClass:28 - validate homepage current url 
2023-09-30 22:15:05 INFO  LogerClass:26 - login with valid crendetial
2023-09-30 22:15:05 INFO  LogerClass:28 - validate homepage current url 
2023-09-30 22:15:05 INFO  LogerClass:26 - login with valid crendetial
2023-09-30 22:15:05 INFO  LogerClass:28 - validate homepage current url 
2023-09-30 22:15:05 INFO  LogerClass:26 - login with valid crendetial
2023-09-30 22:15:05 INFO  LogerClass:28 - validate homepage current url 
2023-09-30 22:15:05 INFO  LogerClass:26 - login with valid crendetial
2023-09-30 22:15:05 INFO  LogerClass:28 - validate homepage current url 
2023-09-30 22:15:05 INFO  LogerClass:26 - login with valid crendetial
2023-09-30 22:15:05 INFO  LogerClass:28 - validate homepage current url 
2023-09-30 22:15:05 INFO  LogerClass:26 - login with valid crendetial
2023-09-30 22:15:05 INFO  LogerClass:28 - validate homepage current url 
2023-09-30 22:15:05 INFO  LogerClass:26 - login with valid crendetial
2023-09-30 22:15:05 INFO  LogerClass:28 - validate homepage current url 
2023-09-30 22:15:05 INFO  LogerClass:26 - login with valid crendetial
2023-09-30 22:15:05 INFO  LogerClass:28 - validate homepage current url 
2023-09-30 22:15:05 INFO  LogerClass:26 - login with valid crendetial
2023-09-30 22:15:05 INFO  LogerClass:28 - validate homepage current url 
2023-09-30 22:15:05 INFO  LogerClass:26 - login with valid crendetial
2023-09-30 22:15:05 INFO  LogerClass:28 - validate homepage current url 
2023-09-30 22:15:05 INFO  LogerClass:26 - login with valid crendetial
2023-09-30 22:15:05 INFO  LogerClass:28 - validate homepage current url 
2023-09-30 22:15:05 INFO  LogerClass:26 - login with valid crendetial
2023-09-30 22:15:05 INFO  LogerClass:28 - validate homepage current url 
2023-09-30 22:15:05 INFO  LogerClass:26 - login with valid crendetial
2023-09-30 22:15:05 INFO  LogerClass:28 - validate homepage current url 
2023-09-30 22:15:05 INFO  LogerClass:26 - login with valid crendetial
2023-09-30 22:15:05 INFO  LogerClass:28 - validate homepage current url 
2023-09-30 22:15:05 INFO  LogerClass:26 - login with valid crendetial
2023-09-30 22:15:05 INFO  LogerClass:28 - validate homepage current url 
2023-09-30 22:15:05 INFO  LogerClass:26 - login with valid crendetial
2023-09-30 22:15:05 INFO  LogerClass:28 - validate homepage current url 
2023-09-30 22:15:05 INFO  LogerClass:26 - login with valid crendetial
2023-09-30 22:15:05 INFO  LogerClass:28 - validate homepage current url 
2023-09-30 22:15:05 INFO  LogerClass:26 - login with valid crendetial
2023-09-30 22:15:05 INFO  LogerClass:28 - validate homepage current url 
2023-09-30 22:15:05 INFO  LogerClass:26 - login with valid crendetial
2023-09-30 22:15:05 INFO  LogerClass:28 - validate homepage current url 
2023-09-30 22:15:05 INFO  LogerClass:26 - login with valid crendetial
2023-09-30 22:15:05 INFO  LogerClass:28 - validate homepage current url 
2023-09-30 22:15:05 INFO  LogerClass:26 - login with valid crendetial
2023-09-30 22:15:05 INFO  LogerClass:28 - validate homepage current url 
2023-09-30 22:15:05 INFO  LogerClass:26 - login with valid crendetial
2023-09-30 22:15:05 INFO  LogerClass:28 - validate homepage current url 
2023-09-30 22:15:05 INFO  LogerClass:26 - login with valid crendetial
2023-09-30 22:15:05 INFO  LogerClass:28 - validate homepage current url 
2023-09-30 22:15:05 INFO  LogerClass:26 - login with valid crendetial
2023-09-30 22:15:05 INFO  LogerClass:28 - validate homepage current url 
2023-09-30 22:15:05 INFO  LogerClass:26 - login with valid crendetial
2023-09-30 22:15:05 INFO  LogerClass:28 - validate homepage current url 
2023-09-30 22:15:05 INFO  LogerClass:26 - login with valid crendetial
2023-09-30 22:15:05 INFO  LogerClass:28 - validate homepage current url 
2023-09-30 22:15:05 INFO  LogerClass:26 - login with valid crendetial
2023-09-30 22:15:05 INFO  LogerClass:28 - validate homepage current url 
2023-09-30 22:15:05 INFO  LogerClass:26 - login with valid crendetial
2023-09-30 22:15:05 INFO  LogerClass:28 - validate homepage current url 
2023-09-30 22:15:05 INFO  LogerClass:26 - login with valid crendetial
2023-09-30 22:15:05 INFO  LogerClass:28 - validate homepage current url 
2023-09-30 22:15:05 INFO  LogerClass:26 - login with valid crendetial
2023-09-30 22:15:05 INFO  LogerClass:28 - validate homepage current url 
2023-09-30 22:15:05 INFO  LogerClass:26 - login with valid crendetial
2023-09-30 22:15:05 INFO  LogerClass:28 - validate homepage current url 
2023-09-30 22:15:05 INFO  LogerClass:26 - login with valid crendetial
2023-09-30 22:15:05 INFO  LogerClass:28 - validate homepage current url 
2023-09-30 22:15:05 INFO  LogerClass:26 - login with valid crendetial
2023-09-30 22:15:05 INFO  LogerClass:28 - validate homepage current url 
2023-09-30 22:15:05 INFO  LogerClass:26 - login with valid crendetial
2023-09-30 22:15:05 INFO  LogerClass:28 - validate homepage current url 
2023-09-30 22:15:05 INFO  LogerClass:26 - login with valid crendetial
2023-09-30 22:15:05 INFO  LogerClass:28 - validate homepage current url 
2023-09-30 22:15:05 INFO  LogerClass:26 - login with valid crendetial
2023-09-30 22:15:05 INFO  LogerClass:28 - validate homepage current url 
2023-09-30 22:15:05 INFO  LogerClass:26 - login with valid crendetial
2023-09-30 22:15:05 INFO  LogerClass:28 - validate homepage current url 
2023-09-30 22:15:05 INFO  LogerClass:26 - login with valid crendetial
2023-09-30 22:15:05 INFO  LogerClass:28 - validate homepage current url 
2023-09-30 22:15:05 INFO  LogerClass:26 - login with valid crendetial
2023-09-30 22:15:05 INFO  LogerClass:28 - validate homepage current url 
2023-09-30 22:15:05 INFO  LogerClass:26 - login with valid crendetial
2023-09-30 22:15:05 INFO  LogerClass:28 - validate homepage current url 
2023-09-30 22:15:05 INFO  LogerClass:26 - login with valid crendetial
2023-09-30 22:15:05 INFO  LogerClass:28 - validate homepage current url 
2023-09-30 22:15:05 INFO  LogerClass:26 - login with valid crendetial
2023-09-30 22:15:05 INFO  LogerClass:28 - validate homepage current url 
2023-09-30 22:15:05 INFO  LogerClass:26 - login with valid crendetial
2023-09-30 22:15:05 INFO  LogerClass:28 - validate homepage current url 
2023-09-30 22:15:05 INFO  LogerClass:26 - login with valid crendetial
2023-09-30 22:15:05 INFO  LogerClass:28 - validate homepage current url 
2023-09-30 22:15:05 INFO  LogerClass:26 - login with valid crendetial
2023-09-30 22:15:05 INFO  LogerClass:28 - validate homepage current url 
2023-09-30 22:15:05 INFO  LogerClass:26 - login with valid crendetial
2023-09-30 22:15:05 INFO  LogerClass:28 - validate homepage current url 
2023-09-30 22:15:05 INFO  LogerClass:26 - login with valid crendetial
2023-09-30 22:15:05 INFO  LogerClass:28 - validate homepage current url 
2023-09-30 22:15:05 INFO  LogerClass:26 - login with valid crendetial
2023-09-30 22:15:05 INFO  LogerClass:28 - validate homepage current url 
2023-09-30 22:15:05 INFO  LogerClass:26 - login with valid crendetial
2023-09-30 22:15:05 INFO  LogerClass:28 - validate homepage current url 
2023-09-30 22:15:05 INFO  LogerClass:26 - login with valid crendetial
2023-09-30 22:15:05 INFO  LogerClass:28 - validate homepage current url 
2023-09-30 22:15:05 INFO  LogerClass:26 - login with valid crendetial
2023-09-30 22:15:05 INFO  LogerClass:28 - validate homepage current url 
2023-09-30 22:15:05 INFO  LogerClass:26 - login with valid crendetial
2023-09-30 22:15:05 INFO  LogerClass:28 - validate homepage current url 
2023-09-30 22:15:05 INFO  LogerClass:26 - login with valid crendetial
2023-09-30 22:15:05 INFO  LogerClass:28 - validate homepage current url 
2023-09-30 22:15:05 INFO  LogerClass:26 - login with valid crendetial
2023-09-30 22:15:05 INFO  LogerClass:28 - validate homepage current url 
2023-09-30 22:15:05 INFO  LogerClass:26 - login with valid crendetial
2023-09-30 22:15:05 INFO  LogerClass:28 - validate homepage current url 
2023-09-30 22:15:05 INFO  LogerClass:26 - login with valid crendetial
2023-09-30 22:15:05 INFO  LogerClass:28 - validate homepage current url 
2023-09-30 22:15:05 INFO  LogerClass:26 - login with valid crendetial
2023-09-30 22:15:05 INFO  LogerClass:28 - validate homepage current url 
2023-09-30 22:15:05 INFO  LogerClass:26 - login with valid crendetial
2023-09-30 22:15:05 INFO  LogerClass:28 - validate homepage current url 
2023-09-30 22:15:05 INFO  LogerClass:26 - login with valid crendetial
2023-09-30 22:15:05 INFO  LogerClass:28 - validate homepage current url 
2023-09-30 22:15:05 INFO  LogerClass:26 - login with valid crendetial
2023-09-30 22:15:05 INFO  LogerClass:28 - validate homepage current url 
2023-09-30 22:15:05 INFO  LogerClass:26 - login with valid crendetial
2023-09-30 22:15:05 INFO  LogerClass:28 - validate homepage current url 
2023-09-30 22:15:05 INFO  LogerClass:26 - login with valid crendetial
2023-09-30 22:15:05 INFO  LogerClass:28 - validate homepage current url 
2023-09-30 22:15:05 INFO  LogerClass:26 - login with valid crendetial
2023-09-30 22:15:05 INFO  LogerClass:28 - validate homepage current url 
2023-09-30 22:15:05 INFO  LogerClass:26 - login with valid crendetial
2023-09-30 22:15:05 INFO  LogerClass:28 - validate homepage current url 
2023-09-30 22:15:05 INFO  LogerClass:26 - login with valid crendetial
2023-09-30 22:15:05 INFO  LogerClass:28 - validate homepage current url 
2023-09-30 22:15:05 INFO  LogerClass:26 - login with valid crendetial
2023-09-30 22:15:05 INFO  LogerClass:28 - validate homepage current url 
2023-09-30 22:15:05 INFO  LogerClass:26 - login with valid crendetial
2023-09-30 22:15:05 INFO  LogerClass:28 - validate homepage current url 
2023-09-30 22:15:05 INFO  LogerClass:26 - login with valid crendetial
2023-09-30 22:15:05 INFO  LogerClass:28 - validate homepage current url 
2023-09-30 22:15:05 INFO  LogerClass:26 - login with valid crendetial
2023-09-30 22:15:05 INFO  LogerClass:28 - validate homepage current url 
2023-09-30 22:15:05 INFO  LogerClass:26 - login with valid crendetial
2023-09-30 22:15:05 INFO  LogerClass:28 - validate homepage current url 
2023-09-30 22:15:05 INFO  LogerClass:26 - login with valid crendetial
2023-09-30 22:15:05 INFO  LogerClass:28 - validate homepage current url 
2023-09-30 22:15:05 INFO  LogerClass:26 - login with valid crendetial
2023-09-30 22:15:05 INFO  LogerClass:28 - validate homepage current url 
2023-09-30 22:15:05 INFO  LogerClass:26 - login with valid crendetial
2023-09-30 22:15:05 INFO  LogerClass:28 - validate homepage current url 
2023-09-30 22:15:05 INFO  LogerClass:26 - login with valid crendetial
2023-09-30 22:15:05 INFO  LogerClass:28 - validate homepage current url 
2023-09-30 22:15:05 INFO  LogerClass:26 - login with valid crendetial
2023-09-30 22:15:05 INFO  LogerClass:28 - validate homepage current url 
2023-09-30 22:15:05 INFO  LogerClass:26 - login with valid crendetial
2023-09-30 22:15:05 INFO  LogerClass:28 - validate homepage current url 
2023-09-30 22:15:05 INFO  LogerClass:26 - login with valid crendetial
2023-09-30 22:15:05 INFO  LogerClass:28 - validate homepage current url 
2023-09-30 22:15:05 INFO  LogerClass:26 - login with valid crendetial
2023-09-30 22:15:05 INFO  LogerClass:28 - validate homepage current url 
2023-09-30 22:15:05 INFO  LogerClass:26 - login with valid crendetial
2023-09-30 22:15:05 INFO  LogerClass:28 - validate homepage current url 
2023-09-30 22:15:05 INFO  LogerClass:26 - login with valid crendetial
2023-09-30 22:15:05 INFO  LogerClass:28 - validate homepage current url 
2023-09-30 22:15:05 INFO  LogerClass:26 - login with valid crendetial
2023-09-30 22:15:05 INFO  LogerClass:28 - validate homepage current url 
2023-09-30 22:15:05 INFO  LogerClass:26 - login with valid crendetial
2023-09-30 22:15:05 INFO  LogerClass:28 - validate homepage current url 
2023-09-30 22:15:05 INFO  LogerClass:26 - login with valid crendetial
2023-09-30 22:15:05 INFO  LogerClass:28 - validate homepage current url 
2023-09-30 22:15:05 INFO  LogerClass:26 - login with valid crendetial
2023-09-30 22:15:05 INFO  LogerClass:28 - validate homepage current url 
2023-09-30 22:15:05 INFO  LogerClass:26 - login with valid crendetial
2023-09-30 22:15:05 INFO  LogerClass:28 - validate homepage current url 
2023-09-30 22:15:05 INFO  LogerClass:26 - login with valid crendetial
2023-09-30 22:15:05 INFO  LogerClass:28 - validate homepage current url 
2023-09-30 22:15:05 INFO  LogerClass:26 - login with valid crendetial
2023-09-30 22:15:05 INFO  LogerClass:28 - validate homepage current url 
2023-09-30 22:15:05 INFO  LogerClass:26 - login with valid crendetial
2023-09-30 22:15:05 INFO  LogerClass:28 - validate homepage current url 
2023-09-30 22:15:05 INFO  LogerClass:26 - login with valid crendetial
2023-09-30 22:15:05 INFO  LogerClass:28 - validate homepage current url 
2023-09-30 22:15:05 INFO  LogerClass:26 - login with valid crendetial
2023-09-30 22:15:05 INFO  LogerClass:28 - validate homepage current url 
2023-09-30 22:15:05 INFO  LogerClass:26 - login with valid crendetial
2023-09-30 22:15:05 INFO  LogerClass:28 - validate homepage current url 
2023-09-30 22:15:05 INFO  LogerClass:26 - login with valid crendetial
2023-09-30 22:15:05 INFO  LogerClass:28 - validate homepage current url 
2023-09-30 22:15:05 INFO  LogerClass:26 - login with valid crendetial
2023-09-30 22:15:05 INFO  LogerClass:28 - validate homepage current url 
2023-09-30 22:15:05 INFO  LogerClass:26 - login with valid crendetial
2023-09-30 22:15:05 INFO  LogerClass:28 - validate homepage current url 
2023-09-30 22:15:05 INFO  LogerClass:26 - login with valid crendetial
2023-09-30 22:15:05 INFO  LogerClass:28 - validate homepage current url 
2023-09-30 22:15:05 INFO  LogerClass:26 - login with valid crendetial
2023-09-30 22:15:05 INFO  LogerClass:28 - validate homepage current url 
2023-09-30 22:15:05 INFO  LogerClass:26 - login with valid crendetial
2023-09-30 22:15:05 INFO  LogerClass:28 - validate homepage current url 
2023-09-30 22:15:05 INFO  LogerClass:26 - login with valid crendetial
2023-09-30 22:15:05 INFO  LogerClass:28 - validate homepage current url 
2023-09-30 22:15:05 INFO  LogerClass:26 - login with valid crendetial
2023-09-30 22:15:05 INFO  LogerClass:28 - validate homepage current url 
2023-09-30 22:15:05 INFO  LogerClass:26 - login with valid crendetial
2023-09-30 22:15:05 INFO  LogerClass:28 - validate homepage current url 
2023-09-30 22:15:05 INFO  LogerClass:26 - login with valid crendetial
2023-09-30 22:15:05 INFO  LogerClass:28 - validate homepage current url 
2023-09-30 22:15:05 INFO  LogerClass:26 - login with valid crendetial
2023-09-30 22:15:05 INFO  LogerClass:28 - validate homepage current url 
2023-09-30 22:15:05 INFO  LogerClass:26 - login with valid crendetial
2023-09-30 22:15:05 INFO  LogerClass:28 - validate homepage current url 
2023-09-30 22:15:05 INFO  LogerClass:26 - login with valid crendetial
2023-09-30 22:15:05 INFO  LogerClass:28 - validate homepage current url 
2023-09-30 22:15:05 INFO  LogerClass:26 - login with valid crendetial
2023-09-30 22:15:05 INFO  LogerClass:28 - validate homepage current url 
2023-09-30 22:15:05 INFO  LogerClass:26 - login with valid crendetial
2023-09-30 22:15:05 INFO  LogerClass:28 - validate homepage current url 
2023-09-30 22:15:05 INFO  LogerClass:26 - login with valid crendetial
2023-09-30 22:15:05 INFO  LogerClass:28 - validate homepage current url 
2023-09-30 22:15:05 INFO  LogerClass:26 - login with valid crendetial
2023-09-30 22:15:05 INFO  LogerClass:28 - validate homepage current url 
2023-09-30 22:15:05 INFO  LogerClass:26 - login with valid crendetial
2023-09-30 22:15:05 INFO  LogerClass:28 - validate homepage current url 
2023-09-30 22:15:05 INFO  LogerClass:26 - login with valid crendetial
2023-09-30 22:15:05 INFO  LogerClass:28 - validate homepage current url 
2023-09-30 22:15:05 INFO  LogerClass:26 - login with valid crendetial
2023-09-30 22:15:05 INFO  LogerClass:28 - validate homepage current url 
2023-09-30 22:15:05 INFO  LogerClass:26 - login with valid crendetial
2023-09-30 22:15:05 INFO  LogerClass:28 - validate homepage current url 
2023-09-30 22:15:05 INFO  LogerClass:26 - login with valid crendetial
2023-09-30 22:15:05 INFO  LogerClass:28 - validate homepage current url 
2023-09-30 22:15:05 INFO  LogerClass:26 - login with valid crendetial
2023-09-30 22:15:05 INFO  LogerClass:28 - validate homepage current url 
2023-09-30 22:15:05 INFO  LogerClass:26 - login with valid crendetial
2023-09-30 22:15:05 INFO  LogerClass:28 - validate homepage current url 
2023-09-30 22:15:05 INFO  LogerClass:26 - login with valid crendetial
2023-09-30 22:15:05 INFO  LogerClass:28 - validate homepage current url 
2023-09-30 22:15:05 INFO  LogerClass:26 - login with valid crendetial
2023-09-30 22:15:05 INFO  LogerClass:28 - validate homepage current url 
2023-09-30 22:15:05 INFO  LogerClass:26 - login with valid crendetial
2023-09-30 22:15:05 INFO  LogerClass:28 - validate homepage current url 
2023-09-30 22:15:05 INFO  LogerClass:26 - login with valid crendetial
2023-09-30 22:15:05 INFO  LogerClass:28 - validate homepage current url 
2023-09-30 22:15:05 INFO  LogerClass:26 - login with valid crendetial
2023-09-30 22:15:05 INFO  LogerClass:28 - validate homepage current url 
2023-09-30 22:15:05 INFO  LogerClass:26 - login with valid crendetial
2023-09-30 22:15:05 INFO  LogerClass:28 - validate homepage current url 
2023-09-30 22:15:05 INFO  LogerClass:26 - login with valid crendetial
2023-09-30 22:15:05 INFO  LogerClass:28 - validate homepage current url 
2023-09-30 22:15:05 INFO  LogerClass:26 - login with valid crendetial
2023-09-30 22:15:05 INFO  LogerClass:28 - validate homepage current url 
2023-09-30 22:15:05 INFO  LogerClass:26 - login with valid crendetial
2023-09-30 22:15:05 INFO  LogerClass:28 - validate homepage current url 
2023-09-30 22:15:05 INFO  LogerClass:26 - login with valid crendetial
2023-09-30 22:15:05 INFO  LogerClass:28 - validate homepage current url 
2023-09-30 22:15:05 INFO  LogerClass:26 - login with valid crendetial
2023-09-30 22:15:05 INFO  LogerClass:28 - validate homepage current url 
2023-09-30 22:15:05 INFO  LogerClass:26 - login with valid crendetial
2023-09-30 22:15:05 INFO  LogerClass:28 - validate homepage current url 
2023-09-30 22:15:05 INFO  LogerClass:26 - login with valid crendetial
2023-09-30 22:15:05 INFO  LogerClass:28 - validate homepage current url 
2023-09-30 22:15:05 INFO  LogerClass:26 - login with valid crendetial
2023-09-30 22:15:05 INFO  LogerClass:28 - validate homepage current url 
2023-09-30 22:15:05 INFO  LogerClass:26 - login with valid crendetial
2023-09-30 22:15:05 INFO  LogerClass:28 - validate homepage current url 
2023-09-30 22:15:05 INFO  LogerClass:26 - login with valid crendetial
2023-09-30 22:15:05 INFO  LogerClass:28 - validate homepage current url 
2023-09-30 22:15:05 INFO  LogerClass:26 - login with valid crendetial
2023-09-30 22:15:05 INFO  LogerClass:28 - validate homepage current url 
2023-09-30 22:15:05 INFO  LogerClass:26 - login with valid crendetial
2023-09-30 22:15:05 INFO  LogerClass:28 - validate homepage current url 
2023-09-30 22:15:05 INFO  LogerClass:26 - login with valid crendetial
2023-09-30 22:15:05 INFO  LogerClass:28 - validate homepage current url 
2023-09-30 22:15:05 INFO  LogerClass:26 - login with valid crendetial
2023-09-30 22:15:05 INFO  LogerClass:28 - validate homepage current url 
2023-09-30 22:15:05 INFO  LogerClass:26 - login with valid crendetial
2023-09-30 22:15:05 INFO  LogerClass:28 - validate homepage current url 
2023-09-30 22:15:05 INFO  LogerClass:26 - login with valid crendetial
2023-09-30 22:15:05 INFO  LogerClass:28 - validate homepage current url 
2023-09-30 22:15:05 INFO  LogerClass:26 - login with valid crendetial
2023-09-30 22:15:05 INFO  LogerClass:28 - validate homepage current url 
